Archive member included because of file (symbol)

.\ARM_GCC_493\Release\ADC_DAC.a(cyfitter_cfg.o)
                              .\ARM_GCC_493\Release\Cm3Start.o (cyfitter_cfg)
.\ARM_GCC_493\Release\ADC_DAC.a(LCD_Char_1.o)
                              .\ARM_GCC_493\Release\main.o (LCD_Char_1_Start)
.\ARM_GCC_493\Release\ADC_DAC.a(LCD_Char_1_CustChars.o)
                              .\ARM_GCC_493\Release\ADC_DAC.a(LCD_Char_1.o) (LCD_Char_1_customFonts)
.\ARM_GCC_493\Release\ADC_DAC.a(CyDmac.o)
                              .\ARM_GCC_493\Release\Cm3Start.o (CyDmacConfigure)
.\ARM_GCC_493\Release\ADC_DAC.a(CyLib.o)
                              .\ARM_GCC_493\Release\Cm3Start.o (CyResetStatus)
.\ARM_GCC_493\Release\ADC_DAC.a(cyPm.o)
                              .\ARM_GCC_493\Release\ADC_DAC.a(CyLib.o) (CyPmReadStatus)
.\ARM_GCC_493\Release\ADC_DAC.a(ADC_SAR_1.o)
                              .\ARM_GCC_493\Release\main.o (ADC_SAR_1_Start)
.\ARM_GCC_493\Release\ADC_DAC.a(ADC_SAR_1_INT.o)
                              .\ARM_GCC_493\Release\ADC_DAC.a(ADC_SAR_1.o) (ADC_SAR_1_ISR)
.\ARM_GCC_493\Release\ADC_DAC.a(Opamp_1.o)
                              .\ARM_GCC_493\Release\main.o (Opamp_1_Start)
.\ARM_GCC_493\Release\ADC_DAC.a(Opamp_2.o)
                              .\ARM_GCC_493\Release\main.o (Opamp_2_Start)
.\ARM_GCC_493\Release\ADC_DAC.a(Filter.o)
                              .\ARM_GCC_493\Release\main.o (Filter_Start)
.\ARM_GCC_493\Release\ADC_DAC.a(Filter_PVT.o)
                              .\ARM_GCC_493\Release\ADC_DAC.a(Filter.o) (Filter_SetInterruptMode)
.\ARM_GCC_493\Release\ADC_DAC.a(Filter_RAM_Data.o)
                              .\ARM_GCC_493\Release\ADC_DAC.a(Filter.o) (Filter_control)
.\ARM_GCC_493\Release\ADC_DAC.a(SPI_DAC.o)
                              .\ARM_GCC_493\Release\main.o (SPI_DAC_Start)
.\ARM_GCC_493\Release\ADC_DAC.a(SPI_DAC_IntClock.o)
                              .\ARM_GCC_493\Release\ADC_DAC.a(SPI_DAC.o) (SPI_DAC_IntClock_Start)
.\ARM_GCC_493\Release\ADC_DAC.a(ADC_1_OUT_LSB.o)
                              .\ARM_GCC_493\Release\main.o (ADC_1_OUT_LSB_Write)
.\ARM_GCC_493\Release\ADC_DAC.a(ADC_1_OUT_MSB.o)
                              .\ARM_GCC_493\Release\main.o (ADC_1_OUT_MSB_Write)
.\ARM_GCC_493\Release\ADC_DAC.a(DAC_IN_MSB.o)
                              .\ARM_GCC_493\Release\main.o (DAC_IN_MSB_Read)
.\ARM_GCC_493\Release\ADC_DAC.a(DAC_IN_LSB.o)
                              .\ARM_GCC_493\Release\main.o (DAC_IN_LSB_Read)
.\ARM_GCC_493\Release\ADC_DAC.a(PWM_ADC_CK.o)
                              .\ARM_GCC_493\Release\main.o (PWM_ADC_CK_Start)
.\ARM_GCC_493\Release\ADC_DAC.a(PWM_11.o)
                              .\ARM_GCC_493\Release\main.o (PWM_11_Start)
.\ARM_GCC_493\Release\ADC_DAC.a(PWM_7.o)
                              .\ARM_GCC_493\Release\main.o (PWM_7_Start)
.\ARM_GCC_493\Release\ADC_DAC.a(PWM_9.o)
                              .\ARM_GCC_493\Release\main.o (PWM_9_Start)
.\ARM_GCC_493\Release\ADC_DAC.a(PWM_8.o)
                              .\ARM_GCC_493\Release\main.o (PWM_8_Start)
.\ARM_GCC_493\Release\ADC_DAC.a(PWM_6.o)
                              .\ARM_GCC_493\Release\main.o (PWM_6_Start)
.\ARM_GCC_493\Release\ADC_DAC.a(PWM_10.o)
                              .\ARM_GCC_493\Release\main.o (PWM_10_Start)
.\ARM_GCC_493\Release\ADC_DAC.a(PWM_4.o)
                              .\ARM_GCC_493\Release\main.o (PWM_4_Start)
.\ARM_GCC_493\Release\ADC_DAC.a(PWM_5.o)
                              .\ARM_GCC_493\Release\main.o (PWM_5_Start)
.\ARM_GCC_493\Release\ADC_DAC.a(ADC_SAR_Seq.o)
                              .\ARM_GCC_493\Release\main.o (ADC_SAR_Seq_Start)
.\ARM_GCC_493\Release\ADC_DAC.a(ADC_SAR_Seq_INT.o)
                              .\ARM_GCC_493\Release\ADC_DAC.a(ADC_SAR_Seq.o) (ADC_SAR_Seq_ISR)
.\ARM_GCC_493\Release\ADC_DAC.a(ADC_SAR_Seq_SAR.o)
                              .\ARM_GCC_493\Release\ADC_DAC.a(ADC_SAR_Seq.o) (ADC_SAR_Seq_SAR_shift)
.\ARM_GCC_493\Release\ADC_DAC.a(ADC_SAR_Seq_TempBuf_dma.o)
                              .\ARM_GCC_493\Release\ADC_DAC.a(ADC_SAR_Seq.o) (ADC_SAR_Seq_TempBuf_DmaInitialize)
.\ARM_GCC_493\Release\ADC_DAC.a(ADC_SAR_Seq_FinalBuf_dma.o)
                              .\ARM_GCC_493\Release\ADC_DAC.a(ADC_SAR_Seq.o) (ADC_SAR_Seq_FinalBuf_DmaInitialize)
.\ARM_GCC_493\Release\ADC_DAC.a(ADC_SAR_Seq_IRQ.o)
                              .\ARM_GCC_493\Release\ADC_DAC.a(ADC_SAR_Seq.o) (ADC_SAR_Seq_IRQ_SetVector)
.\ARM_GCC_493\Release\ADC_DAC.a(DIV_MASK_MSB.o)
                              .\ARM_GCC_493\Release\main.o (DIV_MASK_MSB_Write)
.\ARM_GCC_493\Release\ADC_DAC.a(DIV_MASK_LSB.o)
                              .\ARM_GCC_493\Release\main.o (DIV_MASK_LSB_Write)
.\ARM_GCC_493\Release\ADC_DAC.a(CyBootAsmGnu.o)
                              .\ARM_GCC_493\Release\ADC_DAC.a(cyfitter_cfg.o) (CyDelayCycles)
.\ARM_GCC_493\Release\ADC_DAC.a(CyFlash.o)
[...]
Memory Configuration

Name             Origin             Length             Attributes
rom              0x00000000         0x00040000         xr
ram              0x1fff8000         0x00010000         xrw
*default*        0x00000000         0xffffffff

Linker script and memory map

LOAD c:/program files (x86)/cypress/psoc creator/4.0/psoc creator/import/gnu/arm/4.9.3/bin/../lib/gcc/arm-none-eabi/4.9.3/armv7-m/crti.o
LOAD c:/program files (x86)/cypress/psoc creator/4.0/psoc creator/import/gnu/arm/4.9.3/bin/../lib/gcc/arm-none-eabi/4.9.3/armv7-m/crtbegin.o
LOAD c:/program files (x86)/cypress/psoc creator/4.0/psoc creator/import/gnu/arm/4.9.3/bin/../lib/gcc/arm-none-eabi/4.9.3/../../../../arm-none-eabi/lib/armv7-m/crt0.o
START GROUP
LOAD .\ARM_GCC_493\Release\main.o
LOAD .\ARM_GCC_493\Release\cymetadata.o
LOAD .\ARM_GCC_493\Release\Cm3Start.o
LOAD .\ARM_GCC_493\Release\ADC_DAC.a
LOAD C:\Program Files (x86)\Cypress\PSoC Creator\4.0\PSoC Creator\psoc\content\cycomponentlibrary\CyComponentLibrary.cylib\CortexM3\ARM_GCC_493\Release\CyComponentLibrary.a
END GROUP
START GROUP
LOAD c:/program files (x86)/cypress/psoc creator/4.0/psoc creator/import/gnu/arm/4.9.3/bin/../lib/gcc/arm-none-eabi/4.9.3/armv7-m\libgcc.a
LOAD c:/program files (x86)/cypress/psoc creator/4.0/psoc creator/import/gnu/arm/4.9.3/bin/../lib/gcc/arm-none-eabi/4.9.3/../../../../arm-none-eabi/lib/armv7-m\libg_nano.a
LOAD c:/program files (x86)/cypress/psoc creator/4.0/psoc creator/import/gnu/arm/4.9.3/bin/../lib/gcc/arm-none-eabi/4.9.3/../../../../arm-none-eabi/lib/armv7-m\libc_nano.a
END GROUP
START GROUP
LOAD c:/program files (x86)/cypress/psoc creator/4.0/psoc creator/import/gnu/arm/4.9.3/bin/../lib/gcc/arm-none-eabi/4.9.3/armv7-m\libgcc.a
LOAD c:/program files (x86)/cypress/psoc creator/4.0/psoc creator/import/gnu/arm/4.9.3/bin/../lib/gcc/arm-none-eabi/4.9.3/../../../../arm-none-eabi/lib/armv7-m\libc_nano.a
END GROUP
LOAD c:/program files (x86)/cypress/psoc creator/4.0/psoc creator/import/gnu/arm/4.9.3/bin/../lib/gcc/arm-none-eabi/4.9.3/armv7-m/crtend.o
LOAD c:/program files (x86)/cypress/psoc creator/4.0/psoc creator/import/gnu/arm/4.9.3/bin/../lib/gcc/arm-none-eabi/4.9.3/armv7-m/crtn.o
START GROUP
LOAD c:/program files (x86)/cypress/psoc creator/4.0/psoc creator/import/gnu/arm/4.9.3/bin/../lib/gcc/arm-none-eabi/4.9.3/armv7-m\libgcc.a
LOAD c:/program files (x86)/cypress/psoc creator/4.0/psoc creator/import/gnu/arm/4.9.3/bin/../lib/gcc/arm-none-eabi/4.9.3/../../../../arm-none-eabi/lib/armv7-m\libc.a
LOAD c:/program files (x86)/cypress/psoc creator/4.0/psoc creator/import/gnu/arm/4.9.3/bin/../lib/gcc/arm-none-eabi/4.9.3/../../../../arm-none-eabi/lib/armv7-m\libnosys.a
END GROUP
                0x00000000                CY_APPL_ORIGIN = 0x0
                0x00000100                CY_FLASH_ROW_SIZE = 0x100
                0x00000020                CY_ECC_ROW_SIZE = 0x20
                0x00000000                CY_EE_IN_BTLDR = 0x0
                0x00000000                CY_APPL_LOADABLE = 0x0
                0x00000800                CY_EE_SIZE = 0x800
                0x00000001                CY_APPL_NUM = 0x1
                0x00000001                CY_APPL_MAX = 0x1
                0x00000040                CY_METADATA_SIZE = 0x40
                0x00000000                CY_APPL_LOADABLE = 0x0
                0x00000000                CY_CHECKSUM_EXCLUDE_SIZE = ALIGN (0x0, CY_FLASH_ROW_SIZE)
                0x1fff8208                PROVIDE (__cy_heap_start, _end)
                0x00000001                PROVIDE (__cy_region_num, ((__cy_regions_end - __cy_regions) / 0x10))
                0x20008000                PROVIDE (__cy_stack, (ORIGIN (ram) + 0x10000))
                0x20007800                PROVIDE (__cy_heap_end, (__cy_stack - 0x800))

.cybootloader   0x00000000        0x0
 *(.cybootloader)
                0x00000000                appl1_start = CY_APPL_ORIGIN?CY_APPL_ORIGIN:ALIGN (CY_FLASH_ROW_SIZE)
                0x0001ff00                appl2_start = (appl1_start + ALIGN ((((0x40000 - appl1_start) - (0x2 * CY_FLASH_ROW_SIZE)) / 0x2), CY_FLASH_ROW_SIZE))
                0x00000000                appl_start = (CY_APPL_NUM == 0x1)?appl1_start:appl2_start
                0x00000000                ecc_offset = ((appl_start / CY_FLASH_ROW_SIZE) * CY_ECC_ROW_SIZE)
                0x00000000                ee_offset = (CY_APPL_LOADABLE && ! (CY_EE_IN_BTLDR))?((CY_EE_SIZE / CY_APPL_MAX) * (CY_APPL_NUM - 0x1)):0x0
                0x00000800                ee_size = (CY_APPL_LOADABLE && ! (CY_EE_IN_BTLDR))?(CY_EE_SIZE / CY_APPL_MAX):CY_EE_SIZE
                0x00000000                PROVIDE (CY_ECC_OFFSET, ecc_offset)

.text           0x00000000     0x2f8e
 CREATE_OBJECT_SYMBOLS
                0x00000000                PROVIDE (__cy_interrupt_vector, RomVectors)
 *(.romvectors)
 .romvectors    0x00000000       0x10 .\ARM_GCC_493\Release\Cm3Start.o
                0x00000000                RomVectors
                0x00000001                ASSERT ((. != __cy_interrupt_vector), No interrupt vector)
                0x00000001                ASSERT (CY_APPL_ORIGIN?(SIZEOF (.cybootloader) <= CY_APPL_ORIGIN):0x1, Wrong image location)
                0x00000010                PROVIDE (__cy_reset, Reset)
 *(.text.Reset)
 .text.Reset    0x00000010       0x18 .\ARM_GCC_493\Release\Cm3Start.o
                0x00000010                Reset
                0x00000001                ASSERT ((. != __cy_reset), No reset code)
 *(.dma_init)
                0x00000001                ASSERT ((((appl_start + .) <= 0x10000) || 0x1), DMA Init must be within the first 64k of flash)
 *(.text .text.* .gnu.linkonce.t.*)
 .text          0x00000028       0x5c c:/program files (x86)/cypress/psoc creator/4.0/psoc creator/import/gnu/arm/4.9.3/bin/../lib/gcc/arm-none-eabi/4.9.3/armv7-m/crtbegin.o
 .text.main     0x00000084      0x170 .\ARM_GCC_493\Release\main.o
                0x00000084                main
 .text.Effect   0x000001f4      0x168 .\ARM_GCC_493\Release\main.o
                0x000001f4                Effect
 .text.PWM_Start
                0x0000035c       0x50 .\ARM_GCC_493\Release\main.o
                0x0000035c                PWM_Start
 .text.PWM_Set  0x000003ac       0xb8 .\ARM_GCC_493\Release\main.o
                0x000003ac                PWM_Set
 .text.IntDefaultHandler
                0x00000464       0x14 .\ARM_GCC_493\Release\Cm3Start.o
                0x00000464                IntDefaultHandler
 .text.Start_c  0x00000478       0x98 .\ARM_GCC_493\Release\Cm3Start.o
                0x00000478                Start_c
 .text.initialize_psoc
                0x00000510       0x90 .\ARM_GCC_493\Release\Cm3Start.o
                0x00000510                initialize_psoc
 .text.CYMEMZERO
                0x000005a0       0x1c .\ARM_GCC_493\Release\ADC_DAC.a(cyfitter_cfg.o)
 .text.CYCONFIGCPY
                0x000005bc       0x1c .\ARM_GCC_493\Release\ADC_DAC.a(cyfitter_cfg.o)
 .text.CyClockStartupError
                0x000005d8        0xc .\ARM_GCC_493\Release\ADC_DAC.a(cyfitter_cfg.o)
 .text.cfg_write_bytes32
                0x000005e4       0x74 .\ARM_GCC_493\Release\ADC_DAC.a(cyfitter_cfg.o)
 .text.ClockSetup
                0x00000658      0x128 .\ARM_GCC_493\Release\ADC_DAC.a(cyfitter_cfg.o)
 .text.AnalogSetDefault
                0x00000780      0x110 .\ARM_GCC_493\Release\ADC_DAC.a(cyfitter_cfg.o)
 .text.cyfitter_cfg
                0x00000890      0x1ac .\ARM_GCC_493\Release\ADC_DAC.a(cyfitter_cfg.o)
                0x00000890                cyfitter_cfg
 .text.LCD_Char_1_Init
                0x00000a3c       0x78 .\ARM_GCC_493\Release\ADC_DAC.a(LCD_Char_1.o)
                0x00000a3c                LCD_Char_1_Init
 .text.LCD_Char_1_Enable
                0x00000ab4       0x18 .\ARM_GCC_493\Release\ADC_DAC.a(LCD_Char_1.o)
                0x00000ab4                LCD_Char_1_Enable
 .text.LCD_Char_1_Start
                0x00000acc       0x20 .\ARM_GCC_493\Release\ADC_DAC.a(LCD_Char_1.o)
                0x00000acc                LCD_Char_1_Start
 .text.LCD_Char_1_Position
                0x00000aec       0x6c .\ARM_GCC_493\Release\ADC_DAC.a(LCD_Char_1.o)
                0x00000aec                LCD_Char_1_Position
 .text.LCD_Char_1_PrintString
                0x00000b58       0x38 .\ARM_GCC_493\Release\ADC_DAC.a(LCD_Char_1.o)
                0x00000b58                LCD_Char_1_PrintString
 .text.LCD_Char_1_WriteData
                0x00000b90       0x34 .\ARM_GCC_493\Release\ADC_DAC.a(LCD_Char_1.o)
                0x00000b90                LCD_Char_1_WriteData
 .text.LCD_Char_1_WriteControl
                0x00000bc4       0x34 .\ARM_GCC_493\Release\ADC_DAC.a(LCD_Char_1.o)
                0x00000bc4                LCD_Char_1_WriteControl
 .text.LCD_Char_1_IsReady
                0x00000bf8      0x178 .\ARM_GCC_493\Release\ADC_DAC.a(LCD_Char_1.o)
                0x00000bf8                LCD_Char_1_IsReady
 .text.LCD_Char_1_WrDatNib
                0x00000d70       0x78 .\ARM_GCC_493\Release\ADC_DAC.a(LCD_Char_1.o)
 .text.LCD_Char_1_WrCntrlNib
                0x00000de8       0x60 .\ARM_GCC_493\Release\ADC_DAC.a(LCD_Char_1.o)
 .text.LCD_Char_1_LoadCustomFonts
                0x00000e48       0x44 .\ARM_GCC_493\Release\ADC_DAC.a(LCD_Char_1_CustChars.o)
                0x00000e48                LCD_Char_1_LoadCustomFonts
 .text.CyDmacConfigure
                0x00000e8c       0x5c .\ARM_GCC_493\Release\ADC_DAC.a(CyDmac.o)
                0x00000e8c                CyDmacConfigure
 .text.CyDmaChEnable
                0x00000ee8       0x8c .\ARM_GCC_493\Release\ADC_DAC.a(CyDmac.o)
                0x00000ee8                CyDmaChEnable
 .text.CyDmaClearPendingDrq
                0x00000f74       0x64 .\ARM_GCC_493\Release\ADC_DAC.a(CyDmac.o)
                0x00000f74                CyDmaClearPendingDrq
 .text.CyDmaChPriority
                0x00000fd8       0x60 .\ARM_GCC_493\Release\ADC_DAC.a(CyDmac.o)
                0x00000fd8                CyDmaChPriority
 .text.CyDmaChSetExtendedAddress
                0x00001038       0x7c .\ARM_GCC_493\Release\ADC_DAC.a(CyDmac.o)
                0x00001038                CyDmaChSetExtendedAddress
 .text.CyDmaChSetInitialTd
                0x000010b4       0x3c .\ARM_GCC_493\Release\ADC_DAC.a(CyDmac.o)
                0x000010b4                CyDmaChSetInitialTd
 .text.CyDmaChSetConfiguration
                0x000010f0       0xa0 .\ARM_GCC_493\Release\ADC_DAC.a(CyDmac.o)
                0x000010f0                CyDmaChSetConfiguration
 .text.CyDmaTdAllocate
                0x00001190       0x5c .\ARM_GCC_493\Release\ADC_DAC.a(CyDmac.o)
                0x00001190                CyDmaTdAllocate
 .text.CyDmaTdSetConfiguration
                0x000011ec       0x80 .\ARM_GCC_493\Release\ADC_DAC.a(CyDmac.o)
                0x000011ec                CyDmaTdSetConfiguration
 .text.CyDmaTdSetAddress
                0x0000126c       0x5c .\ARM_GCC_493\Release\ADC_DAC.a(CyDmac.o)
                0x0000126c                CyDmaTdSetAddress
 .text.CyDelay  0x000012c8       0x44 .\ARM_GCC_493\Release\ADC_DAC.a(CyLib.o)
                0x000012c8                CyDelay
 .text.CyDelayUs
                0x0000130c       0x24 .\ARM_GCC_493\Release\ADC_DAC.a(CyLib.o)
                0x0000130c                CyDelayUs
 .text.CyIntSetVector
                0x00001330       0x48 .\ARM_GCC_493\Release\ADC_DAC.a(CyLib.o)
                0x00001330                CyIntSetVector
 .text.CyIntSetPriority
                0x00001378       0x30 .\ARM_GCC_493\Release\ADC_DAC.a(CyLib.o)
                0x00001378                CyIntSetPriority
 .text.ADC_SAR_1_Start
                0x000013a8       0x20 .\ARM_GCC_493\Release\ADC_DAC.a(ADC_SAR_1.o)
                0x000013a8                ADC_SAR_1_Start
 .text.ADC_SAR_1_Init
                0x000013c8       0x40 .\ARM_GCC_493\Release\ADC_DAC.a(ADC_SAR_1.o)
                0x000013c8                ADC_SAR_1_Init
 .text.ADC_SAR_1_Enable
                0x00001408       0xcc .\ARM_GCC_493\Release\ADC_DAC.a(ADC_SAR_1.o)
                0x00001408                ADC_SAR_1_Enable
 .text.ADC_SAR_1_SetResolution
                0x000014d4       0x4c .\ARM_GCC_493\Release\ADC_DAC.a(ADC_SAR_1.o)
                0x000014d4                ADC_SAR_1_SetResolution
 .text.ADC_SAR_1_IsEndConversion
                0x00001520       0x40 .\ARM_GCC_493\Release\ADC_DAC.a(ADC_SAR_1.o)
                0x00001520                ADC_SAR_1_IsEndConversion
 .text.ADC_SAR_1_GetResult16
                0x00001560       0x34 .\ARM_GCC_493\Release\ADC_DAC.a(ADC_SAR_1.o)
                0x00001560                ADC_SAR_1_GetResult16
 .text.ADC_SAR_1_CalcGain
                0x00001594       0x78 .\ARM_GCC_493\Release\ADC_DAC.a(ADC_SAR_1.o)
 .text.ADC_SAR_1_ISR
                0x0000160c        0xc .\ARM_GCC_493\Release\ADC_DAC.a(ADC_SAR_1_INT.o)
                0x0000160c                ADC_SAR_1_ISR
 .text.Opamp_1_Init
                0x00001618        0xc .\ARM_GCC_493\Release\ADC_DAC.a(Opamp_1.o)
                0x00001618                Opamp_1_Init
 .text.Opamp_1_Enable
                0x00001624       0x48 .\ARM_GCC_493\Release\ADC_DAC.a(Opamp_1.o)
                0x00001624                Opamp_1_Enable
 .text.Opamp_1_Start
                0x0000166c       0x20 .\ARM_GCC_493\Release\ADC_DAC.a(Opamp_1.o)
                0x0000166c                Opamp_1_Start
 .text.Opamp_1_SetPower
                0x0000168c       0x40 .\ARM_GCC_493\Release\ADC_DAC.a(Opamp_1.o)
                0x0000168c                Opamp_1_SetPower
 .text.Opamp_2_Init
                0x000016cc        0xc .\ARM_GCC_493\Release\ADC_DAC.a(Opamp_2.o)
                0x000016cc                Opamp_2_Init
 .text.Opamp_2_Enable
                0x000016d8       0x48 .\ARM_GCC_493\Release\ADC_DAC.a(Opamp_2.o)
                0x000016d8                Opamp_2_Enable
 .text.Opamp_2_Start
                0x00001720       0x20 .\ARM_GCC_493\Release\ADC_DAC.a(Opamp_2.o)
                0x00001720                Opamp_2_Start
 .text.Opamp_2_SetPower
                0x00001740       0x40 .\ARM_GCC_493\Release\ADC_DAC.a(Opamp_2.o)
                0x00001740                Opamp_2_SetPower
 .text.Filter_Init
                0x00001780      0x11c .\ARM_GCC_493\Release\ADC_DAC.a(Filter.o)
                0x00001780                Filter_Init
 .text.Filter_Enable
                0x0000189c       0x48 .\ARM_GCC_493\Release\ADC_DAC.a(Filter.o)
                0x0000189c                Filter_Enable
 .text.Filter_Start
                0x000018e4       0x20 .\ARM_GCC_493\Release\ADC_DAC.a(Filter.o)
                0x000018e4                Filter_Start
 .text.Filter_SetInterruptMode
                0x00001904       0x28 .\ARM_GCC_493\Release\ADC_DAC.a(Filter_PVT.o)
                0x00001904                Filter_SetInterruptMode
 .text.Filter_SetDMAMode
                0x0000192c       0x28 .\ARM_GCC_493\Release\ADC_DAC.a(Filter_PVT.o)
                0x0000192c                Filter_SetDMAMode
 .text.SPI_DAC_Init
                0x00001954       0x30 .\ARM_GCC_493\Release\ADC_DAC.a(SPI_DAC.o)
                0x00001954                SPI_DAC_Init
 .text.SPI_DAC_Enable
                0x00001984       0x64 .\ARM_GCC_493\Release\ADC_DAC.a(SPI_DAC.o)
                0x00001984                SPI_DAC_Enable
 .text.SPI_DAC_Start
                0x000019e8       0x20 .\ARM_GCC_493\Release\ADC_DAC.a(SPI_DAC.o)
                0x000019e8                SPI_DAC_Start
 .text.SPI_DAC_EnableTxInt
                0x00001a08        0xc .\ARM_GCC_493\Release\ADC_DAC.a(SPI_DAC.o)
                0x00001a08                SPI_DAC_EnableTxInt
 .text.SPI_DAC_EnableRxInt
                0x00001a14        0xc .\ARM_GCC_493\Release\ADC_DAC.a(SPI_DAC.o)
                0x00001a14                SPI_DAC_EnableRxInt
 .text.SPI_DAC_ReadTxStatus
                0x00001a20       0x20 .\ARM_GCC_493\Release\ADC_DAC.a(SPI_DAC.o)
                0x00001a20                SPI_DAC_ReadTxStatus
 .text.SPI_DAC_ReadRxStatus
                0x00001a40       0x20 .\ARM_GCC_493\Release\ADC_DAC.a(SPI_DAC.o)
                0x00001a40                SPI_DAC_ReadRxStatus
 .text.SPI_DAC_WriteTxData
                0x00001a60       0x34 .\ARM_GCC_493\Release\ADC_DAC.a(SPI_DAC.o)
                0x00001a60                SPI_DAC_WriteTxData
 .text.SPI_DAC_ClearFIFO
                0x00001a94       0x80 .\ARM_GCC_493\Release\ADC_DAC.a(SPI_DAC.o)
                0x00001a94                SPI_DAC_ClearFIFO
 .text.SPI_DAC_IntClock_Start
                0x00001b14       0x34 .\ARM_GCC_493\Release\ADC_DAC.a(SPI_DAC_IntClock.o)
                0x00001b14                SPI_DAC_IntClock_Start
 .text.ADC_1_OUT_LSB_Write
                0x00001b48       0x20 .\ARM_GCC_493\Release\ADC_DAC.a(ADC_1_OUT_LSB.o)
                0x00001b48                ADC_1_OUT_LSB_Write
 .text.ADC_1_OUT_MSB_Write
                0x00001b68       0x20 .\ARM_GCC_493\Release\ADC_DAC.a(ADC_1_OUT_MSB.o)
                0x00001b68                ADC_1_OUT_MSB_Write
 .text.DAC_IN_MSB_Read
                0x00001b88       0x18 .\ARM_GCC_493\Release\ADC_DAC.a(DAC_IN_MSB.o)
                0x00001b88                DAC_IN_MSB_Read
 .text.DAC_IN_LSB_Read
                0x00001ba0       0x18 .\ARM_GCC_493\Release\ADC_DAC.a(DAC_IN_LSB.o)
                0x00001ba0                DAC_IN_LSB_Read
 .text.PWM_ADC_CK_Start
                0x00001bb8       0x20 .\ARM_GCC_493\Release\ADC_DAC.a(PWM_ADC_CK.o)
                0x00001bb8                PWM_ADC_CK_Start
 .text.PWM_ADC_CK_Init
                0x00001bd8       0xbc .\ARM_GCC_493\Release\ADC_DAC.a(PWM_ADC_CK.o)
                0x00001bd8                PWM_ADC_CK_Init
 .text.PWM_ADC_CK_Enable
                0x00001c94       0x48 .\ARM_GCC_493\Release\ADC_DAC.a(PWM_ADC_CK.o)
                0x00001c94                PWM_ADC_CK_Enable
 .text.PWM_ADC_CK_WritePeriod
                0x00001cdc       0x20 .\ARM_GCC_493\Release\ADC_DAC.a(PWM_ADC_CK.o)
                0x00001cdc                PWM_ADC_CK_WritePeriod
 .text.PWM_ADC_CK_WriteCompare
                0x00001cfc       0x20 .\ARM_GCC_493\Release\ADC_DAC.a(PWM_ADC_CK.o)
                0x00001cfc                PWM_ADC_CK_WriteCompare
 .text.PWM_ADC_CK_SetInterruptMode
                0x00001d1c       0x20 .\ARM_GCC_493\Release\ADC_DAC.a(PWM_ADC_CK.o)
                0x00001d1c                PWM_ADC_CK_SetInterruptMode
 .text.PWM_11_Start
                0x00001d3c       0x20 .\ARM_GCC_493\Release\ADC_DAC.a(PWM_11.o)
                0x00001d3c                PWM_11_Start
 .text.PWM_11_Init
                0x00001d5c       0x78 .\ARM_GCC_493\Release\ADC_DAC.a(PWM_11.o)
                0x00001d5c                PWM_11_Init
 .text.PWM_11_Enable
                0x00001dd4       0x20 .\ARM_GCC_493\Release\ADC_DAC.a(PWM_11.o)
                0x00001dd4                PWM_11_Enable
 .text.PWM_11_WriteCounter
                0x00001df4       0x20 .\ARM_GCC_493\Release\ADC_DAC.a(PWM_11.o)
                0x00001df4                PWM_11_WriteCounter
 .text.PWM_11_ClearFIFO
                0x00001e14       0x1c .\ARM_GCC_493\Release\ADC_DAC.a(PWM_11.o)
                0x00001e14                PWM_11_ClearFIFO
 .text.PWM_11_WritePeriod
                0x00001e30       0x20 .\ARM_GCC_493\Release\ADC_DAC.a(PWM_11.o)
                0x00001e30                PWM_11_WritePeriod
 .text.PWM_11_WriteCompare
                0x00001e50       0x20 .\ARM_GCC_493\Release\ADC_DAC.a(PWM_11.o)
                0x00001e50                PWM_11_WriteCompare
 .text.PWM_11_SetInterruptMode
                0x00001e70       0x20 .\ARM_GCC_493\Release\ADC_DAC.a(PWM_11.o)
                0x00001e70                PWM_11_SetInterruptMode
 .text.PWM_11_ReadStatusRegister
                0x00001e90       0x18 .\ARM_GCC_493\Release\ADC_DAC.a(PWM_11.o)
                0x00001e90                PWM_11_ReadStatusRegister
 .text.PWM_11_ReadCapture
                0x00001ea8       0x18 .\ARM_GCC_493\Release\ADC_DAC.a(PWM_11.o)
                0x00001ea8                PWM_11_ReadCapture
 .text.PWM_7_Start
                0x00001ec0       0x20 .\ARM_GCC_493\Release\ADC_DAC.a(PWM_7.o)
                0x00001ec0                PWM_7_Start
 .text.PWM_7_Init
                0x00001ee0       0x78 .\ARM_GCC_493\Release\ADC_DAC.a(PWM_7.o)
                0x00001ee0                PWM_7_Init
 .text.PWM_7_Enable
                0x00001f58       0x20 .\ARM_GCC_493\Release\ADC_DAC.a(PWM_7.o)
                0x00001f58                PWM_7_Enable
 .text.PWM_7_WriteCounter
                0x00001f78       0x20 .\ARM_GCC_493\Release\ADC_DAC.a(PWM_7.o)
                0x00001f78                PWM_7_WriteCounter
 .text.PWM_7_ClearFIFO
                0x00001f98       0x1c .\ARM_GCC_493\Release\ADC_DAC.a(PWM_7.o)
                0x00001f98                PWM_7_ClearFIFO
 .text.PWM_7_WritePeriod
                0x00001fb4       0x20 .\ARM_GCC_493\Release\ADC_DAC.a(PWM_7.o)
                0x00001fb4                PWM_7_WritePeriod
 .text.PWM_7_WriteCompare
                0x00001fd4       0x20 .\ARM_GCC_493\Release\ADC_DAC.a(PWM_7.o)
                0x00001fd4                PWM_7_WriteCompare
 .text.PWM_7_SetInterruptMode
                0x00001ff4       0x20 .\ARM_GCC_493\Release\ADC_DAC.a(PWM_7.o)
                0x00001ff4                PWM_7_SetInterruptMode
 .text.PWM_7_ReadStatusRegister
                0x00002014       0x18 .\ARM_GCC_493\Release\ADC_DAC.a(PWM_7.o)
                0x00002014                PWM_7_ReadStatusRegister
 .text.PWM_7_ReadCapture
                0x0000202c       0x18 .\ARM_GCC_493\Release\ADC_DAC.a(PWM_7.o)
                0x0000202c                PWM_7_ReadCapture
 .text.PWM_9_Start
                0x00002044       0x20 .\ARM_GCC_493\Release\ADC_DAC.a(PWM_9.o)
                0x00002044                PWM_9_Start
 .text.PWM_9_Init
                0x00002064       0x78 .\ARM_GCC_493\Release\ADC_DAC.a(PWM_9.o)
                0x00002064                PWM_9_Init
 .text.PWM_9_Enable
                0x000020dc       0x20 .\ARM_GCC_493\Release\ADC_DAC.a(PWM_9.o)
                0x000020dc                PWM_9_Enable
 .text.PWM_9_WriteCounter
                0x000020fc       0x20 .\ARM_GCC_493\Release\ADC_DAC.a(PWM_9.o)
                0x000020fc                PWM_9_WriteCounter
 .text.PWM_9_ClearFIFO
                0x0000211c       0x1c .\ARM_GCC_493\Release\ADC_DAC.a(PWM_9.o)
                0x0000211c                PWM_9_ClearFIFO
 .text.PWM_9_WritePeriod
                0x00002138       0x20 .\ARM_GCC_493\Release\ADC_DAC.a(PWM_9.o)
                0x00002138                PWM_9_WritePeriod
 .text.PWM_9_WriteCompare
                0x00002158       0x20 .\ARM_GCC_493\Release\ADC_DAC.a(PWM_9.o)
                0x00002158                PWM_9_WriteCompare
 .text.PWM_9_SetInterruptMode
                0x00002178       0x20 .\ARM_GCC_493\Release\ADC_DAC.a(PWM_9.o)
                0x00002178                PWM_9_SetInterruptMode
 .text.PWM_9_ReadStatusRegister
                0x00002198       0x18 .\ARM_GCC_493\Release\ADC_DAC.a(PWM_9.o)
                0x00002198                PWM_9_ReadStatusRegister
 .text.PWM_9_ReadCapture
                0x000021b0       0x18 .\ARM_GCC_493\Release\ADC_DAC.a(PWM_9.o)
                0x000021b0                PWM_9_ReadCapture
 .text.PWM_8_Start
                0x000021c8       0x20 .\ARM_GCC_493\Release\ADC_DAC.a(PWM_8.o)
                0x000021c8                PWM_8_Start
 .text.PWM_8_Init
                0x000021e8       0x7c .\ARM_GCC_493\Release\ADC_DAC.a(PWM_8.o)
                0x000021e8                PWM_8_Init
 .text.PWM_8_Enable
                0x00002264       0x20 .\ARM_GCC_493\Release\ADC_DAC.a(PWM_8.o)
                0x00002264                PWM_8_Enable
 .text.PWM_8_WriteCounter
                0x00002284       0x20 .\ARM_GCC_493\Release\ADC_DAC.a(PWM_8.o)
                0x00002284                PWM_8_WriteCounter
 .text.PWM_8_ClearFIFO
                0x000022a4       0x1c .\ARM_GCC_493\Release\ADC_DAC.a(PWM_8.o)
                0x000022a4                PWM_8_ClearFIFO
 .text.PWM_8_WritePeriod
                0x000022c0       0x20 .\ARM_GCC_493\Release\ADC_DAC.a(PWM_8.o)
                0x000022c0                PWM_8_WritePeriod
 .text.PWM_8_WriteCompare
                0x000022e0       0x20 .\ARM_GCC_493\Release\ADC_DAC.a(PWM_8.o)
                0x000022e0                PWM_8_WriteCompare
 .text.PWM_8_SetInterruptMode
                0x00002300       0x20 .\ARM_GCC_493\Release\ADC_DAC.a(PWM_8.o)
                0x00002300                PWM_8_SetInterruptMode
 .text.PWM_8_ReadStatusRegister
                0x00002320       0x18 .\ARM_GCC_493\Release\ADC_DAC.a(PWM_8.o)
                0x00002320                PWM_8_ReadStatusRegister
 .text.PWM_8_ReadCapture
                0x00002338       0x18 .\ARM_GCC_493\Release\ADC_DAC.a(PWM_8.o)
                0x00002338                PWM_8_ReadCapture
 .text.PWM_6_Start
                0x00002350       0x20 .\ARM_GCC_493\Release\ADC_DAC.a(PWM_6.o)
                0x00002350                PWM_6_Start
 .text.PWM_6_Init
                0x00002370       0x78 .\ARM_GCC_493\Release\ADC_DAC.a(PWM_6.o)
                0x00002370                PWM_6_Init
 .text.PWM_6_Enable
                0x000023e8       0x20 .\ARM_GCC_493\Release\ADC_DAC.a(PWM_6.o)
                0x000023e8                PWM_6_Enable
 .text.PWM_6_WriteCounter
                0x00002408       0x20 .\ARM_GCC_493\Release\ADC_DAC.a(PWM_6.o)
                0x00002408                PWM_6_WriteCounter
 .text.PWM_6_ClearFIFO
                0x00002428       0x1c .\ARM_GCC_493\Release\ADC_DAC.a(PWM_6.o)
                0x00002428                PWM_6_ClearFIFO
 .text.PWM_6_WritePeriod
                0x00002444       0x20 .\ARM_GCC_493\Release\ADC_DAC.a(PWM_6.o)
                0x00002444                PWM_6_WritePeriod
 .text.PWM_6_WriteCompare
                0x00002464       0x20 .\ARM_GCC_493\Release\ADC_DAC.a(PWM_6.o)
                0x00002464                PWM_6_WriteCompare
 .text.PWM_6_SetInterruptMode
                0x00002484       0x20 .\ARM_GCC_493\Release\ADC_DAC.a(PWM_6.o)
                0x00002484                PWM_6_SetInterruptMode
 .text.PWM_6_ReadStatusRegister
                0x000024a4       0x18 .\ARM_GCC_493\Release\ADC_DAC.a(PWM_6.o)
                0x000024a4                PWM_6_ReadStatusRegister
 .text.PWM_6_ReadCapture
                0x000024bc       0x18 .\ARM_GCC_493\Release\ADC_DAC.a(PWM_6.o)
                0x000024bc                PWM_6_ReadCapture
 .text.PWM_10_Start
                0x000024d4       0x20 .\ARM_GCC_493\Release\ADC_DAC.a(PWM_10.o)
                0x000024d4                PWM_10_Start
 .text.PWM_10_Init
                0x000024f4       0x78 .\ARM_GCC_493\Release\ADC_DAC.a(PWM_10.o)
                0x000024f4                PWM_10_Init
 .text.PWM_10_Enable
                0x0000256c       0x20 .\ARM_GCC_493\Release\ADC_DAC.a(PWM_10.o)
                0x0000256c                PWM_10_Enable
 .text.PWM_10_WriteCounter
                0x0000258c       0x20 .\ARM_GCC_493\Release\ADC_DAC.a(PWM_10.o)
                0x0000258c                PWM_10_WriteCounter
 .text.PWM_10_ClearFIFO
                0x000025ac       0x1c .\ARM_GCC_493\Release\ADC_DAC.a(PWM_10.o)
                0x000025ac                PWM_10_ClearFIFO
 .text.PWM_10_WritePeriod
                0x000025c8       0x20 .\ARM_GCC_493\Release\ADC_DAC.a(PWM_10.o)
                0x000025c8                PWM_10_WritePeriod
 .text.PWM_10_WriteCompare
                0x000025e8       0x20 .\ARM_GCC_493\Release\ADC_DAC.a(PWM_10.o)
                0x000025e8                PWM_10_WriteCompare
 .text.PWM_10_SetInterruptMode
                0x00002608       0x20 .\ARM_GCC_493\Release\ADC_DAC.a(PWM_10.o)
                0x00002608                PWM_10_SetInterruptMode
 .text.PWM_10_ReadStatusRegister
                0x00002628       0x18 .\ARM_GCC_493\Release\ADC_DAC.a(PWM_10.o)
                0x00002628                PWM_10_ReadStatusRegister
 .text.PWM_10_ReadCapture
                0x00002640       0x18 .\ARM_GCC_493\Release\ADC_DAC.a(PWM_10.o)
                0x00002640                PWM_10_ReadCapture
 .text.PWM_4_Start
                0x00002658       0x20 .\ARM_GCC_493\Release\ADC_DAC.a(PWM_4.o)
                0x00002658                PWM_4_Start
 .text.PWM_4_Init
                0x00002678       0x78 .\ARM_GCC_493\Release\ADC_DAC.a(PWM_4.o)
                0x00002678                PWM_4_Init
 .text.PWM_4_Enable
                0x000026f0       0x20 .\ARM_GCC_493\Release\ADC_DAC.a(PWM_4.o)
                0x000026f0                PWM_4_Enable
 .text.PWM_4_WriteCounter
                0x00002710       0x20 .\ARM_GCC_493\Release\ADC_DAC.a(PWM_4.o)
                0x00002710                PWM_4_WriteCounter
 .text.PWM_4_ClearFIFO
                0x00002730       0x1c .\ARM_GCC_493\Release\ADC_DAC.a(PWM_4.o)
                0x00002730                PWM_4_ClearFIFO
 .text.PWM_4_WritePeriod
                0x0000274c       0x20 .\ARM_GCC_493\Release\ADC_DAC.a(PWM_4.o)
                0x0000274c                PWM_4_WritePeriod
 .text.PWM_4_WriteCompare
                0x0000276c       0x20 .\ARM_GCC_493\Release\ADC_DAC.a(PWM_4.o)
                0x0000276c                PWM_4_WriteCompare
 .text.PWM_4_SetInterruptMode
                0x0000278c       0x20 .\ARM_GCC_493\Release\ADC_DAC.a(PWM_4.o)
                0x0000278c                PWM_4_SetInterruptMode
 .text.PWM_4_ReadStatusRegister
                0x000027ac       0x18 .\ARM_GCC_493\Release\ADC_DAC.a(PWM_4.o)
                0x000027ac                PWM_4_ReadStatusRegister
 .text.PWM_4_ReadCapture
                0x000027c4       0x18 .\ARM_GCC_493\Release\ADC_DAC.a(PWM_4.o)
                0x000027c4                PWM_4_ReadCapture
 .text.PWM_5_Start
                0x000027dc       0x20 .\ARM_GCC_493\Release\ADC_DAC.a(PWM_5.o)
                0x000027dc                PWM_5_Start
 .text.PWM_5_Init
                0x000027fc       0x7c .\ARM_GCC_493\Release\ADC_DAC.a(PWM_5.o)
                0x000027fc                PWM_5_Init
 .text.PWM_5_Enable
                0x00002878       0x20 .\ARM_GCC_493\Release\ADC_DAC.a(PWM_5.o)
                0x00002878                PWM_5_Enable
 .text.PWM_5_WriteCounter
                0x00002898       0x20 .\ARM_GCC_493\Release\ADC_DAC.a(PWM_5.o)
                0x00002898                PWM_5_WriteCounter
 .text.PWM_5_ClearFIFO
                0x000028b8       0x1c .\ARM_GCC_493\Release\ADC_DAC.a(PWM_5.o)
                0x000028b8                PWM_5_ClearFIFO
 .text.PWM_5_WritePeriod
                0x000028d4       0x20 .\ARM_GCC_493\Release\ADC_DAC.a(PWM_5.o)
                0x000028d4                PWM_5_WritePeriod
 .text.PWM_5_WriteCompare
                0x000028f4       0x20 .\ARM_GCC_493\Release\ADC_DAC.a(PWM_5.o)
                0x000028f4                PWM_5_WriteCompare
 .text.PWM_5_SetInterruptMode
                0x00002914       0x20 .\ARM_GCC_493\Release\ADC_DAC.a(PWM_5.o)
                0x00002914                PWM_5_SetInterruptMode
 .text.PWM_5_ReadStatusRegister
                0x00002934       0x18 .\ARM_GCC_493\Release\ADC_DAC.a(PWM_5.o)
                0x00002934                PWM_5_ReadStatusRegister
 .text.PWM_5_ReadCapture
                0x0000294c       0x18 .\ARM_GCC_493\Release\ADC_DAC.a(PWM_5.o)
                0x0000294c                PWM_5_ReadCapture
 .text.ADC_SAR_Seq_Init
                0x00002964       0x50 .\ARM_GCC_493\Release\ADC_DAC.a(ADC_SAR_Seq.o)
                0x00002964                ADC_SAR_Seq_Init
 .text.ADC_SAR_Seq_Enable
                0x000029b4      0x13c .\ARM_GCC_493\Release\ADC_DAC.a(ADC_SAR_Seq.o)
                0x000029b4                ADC_SAR_Seq_Enable
 .text.ADC_SAR_Seq_Start
                0x00002af0       0x2c .\ARM_GCC_493\Release\ADC_DAC.a(ADC_SAR_Seq.o)
                0x00002af0                ADC_SAR_Seq_Start
 .text.ADC_SAR_Seq_StartConvert
                0x00002b1c        0xc .\ARM_GCC_493\Release\ADC_DAC.a(ADC_SAR_Seq.o)
                0x00002b1c                ADC_SAR_Seq_StartConvert
 .text.ADC_SAR_Seq_IsEndConversion
                0x00002b28       0x30 .\ARM_GCC_493\Release\ADC_DAC.a(ADC_SAR_Seq.o)
                0x00002b28                ADC_SAR_Seq_IsEndConversion
 .text.ADC_SAR_Seq_GetResult16
                0x00002b58       0x3c .\ARM_GCC_493\Release\ADC_DAC.a(ADC_SAR_Seq.o)
                0x00002b58                ADC_SAR_Seq_GetResult16
 .text.ADC_SAR_Seq_ISR
                0x00002b94        0xc .\ARM_GCC_493\Release\ADC_DAC.a(ADC_SAR_Seq_INT.o)
                0x00002b94                ADC_SAR_Seq_ISR
 .text.ADC_SAR_Seq_SAR_Start
                0x00002ba0       0x20 .\ARM_GCC_493\Release\ADC_DAC.a(ADC_SAR_Seq_SAR.o)
                0x00002ba0                ADC_SAR_Seq_SAR_Start
 .text.ADC_SAR_Seq_SAR_Init
                0x00002bc0       0x2c .\ARM_GCC_493\Release\ADC_DAC.a(ADC_SAR_Seq_SAR.o)
                0x00002bc0                ADC_SAR_Seq_SAR_Init
 .text.ADC_SAR_Seq_SAR_Enable
                0x00002bec       0xc0 .\ARM_GCC_493\Release\ADC_DAC.a(ADC_SAR_Seq_SAR.o)
                0x00002bec                ADC_SAR_Seq_SAR_Enable
 .text.ADC_SAR_Seq_SAR_SetResolution
                0x00002cac       0x4c .\ARM_GCC_493\Release\ADC_DAC.a(ADC_SAR_Seq_SAR.o)
                0x00002cac                ADC_SAR_Seq_SAR_SetResolution
 .text.ADC_SAR_Seq_SAR_StartConvert
                0x00002cf8       0x20 .\ARM_GCC_493\Release\ADC_DAC.a(ADC_SAR_Seq_SAR.o)
                0x00002cf8                ADC_SAR_Seq_SAR_StartConvert
 .text.ADC_SAR_Seq_SAR_CalcGain
                0x00002d18       0x7c .\ARM_GCC_493\Release\ADC_DAC.a(ADC_SAR_Seq_SAR.o)
 .text.ADC_SAR_Seq_TempBuf_DmaInitialize
                0x00002d94       0x68 .\ARM_GCC_493\Release\ADC_DAC.a(ADC_SAR_Seq_TempBuf_dma.o)
                0x00002d94                ADC_SAR_Seq_TempBuf_DmaInitialize
 .text.ADC_SAR_Seq_FinalBuf_DmaInitialize
                0x00002dfc       0x68 .\ARM_GCC_493\Release\ADC_DAC.a(ADC_SAR_Seq_FinalBuf_dma.o)
                0x00002dfc                ADC_SAR_Seq_FinalBuf_DmaInitialize
 .text.ADC_SAR_Seq_IRQ_SetVector
                0x00002e64       0x24 .\ARM_GCC_493\Release\ADC_DAC.a(ADC_SAR_Seq_IRQ.o)
                0x00002e64                ADC_SAR_Seq_IRQ_SetVector
 .text.ADC_SAR_Seq_IRQ_SetPriority
                0x00002e88       0x24 .\ARM_GCC_493\Release\ADC_DAC.a(ADC_SAR_Seq_IRQ.o)
                0x00002e88                ADC_SAR_Seq_IRQ_SetPriority
 .text.DIV_MASK_MSB_Write
                0x00002eac       0x20 .\ARM_GCC_493\Release\ADC_DAC.a(DIV_MASK_MSB.o)
                0x00002eac                DIV_MASK_MSB_Write
 .text.DIV_MASK_LSB_Write
                0x00002ecc       0x20 .\ARM_GCC_493\Release\ADC_DAC.a(DIV_MASK_LSB.o)
                0x00002ecc                DIV_MASK_LSB_Write
 *fill*         0x00002eec        0x4 
 .text          0x00002ef0       0x20 .\ARM_GCC_493\Release\ADC_DAC.a(CyBootAsmGnu.o)
                0x00002ef0                CyDelayCycles
                0x00002f00                CyEnterCriticalSection
                0x00002f08                CyExitCriticalSection
 .text.__errno  0x00002f10        0xc c:/program files (x86)/cypress/psoc creator/4.0/psoc creator/import/gnu/arm/4.9.3/bin/../lib/gcc/arm-none-eabi/4.9.3/../../../../arm-none-eabi/lib/armv7-m\libg_nano.a(lib_a-errno.o)
                0x00002f10                __errno
 .text.__libc_init_array
                0x00002f1c       0x4c c:/program files (x86)/cypress/psoc creator/4.0/psoc creator/import/gnu/arm/4.9.3/bin/../lib/gcc/arm-none-eabi/4.9.3/../../../../arm-none-eabi/lib/armv7-m\libg_nano.a(lib_a-init.o)
                0x00002f1c                __libc_init_array
 .text.memcpy   0x00002f68       0x16 c:/program files (x86)/cypress/psoc creator/4.0/psoc creator/import/gnu/arm/4.9.3/bin/../lib/gcc/arm-none-eabi/4.9.3/../../../../arm-none-eabi/lib/armv7-m\libg_nano.a(lib_a-memcpy.o)
                0x00002f68                memcpy
 .text.memset   0x00002f7e       0x10 c:/program files (x86)/cypress/psoc creator/4.0/psoc creator/import/gnu/arm/4.9.3/bin/../lib/gcc/arm-none-eabi/4.9.3/../../../../arm-none-eabi/lib/armv7-m\libg_nano.a(lib_a-memset.o)
                0x00002f7e                memset
 *(.plt)
 *(.gnu.warning)
 *(.glue_7t)
 .glue_7t       0x00000000        0x0 linker stubs
 *(.glue_7)
 .glue_7        0x00000000        0x0 linker stubs
 *(.vfp11_veneer)
 .vfp11_veneer  0x00000000        0x0 linker stubs
 *(.bootloader)
 *(.ARM.extab* .gnu.linkonce.armextab.*)
 *(.gcc_except_table)

.v4_bx          0x00002f90        0x0
 .v4_bx         0x00000000        0x0 linker stubs

.iplt           0x00002f90        0x0
 .iplt          0x00000000        0x0 c:/program files (x86)/cypress/psoc creator/4.0/psoc creator/import/gnu/arm/4.9.3/bin/../lib/gcc/arm-none-eabi/4.9.3/armv7-m/crtbegin.o

.eh_frame_hdr
 *(.eh_frame_hdr)

.eh_frame       0x00002f90        0x4
 *(.eh_frame)
 .eh_frame      0x00002f90        0x0 c:/program files (x86)/cypress/psoc creator/4.0/psoc creator/import/gnu/arm/4.9.3/bin/../lib/gcc/arm-none-eabi/4.9.3/armv7-m/crtbegin.o
 .eh_frame      0x00002f90        0x4 c:/program files (x86)/cypress/psoc creator/4.0/psoc creator/import/gnu/arm/4.9.3/bin/../lib/gcc/arm-none-eabi/4.9.3/armv7-m/crtend.o
                0x00002f94                PROVIDE (__exidx_start, .)

.ARM.exidx
 *(.ARM.exidx* .gnu.linkonce.armexidx.*)
                0x00002f94                __exidx_end = .

.rodata         0x00002f94      0x704
 *(.rodata .rodata.* .gnu.linkonce.r.*)
 .rodata        0x00002f94       0x10 .\ARM_GCC_493\Release\main.o
 .rodata        0x00002fa4       0x3c .\ARM_GCC_493\Release\ADC_DAC.a(cyfitter_cfg.o)
 .rodata        0x00002fe0       0x40 .\ARM_GCC_493\Release\ADC_DAC.a(LCD_Char_1_CustChars.o)
                0x00002fe0                LCD_Char_1_customFonts
 .rodata        0x00003020      0x640 .\ARM_GCC_493\Release\ADC_DAC.a(Filter_RAM_Data.o)
                0x00003020                Filter_control
                0x00003120                Filter_data_a
                0x00003320                Filter_data_b
                0x00003520                Filter_acu
                0x00003560                Filter_cfsm
 .rodata.str1.1
                0x00003660        0x2 c:/program files (x86)/cypress/psoc creator/4.0/psoc creator/import/gnu/arm/4.9.3/bin/../lib/gcc/arm-none-eabi/4.9.3/../../../../arm-none-eabi/lib/armv7-m\libg_nano.a(lib_a-impure.o)
                0x00003664                . = ALIGN (0x4)
 *fill*         0x00003662        0x2 
 *(.init)
 .init          0x00003664        0x4 c:/program files (x86)/cypress/psoc creator/4.0/psoc creator/import/gnu/arm/4.9.3/bin/../lib/gcc/arm-none-eabi/4.9.3/armv7-m/crti.o
                0x00003664                _init
 .init          0x00003668        0x8 c:/program files (x86)/cypress/psoc creator/4.0/psoc creator/import/gnu/arm/4.9.3/bin/../lib/gcc/arm-none-eabi/4.9.3/armv7-m/crtn.o
                0x00003670                . = ALIGN (0x4)
                0x00003670                __preinit_array_start = .
 *(.preinit_array)
                0x00003670                __preinit_array_end = .
                0x00003670                . = ALIGN (0x4)
                0x00003670                __init_array_start = .
 *(SORT(.init_array.*))
 *(.init_array)
 .init_array    0x00003670        0x4 c:/program files (x86)/cypress/psoc creator/4.0/psoc creator/import/gnu/arm/4.9.3/bin/../lib/gcc/arm-none-eabi/4.9.3/armv7-m/crtbegin.o
 .init_array    0x00003674        0x4 .\ARM_GCC_493\Release\Cm3Start.o
                0x00003678                __init_array_end = .
                0x00003678                . = ALIGN (0x4)
 *(.fini)
 .fini          0x00003678        0x4 c:/program files (x86)/cypress/psoc creator/4.0/psoc creator/import/gnu/arm/4.9.3/bin/../lib/gcc/arm-none-eabi/4.9.3/armv7-m/crti.o
                0x00003678                _fini
 .fini          0x0000367c        0x8 c:/program files (x86)/cypress/psoc creator/4.0/psoc creator/import/gnu/arm/4.9.3/bin/../lib/gcc/arm-none-eabi/4.9.3/armv7-m/crtn.o
                0x00003684                . = ALIGN (0x4)
                0x00003684                __fini_array_start = .
 *(.fini_array)
 .fini_array    0x00003684        0x4 c:/program files (x86)/cypress/psoc creator/4.0/psoc creator/import/gnu/arm/4.9.3/bin/../lib/gcc/arm-none-eabi/4.9.3/armv7-m/crtbegin.o
 *(SORT(.fini_array.*))
                0x00003688                __fini_array_end = .
                0x00003688                . = ALIGN (0x4)
 *crtbegin.o(.ctors)
 *(EXCLUDE_FILE(*crtend.o) .ctors)
 *(SORT(.ctors.*))
 *crtend.o(.ctors)
                0x00003688                . = ALIGN (0x4)
 *crtbegin.o(.dtors)
 *(EXCLUDE_FILE(*crtend.o) .dtors)
 *(SORT(.dtors.*))
 *crtend.o(.dtors)
                0x00003688                . = ALIGN (0x4)
                0x00003688                __cy_regions = .
                0x00003688        0x4 LONG 0x3698 __cy_region_init_ram
                0x0000368c        0x4 LONG 0x1fff8108 __cy_region_start_data
                0x00003690        0x4 LONG 0x88 __cy_region_init_size_ram
                0x00003694        0x4 LONG 0x78 __cy_region_zero_size_ram
                0x00003698                __cy_regions_end = .
                0x00003698                . = ALIGN (0x8)
                0x00003698                _etext = .

.cy_checksum_exclude
                0x00003698        0x0
 *(.cy_checksum_exclude)

.ramvectors     0x1fff8000      0x100
                0x1fff8000                __cy_region_start_ram = .
 *(.ramvectors)
 .ramvectors    0x1fff8000      0x100 .\ARM_GCC_493\Release\Cm3Start.o
                0x1fff8000                CyRamVectors

.noinit         0x1fff8100        0x5
 *(.noinit)
 .noinit        0x1fff8100        0x4 .\ARM_GCC_493\Release\Cm3Start.o
 .noinit        0x1fff8104        0x1 .\ARM_GCC_493\Release\ADC_DAC.a(CyLib.o)
                0x1fff8104                CyResetStatus

.data           0x1fff8108       0x88 load address 0x00003698
                0x1fff8108                __cy_region_start_data = .
 *(.jcr)
 .jcr           0x1fff8108        0x0 c:/program files (x86)/cypress/psoc creator/4.0/psoc creator/import/gnu/arm/4.9.3/bin/../lib/gcc/arm-none-eabi/4.9.3/armv7-m/crtbegin.o
 .jcr           0x1fff8108        0x4 c:/program files (x86)/cypress/psoc creator/4.0/psoc creator/import/gnu/arm/4.9.3/bin/../lib/gcc/arm-none-eabi/4.9.3/armv7-m/crtend.o
 *(.got.plt)
 *(.got)
 *(.shdata)
 *(.data .data.* .gnu.linkonce.d.*)
 .data          0x1fff810c        0x8 .\ARM_GCC_493\Release\ADC_DAC.a(CyDmac.o)
 .data          0x1fff8114       0x10 .\ARM_GCC_493\Release\ADC_DAC.a(CyLib.o)
                0x1fff8114                cydelay_freq_hz
                0x1fff8118                cydelay_freq_khz
                0x1fff811c                cydelay_freq_mhz
                0x1fff8120                cydelay_32k_ms
 .data          0x1fff8124        0x2 .\ARM_GCC_493\Release\ADC_DAC.a(ADC_SAR_Seq.o)
 .data          0x1fff8126        0x1 .\ARM_GCC_493\Release\ADC_DAC.a(ADC_SAR_Seq_TempBuf_dma.o)
                0x1fff8126                ADC_SAR_Seq_TempBuf_DmaHandle
 .data          0x1fff8127        0x1 .\ARM_GCC_493\Release\ADC_DAC.a(ADC_SAR_Seq_FinalBuf_dma.o)
                0x1fff8127                ADC_SAR_Seq_FinalBuf_DmaHandle
 .data.impure_data
                0x1fff8128       0x60 c:/program files (x86)/cypress/psoc creator/4.0/psoc creator/import/gnu/arm/4.9.3/bin/../lib/gcc/arm-none-eabi/4.9.3/../../../../arm-none-eabi/lib/armv7-m\libg_nano.a(lib_a-impure.o)
 .data._impure_ptr
                0x1fff8188        0x4 c:/program files (x86)/cypress/psoc creator/4.0/psoc creator/import/gnu/arm/4.9.3/bin/../lib/gcc/arm-none-eabi/4.9.3/../../../../arm-none-eabi/lib/armv7-m\libg_nano.a(lib_a-impure.o)
                0x1fff8188                _impure_ptr
                0x1fff8190                . = ALIGN (0x8)
 *fill*         0x1fff818c        0x4 
 *(.ram)
                0x1fff8190                _edata = .

.igot.plt       0x1fff8190        0x0 load address 0x00003720
 .igot.plt      0x00000000        0x0 c:/program files (x86)/cypress/psoc creator/4.0/psoc creator/import/gnu/arm/4.9.3/bin/../lib/gcc/arm-none-eabi/4.9.3/armv7-m/crtbegin.o

.bss            0x1fff8190       0x78 load address 0x00003720
                0x1fff8190                PROVIDE (__bss_start__, .)
 *(.shbss)
 *(.bss .bss.* .gnu.linkonce.b.*)
 .bss           0x1fff8190       0x1c c:/program files (x86)/cypress/psoc creator/4.0/psoc creator/import/gnu/arm/4.9.3/bin/../lib/gcc/arm-none-eabi/4.9.3/armv7-m/crtbegin.o
 .bss           0x1fff81ac       0x12 .\ARM_GCC_493\Release\main.o
                0x1fff81ac                BIT_MASK_CTRL
                0x1fff81ae                DIV_MASK_CTRL
                0x1fff81b0                OLD_BIT_MASK_DEPTH
                0x1fff81b2                OLD_DIV_MASK_DEPTH
                0x1fff81b4                MASK_CTRL
                0x1fff81b6                OLD_MASK_DEPTH
                0x1fff81b8                MASK_EFFECT
                0x1fff81ba                AUDIO_IN
                0x1fff81bc                FRQ_CTRL
 .bss           0x1fff81be        0x2 .\ARM_GCC_493\Release\ADC_DAC.a(LCD_Char_1.o)
                0x1fff81be                LCD_Char_1_enableState
                0x1fff81bf                LCD_Char_1_initVar
 .bss           0x1fff81c0        0x1 .\ARM_GCC_493\Release\ADC_DAC.a(ADC_SAR_1.o)
                0x1fff81c0                ADC_SAR_1_initVar
 .bss           0x1fff81c1        0x1 .\ARM_GCC_493\Release\ADC_DAC.a(Opamp_1.o)
                0x1fff81c1                Opamp_1_initVar
 .bss           0x1fff81c2        0x1 .\ARM_GCC_493\Release\ADC_DAC.a(Opamp_2.o)
                0x1fff81c2                Opamp_2_initVar
 .bss           0x1fff81c3        0x1 .\ARM_GCC_493\Release\ADC_DAC.a(Filter.o)
                0x1fff81c3                Filter_initVar
 .bss           0x1fff81c4        0x1 .\ARM_GCC_493\Release\ADC_DAC.a(SPI_DAC.o)
                0x1fff81c4                SPI_DAC_initVar
 .bss           0x1fff81c5        0x1 .\ARM_GCC_493\Release\ADC_DAC.a(PWM_ADC_CK.o)
                0x1fff81c5                PWM_ADC_CK_initVar
 .bss           0x1fff81c6        0x1 .\ARM_GCC_493\Release\ADC_DAC.a(PWM_11.o)
                0x1fff81c6                PWM_11_initVar
 .bss           0x1fff81c7        0x1 .\ARM_GCC_493\Release\ADC_DAC.a(PWM_7.o)
                0x1fff81c7                PWM_7_initVar
 .bss           0x1fff81c8        0x1 .\ARM_GCC_493\Release\ADC_DAC.a(PWM_9.o)
                0x1fff81c8                PWM_9_initVar
 .bss           0x1fff81c9        0x1 .\ARM_GCC_493\Release\ADC_DAC.a(PWM_8.o)
                0x1fff81c9                PWM_8_initVar
 .bss           0x1fff81ca        0x1 .\ARM_GCC_493\Release\ADC_DAC.a(PWM_6.o)
                0x1fff81ca                PWM_6_initVar
 .bss           0x1fff81cb        0x1 .\ARM_GCC_493\Release\ADC_DAC.a(PWM_10.o)
                0x1fff81cb                PWM_10_initVar
 .bss           0x1fff81cc        0x1 .\ARM_GCC_493\Release\ADC_DAC.a(PWM_4.o)
                0x1fff81cc                PWM_4_initVar
 .bss           0x1fff81cd        0x1 .\ARM_GCC_493\Release\ADC_DAC.a(PWM_5.o)
                0x1fff81cd                PWM_5_initVar
 *fill*         0x1fff81ce        0x2 
 .bss           0x1fff81d0       0x10 .\ARM_GCC_493\Release\ADC_DAC.a(ADC_SAR_Seq.o)
                0x1fff81d0                ADC_SAR_Seq_initVar
 .bss           0x1fff81e0        0x1 .\ARM_GCC_493\Release\ADC_DAC.a(ADC_SAR_Seq_SAR.o)
                0x1fff81e0                ADC_SAR_Seq_SAR_initVar
 *(COMMON)
 *fill*         0x1fff81e1        0x3 
 COMMON         0x1fff81e4        0xa .\ARM_GCC_493\Release\ADC_DAC.a(ADC_SAR_1.o)
                0x1fff81e4                ADC_SAR_1_countsPerVolt
                0x1fff81e6                ADC_SAR_1_shift
                0x1fff81e8                ADC_SAR_1_countsPer10Volt
                0x1fff81ec                ADC_SAR_1_offset
 *fill*         0x1fff81ee        0x2 
 COMMON         0x1fff81f0        0x8 .\ARM_GCC_493\Release\ADC_DAC.a(ADC_SAR_Seq.o)
                0x1fff81f0                ADC_SAR_Seq_finalArray
 COMMON         0x1fff81f8        0xa .\ARM_GCC_493\Release\ADC_DAC.a(ADC_SAR_Seq_SAR.o)
                0x1fff81f8                ADC_SAR_Seq_SAR_offset
                0x1fff81fa                ADC_SAR_Seq_SAR_countsPerVolt
                0x1fff81fc                ADC_SAR_Seq_SAR_countsPer10Volt
                0x1fff8200                ADC_SAR_Seq_SAR_shift
                0x1fff8208                . = ALIGN (0x8)
 *fill*         0x1fff8202        0x6 
 *(.ram.b)
                0x1fff8208                _end = .
                0x1fff8208                __end = .
                0x1fff8208                PROVIDE (end, .)
                0x1fff8208                PROVIDE (__bss_end__, .)
                0x00003698                __cy_region_init_ram = LOADADDR (.data)
                0x00000088                __cy_region_init_size_ram = (_edata - ADDR (.data))
                0x00000078                __cy_region_zero_size_ram = (_end - _edata)

.heap           0x1fff8208       0x80 load address 0x00003720
                0x1fff8208                . = _end
                0x1fff8288                . = (. + 0x80)
 *fill*         0x1fff8208       0x80 
                0x1fff8288                __cy_heap_limit = .

.stack          0x20007800      0x800
                0x20007800                __cy_stack_limit = .
                0x20008000                . = (. + 0x800)
 *fill*         0x20007800      0x800 
                0x00000001                ASSERT ((__cy_stack_limit >= __cy_heap_limit), region RAM overflowed with stack)
                0x00000000                cy_checksum_exclude_size = (CY_APPL_LOADABLE == 0x1)?SIZEOF (.cy_checksum_exclude):0x0
                0x00000001                ASSERT ((cy_checksum_exclude_size <= CY_CHECKSUM_EXCLUDE_SIZE), CY_BOOT: Section .cy_checksum_exclude size exceedes specified limit.)

.cyloadermeta
 *(.cyloadermeta)

.cyloadablemeta
 *(.cyloadablemeta)

.cyconfigecc    0x80000000      0xe54
 *(.cyconfigecc)
 .cyconfigecc   0x80000000      0xe54 .\ARM_GCC_493\Release\cymetadata.o
                0x80000000                cy_meta_configecc

.cycustnvl      0x90000000        0x4
 *(.cycustnvl)
 .cycustnvl     0x90000000        0x4 .\ARM_GCC_493\Release\cymetadata.o
                0x90000000                cy_meta_custnvl

.cywolatch      0x90100000        0x4
 *(.cywolatch)
 .cywolatch     0x90100000        0x4 .\ARM_GCC_493\Release\cymetadata.o
                0x90100000                cy_meta_wonvl

.cyeeprom       0x90200000        0x0
 *(.cyeeprom)
                0x00000001                ASSERT ((. <= ((0x90200000 + ee_offset) + ee_size)), .cyeeprom data will not fit in EEPROM)

.cyflashprotect
                0x90400000      0x100
 *(.cyflashprotect)
 .cyflashprotect
                0x90400000      0x100 .\ARM_GCC_493\Release\cymetadata.o
                0x90400000                cy_meta_flashprotect

.cymeta         0x90500000        0xc
 *(.cymeta)
 .cymeta        0x90500000        0xc .\ARM_GCC_493\Release\cymetadata.o
                0x90500000                cy_metadata

.rel.dyn        0x00003720        0x0 load address 0x9050000c
 .rel.iplt      0x00000000        0x0 c:/program files (x86)/cypress/psoc creator/4.0/psoc creator/import/gnu/arm/4.9.3/bin/../lib/gcc/arm-none-eabi/4.9.3/armv7-m/crtbegin.o

.stab
 *(.stab)

.stabstr
 *(.stabstr)

.debug
 *(.debug)

.line
 *(.line)

.debug_srcinfo
 *(.debug_srcinfo)

.debug_sfnames
 *(.debug_sfnames)

.debug_aranges  0x00000000     0x12a8
 *(.debug_aranges)
 .debug_aranges
                0x00000000       0x38 .\ARM_GCC_493\Release\main.o
 .debug_aranges
                0x00000038       0x18 .\ARM_GCC_493\Release\cymetadata.o
 .debug_aranges
                0x00000050       0x48 .\ARM_GCC_493\Release\Cm3Start.o
 .debug_aranges
                0x00000098       0x60 .\ARM_GCC_493\Release\ADC_DAC.a(cyfitter_cfg.o)
 .debug_aranges
                0x000000f8       0x98 .\ARM_GCC_493\Release\ADC_DAC.a(LCD_Char_1.o)
 .debug_aranges
                0x00000190       0x20 .\ARM_GCC_493\Release\ADC_DAC.a(LCD_Char_1_CustChars.o)
 .debug_aranges
                0x000001b0       0xd8 .\ARM_GCC_493\Release\ADC_DAC.a(CyDmac.o)
 .debug_aranges
                0x00000288      0x2a0 .\ARM_GCC_493\Release\ADC_DAC.a(CyLib.o)
 .debug_aranges
                0x00000528       0x98 .\ARM_GCC_493\Release\ADC_DAC.a(cyPm.o)
 .debug_aranges
                0x000005c0       0x98 .\ARM_GCC_493\Release\ADC_DAC.a(ADC_SAR_1.o)
 .debug_aranges
                0x00000658       0x20 .\ARM_GCC_493\Release\ADC_DAC.a(ADC_SAR_1_INT.o)
 .debug_aranges
                0x00000678       0x40 .\ARM_GCC_493\Release\ADC_DAC.a(Opamp_1.o)
 .debug_aranges
                0x000006b8       0x40 .\ARM_GCC_493\Release\ADC_DAC.a(Opamp_2.o)
 .debug_aranges
                0x000006f8       0x80 .\ARM_GCC_493\Release\ADC_DAC.a(Filter.o)
 .debug_aranges
                0x00000778       0x28 .\ARM_GCC_493\Release\ADC_DAC.a(Filter_PVT.o)
 .debug_aranges
                0x000007a0       0x18 .\ARM_GCC_493\Release\ADC_DAC.a(Filter_RAM_Data.o)
 .debug_aranges
                0x000007b8       0xd8 .\ARM_GCC_493\Release\ADC_DAC.a(SPI_DAC.o)
 .debug_aranges
                0x00000890       0x70 .\ARM_GCC_493\Release\ADC_DAC.a(SPI_DAC_IntClock.o)
 .debug_aranges
                0x00000900       0x28 .\ARM_GCC_493\Release\ADC_DAC.a(ADC_1_OUT_LSB.o)
 .debug_aranges
                0x00000928       0x28 .\ARM_GCC_493\Release\ADC_DAC.a(ADC_1_OUT_MSB.o)
 .debug_aranges
                0x00000950       0x40 .\ARM_GCC_493\Release\ADC_DAC.a(DAC_IN_MSB.o)
 .debug_aranges
                0x00000990       0x40 .\ARM_GCC_493\Release\ADC_DAC.a(DAC_IN_LSB.o)
 .debug_aranges
                0x000009d0       0x78 .\ARM_GCC_493\Release\ADC_DAC.a(PWM_ADC_CK.o)
 .debug_aranges
                0x00000a48       0x98 .\ARM_GCC_493\Release\ADC_DAC.a(PWM_11.o)
 .debug_aranges
                0x00000ae0       0x98 .\ARM_GCC_493\Release\ADC_DAC.a(PWM_7.o)
 .debug_aranges
                0x00000b78       0x98 .\ARM_GCC_493\Release\ADC_DAC.a(PWM_9.o)
 .debug_aranges
                0x00000c10       0x98 .\ARM_GCC_493\Release\ADC_DAC.a(PWM_8.o)
 .debug_aranges
                0x00000ca8       0x98 .\ARM_GCC_493\Release\ADC_DAC.a(PWM_6.o)
 .debug_aranges
                0x00000d40       0x98 .\ARM_GCC_493\Release\ADC_DAC.a(PWM_10.o)
 .debug_aranges
                0x00000dd8       0x98 .\ARM_GCC_493\Release\ADC_DAC.a(PWM_4.o)
 .debug_aranges
                0x00000e70       0x98 .\ARM_GCC_493\Release\ADC_DAC.a(PWM_5.o)
 .debug_aranges
                0x00000f08       0xa0 .\ARM_GCC_493\Release\ADC_DAC.a(ADC_SAR_Seq.o)
 .debug_aranges
                0x00000fa8       0x20 .\ARM_GCC_493\Release\ADC_DAC.a(ADC_SAR_Seq_INT.o)
 .debug_aranges
                0x00000fc8       0xa8 .\ARM_GCC_493\Release\ADC_DAC.a(ADC_SAR_Seq_SAR.o)
 .debug_aranges
                0x00001070       0x28 .\ARM_GCC_493\Release\ADC_DAC.a(ADC_SAR_Seq_TempBuf_dma.o)
 .debug_aranges
                0x00001098       0x28 .\ARM_GCC_493\Release\ADC_DAC.a(ADC_SAR_Seq_FinalBuf_dma.o)
 .debug_aranges
                0x000010c0       0x80 .\ARM_GCC_493\Release\ADC_DAC.a(ADC_SAR_Seq_IRQ.o)
 .debug_aranges
                0x00001140       0x28 .\ARM_GCC_493\Release\ADC_DAC.a(DIV_MASK_MSB.o)
 .debug_aranges
                0x00001168       0x28 .\ARM_GCC_493\Release\ADC_DAC.a(DIV_MASK_LSB.o)
 .debug_aranges
                0x00001190       0x20 .\ARM_GCC_493\Release\ADC_DAC.a(CyBootAsmGnu.o)
 .debug_aranges
                0x000011b0       0x80 .\ARM_GCC_493\Release\ADC_DAC.a(CyFlash.o)
 .debug_aranges
                0x00001230       0x78 .\ARM_GCC_493\Release\ADC_DAC.a(CySpc.o)

.debug_pubnames
 *(.debug_pubnames)

.debug_info     0x00000000     0x70ea
 *(.debug_info .gnu.linkonce.wi.*)
 .debug_info    0x00000000      0x227 .\ARM_GCC_493\Release\main.o
 .debug_info    0x00000227      0x13f .\ARM_GCC_493\Release\cymetadata.o
 .debug_info    0x00000366      0x319 .\ARM_GCC_493\Release\Cm3Start.o
 .debug_info    0x0000067f      0x47a .\ARM_GCC_493\Release\ADC_DAC.a(cyfitter_cfg.o)
 .debug_info    0x00000af9      0x3e8 .\ARM_GCC_493\Release\ADC_DAC.a(LCD_Char_1.o)
 .debug_info    0x00000ee1       0xf7 .\ARM_GCC_493\Release\ADC_DAC.a(LCD_Char_1_CustChars.o)
 .debug_info    0x00000fd8      0x8b4 .\ARM_GCC_493\Release\ADC_DAC.a(CyDmac.o)
 .debug_info    0x0000188c      0xe4a .\ARM_GCC_493\Release\ADC_DAC.a(CyLib.o)
 .debug_info    0x000026d6      0x561 .\ARM_GCC_493\Release\ADC_DAC.a(cyPm.o)
 .debug_info    0x00002c37      0x454 .\ARM_GCC_493\Release\ADC_DAC.a(ADC_SAR_1.o)
 .debug_info    0x0000308b       0x92 .\ARM_GCC_493\Release\ADC_DAC.a(ADC_SAR_1_INT.o)
 .debug_info    0x0000311d      0x11e .\ARM_GCC_493\Release\ADC_DAC.a(Opamp_1.o)
 .debug_info    0x0000323b      0x11e .\ARM_GCC_493\Release\ADC_DAC.a(Opamp_2.o)
 .debug_info    0x00003359      0x3aa .\ARM_GCC_493\Release\ADC_DAC.a(Filter.o)
 .debug_info    0x00003703       0xe9 .\ARM_GCC_493\Release\ADC_DAC.a(Filter_PVT.o)
 .debug_info    0x000037ec      0x12b .\ARM_GCC_493\Release\ADC_DAC.a(Filter_RAM_Data.o)
 .debug_info    0x00003917      0x40a .\ARM_GCC_493\Release\ADC_DAC.a(SPI_DAC.o)
 .debug_info    0x00003d21      0x25d .\ARM_GCC_493\Release\ADC_DAC.a(SPI_DAC_IntClock.o)
 .debug_info    0x00003f7e       0xd7 .\ARM_GCC_493\Release\ADC_DAC.a(ADC_1_OUT_LSB.o)
 .debug_info    0x00004055       0xd7 .\ARM_GCC_493\Release\ADC_DAC.a(ADC_1_OUT_MSB.o)
 .debug_info    0x0000412c      0x13b .\ARM_GCC_493\Release\ADC_DAC.a(DAC_IN_MSB.o)
 .debug_info    0x00004267      0x13b .\ARM_GCC_493\Release\ADC_DAC.a(DAC_IN_LSB.o)
 .debug_info    0x000043a2      0x22e .\ARM_GCC_493\Release\ADC_DAC.a(PWM_ADC_CK.o)
 .debug_info    0x000045d0      0x283 .\ARM_GCC_493\Release\ADC_DAC.a(PWM_11.o)
 .debug_info    0x00004853      0x283 .\ARM_GCC_493\Release\ADC_DAC.a(PWM_7.o)
 .debug_info    0x00004ad6      0x283 .\ARM_GCC_493\Release\ADC_DAC.a(PWM_9.o)
 .debug_info    0x00004d59      0x283 .\ARM_GCC_493\Release\ADC_DAC.a(PWM_8.o)
 .debug_info    0x00004fdc      0x283 .\ARM_GCC_493\Release\ADC_DAC.a(PWM_6.o)
 .debug_info    0x0000525f      0x283 .\ARM_GCC_493\Release\ADC_DAC.a(PWM_10.o)
 .debug_info    0x000054e2      0x283 .\ARM_GCC_493\Release\ADC_DAC.a(PWM_4.o)
 .debug_info    0x00005765      0x283 .\ARM_GCC_493\Release\ADC_DAC.a(PWM_5.o)
 .debug_info    0x000059e8      0x3a4 .\ARM_GCC_493\Release\ADC_DAC.a(ADC_SAR_Seq.o)
 .debug_info    0x00005d8c       0x99 .\ARM_GCC_493\Release\ADC_DAC.a(ADC_SAR_Seq_INT.o)
 .debug_info    0x00005e25      0x45b .\ARM_GCC_493\Release\ADC_DAC.a(ADC_SAR_Seq_SAR.o)
 .debug_info    0x00006280      0x114 .\ARM_GCC_493\Release\ADC_DAC.a(ADC_SAR_Seq_TempBuf_dma.o)
 .debug_info    0x00006394      0x114 .\ARM_GCC_493\Release\ADC_DAC.a(ADC_SAR_Seq_FinalBuf_dma.o)
 .debug_info    0x000064a8      0x23a .\ARM_GCC_493\Release\ADC_DAC.a(ADC_SAR_Seq_IRQ.o)
 .debug_info    0x000066e2       0xd7 .\ARM_GCC_493\Release\ADC_DAC.a(DIV_MASK_MSB.o)
 .debug_info    0x000067b9       0xd7 .\ARM_GCC_493\Release\ADC_DAC.a(DIV_MASK_LSB.o)
 .debug_info    0x00006890       0x9d .\ARM_GCC_493\Release\ADC_DAC.a(CyBootAsmGnu.o)
 .debug_info    0x0000692d      0x36a .\ARM_GCC_493\Release\ADC_DAC.a(CyFlash.o)
 .debug_info    0x00006c97      0x453 .\ARM_GCC_493\Release\ADC_DAC.a(CySpc.o)

.debug_abbrev   0x00000000     0x29b7
 *(.debug_abbrev)
 .debug_abbrev  0x00000000      0x10b .\ARM_GCC_493\Release\main.o
 .debug_abbrev  0x0000010b       0x77 .\ARM_GCC_493\Release\cymetadata.o
 .debug_abbrev  0x00000182      0x1b6 .\ARM_GCC_493\Release\Cm3Start.o
 .debug_abbrev  0x00000338      0x1b7 .\ARM_GCC_493\Release\ADC_DAC.a(cyfitter_cfg.o)
 .debug_abbrev  0x000004ef      0x131 .\ARM_GCC_493\Release\ADC_DAC.a(LCD_Char_1.o)
 .debug_abbrev  0x00000620       0xa2 .\ARM_GCC_493\Release\ADC_DAC.a(LCD_Char_1_CustChars.o)
 .debug_abbrev  0x000006c2      0x194 .\ARM_GCC_493\Release\ADC_DAC.a(CyDmac.o)
 .debug_abbrev  0x00000856      0x217 .\ARM_GCC_493\Release\ADC_DAC.a(CyLib.o)
 .debug_abbrev  0x00000a6d      0x17b .\ARM_GCC_493\Release\ADC_DAC.a(cyPm.o)
 .debug_abbrev  0x00000be8      0x15b .\ARM_GCC_493\Release\ADC_DAC.a(ADC_SAR_1.o)
 .debug_abbrev  0x00000d43       0x42 .\ARM_GCC_493\Release\ADC_DAC.a(ADC_SAR_1_INT.o)
 .debug_abbrev  0x00000d85       0xa8 .\ARM_GCC_493\Release\ADC_DAC.a(Opamp_1.o)
 .debug_abbrev  0x00000e2d       0xa8 .\ARM_GCC_493\Release\ADC_DAC.a(Opamp_2.o)
 .debug_abbrev  0x00000ed5      0x15e .\ARM_GCC_493\Release\ADC_DAC.a(Filter.o)
 .debug_abbrev  0x00001033       0x7f .\ARM_GCC_493\Release\ADC_DAC.a(Filter_PVT.o)
 .debug_abbrev  0x000010b2       0x66 .\ARM_GCC_493\Release\ADC_DAC.a(Filter_RAM_Data.o)
 .debug_abbrev  0x00001118      0x156 .\ARM_GCC_493\Release\ADC_DAC.a(SPI_DAC.o)
 .debug_abbrev  0x0000126e      0x11d .\ARM_GCC_493\Release\ADC_DAC.a(SPI_DAC_IntClock.o)
 .debug_abbrev  0x0000138b       0x81 .\ARM_GCC_493\Release\ADC_DAC.a(ADC_1_OUT_LSB.o)
 .debug_abbrev  0x0000140c       0x81 .\ARM_GCC_493\Release\ADC_DAC.a(ADC_1_OUT_MSB.o)
 .debug_abbrev  0x0000148d       0xaa .\ARM_GCC_493\Release\ADC_DAC.a(DAC_IN_MSB.o)
 .debug_abbrev  0x00001537       0xaa .\ARM_GCC_493\Release\ADC_DAC.a(DAC_IN_LSB.o)
 .debug_abbrev  0x000015e1      0x116 .\ARM_GCC_493\Release\ADC_DAC.a(PWM_ADC_CK.o)
 .debug_abbrev  0x000016f7      0x12e .\ARM_GCC_493\Release\ADC_DAC.a(PWM_11.o)
 .debug_abbrev  0x00001825      0x12e .\ARM_GCC_493\Release\ADC_DAC.a(PWM_7.o)
 .debug_abbrev  0x00001953      0x12e .\ARM_GCC_493\Release\ADC_DAC.a(PWM_9.o)
 .debug_abbrev  0x00001a81      0x12e .\ARM_GCC_493\Release\ADC_DAC.a(PWM_8.o)
 .debug_abbrev  0x00001baf      0x12e .\ARM_GCC_493\Release\ADC_DAC.a(PWM_6.o)
 .debug_abbrev  0x00001cdd      0x12e .\ARM_GCC_493\Release\ADC_DAC.a(PWM_10.o)
 .debug_abbrev  0x00001e0b      0x12e .\ARM_GCC_493\Release\ADC_DAC.a(PWM_4.o)
 .debug_abbrev  0x00001f39      0x12e .\ARM_GCC_493\Release\ADC_DAC.a(PWM_5.o)
 .debug_abbrev  0x00002067      0x155 .\ARM_GCC_493\Release\ADC_DAC.a(ADC_SAR_Seq.o)
 .debug_abbrev  0x000021bc       0x42 .\ARM_GCC_493\Release\ADC_DAC.a(ADC_SAR_Seq_INT.o)
 .debug_abbrev  0x000021fe      0x173 .\ARM_GCC_493\Release\ADC_DAC.a(ADC_SAR_Seq_SAR.o)
 .debug_abbrev  0x00002371       0x8b .\ARM_GCC_493\Release\ADC_DAC.a(ADC_SAR_Seq_TempBuf_dma.o)
 .debug_abbrev  0x000023fc       0x8b .\ARM_GCC_493\Release\ADC_DAC.a(ADC_SAR_Seq_FinalBuf_dma.o)
 .debug_abbrev  0x00002487      0x172 .\ARM_GCC_493\Release\ADC_DAC.a(ADC_SAR_Seq_IRQ.o)
 .debug_abbrev  0x000025f9       0x81 .\ARM_GCC_493\Release\ADC_DAC.a(DIV_MASK_MSB.o)
 .debug_abbrev  0x0000267a       0x81 .\ARM_GCC_493\Release\ADC_DAC.a(DIV_MASK_LSB.o)
 .debug_abbrev  0x000026fb       0x14 .\ARM_GCC_493\Release\ADC_DAC.a(CyBootAsmGnu.o)
 .debug_abbrev  0x0000270f      0x13c .\ARM_GCC_493\Release\ADC_DAC.a(CyFlash.o)
 .debug_abbrev  0x0000284b      0x16c .\ARM_GCC_493\Release\ADC_DAC.a(CySpc.o)

.debug_line     0x00000000     0x3cfb
 *(.debug_line)
 .debug_line    0x00000000      0x208 .\ARM_GCC_493\Release\main.o
 .debug_line    0x00000208       0x51 .\ARM_GCC_493\Release\cymetadata.o
 .debug_line    0x00000259      0x1db .\ARM_GCC_493\Release\Cm3Start.o
 .debug_line    0x00000434      0x235 .\ARM_GCC_493\Release\ADC_DAC.a(cyfitter_cfg.o)
 .debug_line    0x00000669      0x1f9 .\ARM_GCC_493\Release\ADC_DAC.a(LCD_Char_1.o)
 .debug_line    0x00000862       0x82 .\ARM_GCC_493\Release\ADC_DAC.a(LCD_Char_1_CustChars.o)
 .debug_line    0x000008e4      0x2b5 .\ARM_GCC_493\Release\ADC_DAC.a(CyDmac.o)
 .debug_line    0x00000b99      0x82c .\ARM_GCC_493\Release\ADC_DAC.a(CyLib.o)
 .debug_line    0x000013c5      0x376 .\ARM_GCC_493\Release\ADC_DAC.a(cyPm.o)
 .debug_line    0x0000173b      0x1e6 .\ARM_GCC_493\Release\ADC_DAC.a(ADC_SAR_1.o)
 .debug_line    0x00001921       0x59 .\ARM_GCC_493\Release\ADC_DAC.a(ADC_SAR_1_INT.o)
 .debug_line    0x0000197a       0xaf .\ARM_GCC_493\Release\ADC_DAC.a(Opamp_1.o)
 .debug_line    0x00001a29       0xaf .\ARM_GCC_493\Release\ADC_DAC.a(Opamp_2.o)
 .debug_line    0x00001ad8      0x180 .\ARM_GCC_493\Release\ADC_DAC.a(Filter.o)
 .debug_line    0x00001c58       0x76 .\ARM_GCC_493\Release\ADC_DAC.a(Filter_PVT.o)
 .debug_line    0x00001cce       0x56 .\ARM_GCC_493\Release\ADC_DAC.a(Filter_RAM_Data.o)
 .debug_line    0x00001d24      0x269 .\ARM_GCC_493\Release\ADC_DAC.a(SPI_DAC.o)
 .debug_line    0x00001f8d      0x1ab .\ARM_GCC_493\Release\ADC_DAC.a(SPI_DAC_IntClock.o)
 .debug_line    0x00002138       0x76 .\ARM_GCC_493\Release\ADC_DAC.a(ADC_1_OUT_LSB.o)
 .debug_line    0x000021ae       0x76 .\ARM_GCC_493\Release\ADC_DAC.a(ADC_1_OUT_MSB.o)
 .debug_line    0x00002224       0xae .\ARM_GCC_493\Release\ADC_DAC.a(DAC_IN_MSB.o)
 .debug_line    0x000022d2       0xad .\ARM_GCC_493\Release\ADC_DAC.a(DAC_IN_LSB.o)
 .debug_line    0x0000237f      0x145 .\ARM_GCC_493\Release\ADC_DAC.a(PWM_ADC_CK.o)
 .debug_line    0x000024c4      0x187 .\ARM_GCC_493\Release\ADC_DAC.a(PWM_11.o)
 .debug_line    0x0000264b      0x186 .\ARM_GCC_493\Release\ADC_DAC.a(PWM_7.o)
 .debug_line    0x000027d1      0x186 .\ARM_GCC_493\Release\ADC_DAC.a(PWM_9.o)
 .debug_line    0x00002957      0x186 .\ARM_GCC_493\Release\ADC_DAC.a(PWM_8.o)
 .debug_line    0x00002add      0x186 .\ARM_GCC_493\Release\ADC_DAC.a(PWM_6.o)
 .debug_line    0x00002c63      0x187 .\ARM_GCC_493\Release\ADC_DAC.a(PWM_10.o)
 .debug_line    0x00002dea      0x186 .\ARM_GCC_493\Release\ADC_DAC.a(PWM_4.o)
 .debug_line    0x00002f70      0x186 .\ARM_GCC_493\Release\ADC_DAC.a(PWM_5.o)
 .debug_line    0x000030f6      0x1cf .\ARM_GCC_493\Release\ADC_DAC.a(ADC_SAR_Seq.o)
 .debug_line    0x000032c5       0x5b .\ARM_GCC_493\Release\ADC_DAC.a(ADC_SAR_Seq_INT.o)
 .debug_line    0x00003320      0x20d .\ARM_GCC_493\Release\ADC_DAC.a(ADC_SAR_Seq_SAR.o)
 .debug_line    0x0000352d       0x86 .\ARM_GCC_493\Release\ADC_DAC.a(ADC_SAR_Seq_TempBuf_dma.o)
 .debug_line    0x000035b3       0x87 .\ARM_GCC_493\Release\ADC_DAC.a(ADC_SAR_Seq_FinalBuf_dma.o)
 .debug_line    0x0000363a      0x15a .\ARM_GCC_493\Release\ADC_DAC.a(ADC_SAR_Seq_IRQ.o)
 .debug_line    0x00003794       0x75 .\ARM_GCC_493\Release\ADC_DAC.a(DIV_MASK_MSB.o)
 .debug_line    0x00003809       0x75 .\ARM_GCC_493\Release\ADC_DAC.a(DIV_MASK_LSB.o)
 .debug_line    0x0000387e       0x66 .\ARM_GCC_493\Release\ADC_DAC.a(CyBootAsmGnu.o)
 .debug_line    0x000038e4      0x202 .\ARM_GCC_493\Release\ADC_DAC.a(CyFlash.o)
 .debug_line    0x00003ae6      0x215 .\ARM_GCC_493\Release\ADC_DAC.a(CySpc.o)

.debug_frame    0x00000000     0x48a4
 *(.debug_frame)
 .debug_frame   0x00000000       0xa0 .\ARM_GCC_493\Release\main.o
 .debug_frame   0x000000a0       0xd8 .\ARM_GCC_493\Release\Cm3Start.o
 .debug_frame   0x00000178      0x16c .\ARM_GCC_493\Release\ADC_DAC.a(cyfitter_cfg.o)
 .debug_frame   0x000002e4      0x260 .\ARM_GCC_493\Release\ADC_DAC.a(LCD_Char_1.o)
 .debug_frame   0x00000544       0x38 .\ARM_GCC_493\Release\ADC_DAC.a(LCD_Char_1_CustChars.o)
 .debug_frame   0x0000057c      0x3d0 .\ARM_GCC_493\Release\ADC_DAC.a(CyDmac.o)
 .debug_frame   0x0000094c      0xc0c .\ARM_GCC_493\Release\ADC_DAC.a(CyLib.o)
 .debug_frame   0x00001558      0x234 .\ARM_GCC_493\Release\ADC_DAC.a(cyPm.o)
 .debug_frame   0x0000178c      0x278 .\ARM_GCC_493\Release\ADC_DAC.a(ADC_SAR_1.o)
 .debug_frame   0x00001a04       0x34 .\ARM_GCC_493\Release\ADC_DAC.a(ADC_SAR_1_INT.o)
 .debug_frame   0x00001a38       0xb8 .\ARM_GCC_493\Release\ADC_DAC.a(Opamp_1.o)
 .debug_frame   0x00001af0       0xb8 .\ARM_GCC_493\Release\ADC_DAC.a(Opamp_2.o)
 .debug_frame   0x00001ba8      0x204 .\ARM_GCC_493\Release\ADC_DAC.a(Filter.o)
 .debug_frame   0x00001dac       0x60 .\ARM_GCC_493\Release\ADC_DAC.a(Filter_PVT.o)
 .debug_frame   0x00001e0c      0x38c .\ARM_GCC_493\Release\ADC_DAC.a(SPI_DAC.o)
 .debug_frame   0x00002198      0x1b4 .\ARM_GCC_493\Release\ADC_DAC.a(SPI_DAC_IntClock.o)
 .debug_frame   0x0000234c       0x5c .\ARM_GCC_493\Release\ADC_DAC.a(ADC_1_OUT_LSB.o)
 .debug_frame   0x000023a8       0x5c .\ARM_GCC_493\Release\ADC_DAC.a(ADC_1_OUT_MSB.o)
 .debug_frame   0x00002404       0xd0 .\ARM_GCC_493\Release\ADC_DAC.a(DAC_IN_MSB.o)
 .debug_frame   0x000024d4       0xd0 .\ARM_GCC_493\Release\ADC_DAC.a(DAC_IN_LSB.o)
 .debug_frame   0x000025a4      0x1d0 .\ARM_GCC_493\Release\ADC_DAC.a(PWM_ADC_CK.o)
 .debug_frame   0x00002774      0x25c .\ARM_GCC_493\Release\ADC_DAC.a(PWM_11.o)
 .debug_frame   0x000029d0      0x25c .\ARM_GCC_493\Release\ADC_DAC.a(PWM_7.o)
 .debug_frame   0x00002c2c      0x25c .\ARM_GCC_493\Release\ADC_DAC.a(PWM_9.o)
 .debug_frame   0x00002e88      0x25c .\ARM_GCC_493\Release\ADC_DAC.a(PWM_8.o)
 .debug_frame   0x000030e4      0x25c .\ARM_GCC_493\Release\ADC_DAC.a(PWM_6.o)
 .debug_frame   0x00003340      0x25c .\ARM_GCC_493\Release\ADC_DAC.a(PWM_10.o)
 .debug_frame   0x0000359c      0x25c .\ARM_GCC_493\Release\ADC_DAC.a(PWM_4.o)
 .debug_frame   0x000037f8      0x25c .\ARM_GCC_493\Release\ADC_DAC.a(PWM_5.o)
 .debug_frame   0x00003a54      0x264 .\ARM_GCC_493\Release\ADC_DAC.a(ADC_SAR_Seq.o)
 .debug_frame   0x00003cb8       0x34 .\ARM_GCC_493\Release\ADC_DAC.a(ADC_SAR_Seq_INT.o)
 .debug_frame   0x00003cec      0x2c0 .\ARM_GCC_493\Release\ADC_DAC.a(ADC_SAR_Seq_SAR.o)
 .debug_frame   0x00003fac       0x58 .\ARM_GCC_493\Release\ADC_DAC.a(ADC_SAR_Seq_TempBuf_dma.o)
 .debug_frame   0x00004004       0x58 .\ARM_GCC_493\Release\ADC_DAC.a(ADC_SAR_Seq_FinalBuf_dma.o)
 .debug_frame   0x0000405c      0x1e8 .\ARM_GCC_493\Release\ADC_DAC.a(ADC_SAR_Seq_IRQ.o)
 .debug_frame   0x00004244       0x5c .\ARM_GCC_493\Release\ADC_DAC.a(DIV_MASK_MSB.o)
 .debug_frame   0x000042a0       0x5c .\ARM_GCC_493\Release\ADC_DAC.a(DIV_MASK_LSB.o)
 .debug_frame   0x000042fc      0x210 .\ARM_GCC_493\Release\ADC_DAC.a(CyFlash.o)
 .debug_frame   0x0000450c      0x1f8 .\ARM_GCC_493\Release\ADC_DAC.a(CySpc.o)
 .debug_frame   0x00004704       0x28 c:/program files (x86)/cypress/psoc creator/4.0/psoc creator/import/gnu/arm/4.9.3/bin/../lib/gcc/arm-none-eabi/4.9.3/armv7-m\libgcc.a(_aeabi_ldivmod.o)
 .debug_frame   0x0000472c       0x54 c:/program files (x86)/cypress/psoc creator/4.0/psoc creator/import/gnu/arm/4.9.3/bin/../lib/gcc/arm-none-eabi/4.9.3/armv7-m\libgcc.a(bpabi.o)
 .debug_frame   0x00004780       0x34 c:/program files (x86)/cypress/psoc creator/4.0/psoc creator/import/gnu/arm/4.9.3/bin/../lib/gcc/arm-none-eabi/4.9.3/armv7-m\libgcc.a(_divdi3.o)
 .debug_frame   0x000047b4       0x34 c:/program files (x86)/cypress/psoc creator/4.0/psoc creator/import/gnu/arm/4.9.3/bin/../lib/gcc/arm-none-eabi/4.9.3/armv7-m\libgcc.a(_udivdi3.o)
 .debug_frame   0x000047e8       0x20 c:/program files (x86)/cypress/psoc creator/4.0/psoc creator/import/gnu/arm/4.9.3/bin/../lib/gcc/arm-none-eabi/4.9.3/../../../../arm-none-eabi/lib/armv7-m\libg_nano.a(lib_a-errno.o)
 .debug_frame   0x00004808       0x28 c:/program files (x86)/cypress/psoc creator/4.0/psoc creator/import/gnu/arm/4.9.3/bin/../lib/gcc/arm-none-eabi/4.9.3/../../../../arm-none-eabi/lib/armv7-m\libg_nano.a(lib_a-exit.o)
 .debug_frame   0x00004830       0x2c c:/program files (x86)/cypress/psoc creator/4.0/psoc creator/import/gnu/arm/4.9.3/bin/../lib/gcc/arm-none-eabi/4.9.3/../../../../arm-none-eabi/lib/armv7-m\libg_nano.a(lib_a-init.o)
 .debug_frame   0x0000485c       0x28 c:/program files (x86)/cypress/psoc creator/4.0/psoc creator/import/gnu/arm/4.9.3/bin/../lib/gcc/arm-none-eabi/4.9.3/../../../../arm-none-eabi/lib/armv7-m\libg_nano.a(lib_a-memcpy.o)
 .debug_frame   0x00004884       0x20 c:/program files (x86)/cypress/psoc creator/4.0/psoc creator/import/gnu/arm/4.9.3/bin/../lib/gcc/arm-none-eabi/4.9.3/../../../../arm-none-eabi/lib/armv7-m\libg_nano.a(lib_a-memset.o)

.debug_str      0x00000000     0x3924
 *(.debug_str)
 .debug_str     0x00000000      0x228 .\ARM_GCC_493\Release\main.o
                                0x273 (size before relaxing)
 .debug_str     0x00000228       0x75 .\ARM_GCC_493\Release\cymetadata.o
                                0x1f7 (size before relaxing)
 .debug_str     0x0000029d      0x13c .\ARM_GCC_493\Release\Cm3Start.o
                                0x2d8 (size before relaxing)
 .debug_str     0x000003d9      0x183 .\ARM_GCC_493\Release\ADC_DAC.a(cyfitter_cfg.o)
                                0x33f (size before relaxing)
 .debug_str     0x0000055c      0x214 .\ARM_GCC_493\Release\ADC_DAC.a(LCD_Char_1.o)
                                0x3bd (size before relaxing)
 .debug_str     0x00000770       0x54 .\ARM_GCC_493\Release\ADC_DAC.a(LCD_Char_1_CustChars.o)
                                0x1f5 (size before relaxing)
 .debug_str     0x000007c4      0x366 .\ARM_GCC_493\Release\ADC_DAC.a(CyDmac.o)
                                0x51e (size before relaxing)
 .debug_str     0x00000b2a      0x7ca .\ARM_GCC_493\Release\ADC_DAC.a(CyLib.o)
                                0x9eb (size before relaxing)
 .debug_str     0x000012f4      0x365 .\ARM_GCC_493\Release\ADC_DAC.a(cyPm.o)
                                0x538 (size before relaxing)
 .debug_str     0x00001659      0x233 .\ARM_GCC_493\Release\ADC_DAC.a(ADC_SAR_1.o)
                                0x411 (size before relaxing)
 .debug_str     0x0000188c       0x35 .\ARM_GCC_493\Release\ADC_DAC.a(ADC_SAR_1_INT.o)
                                0x1a8 (size before relaxing)
 .debug_str     0x000018c1       0x79 .\ARM_GCC_493\Release\ADC_DAC.a(Opamp_1.o)
                                0x206 (size before relaxing)
 .debug_str     0x0000193a       0x79 .\ARM_GCC_493\Release\ADC_DAC.a(Opamp_2.o)
                                0x206 (size before relaxing)
 .debug_str     0x000019b3      0x157 .\ARM_GCC_493\Release\ADC_DAC.a(Filter.o)
                                0x30c (size before relaxing)
 .debug_str     0x00001b0a       0x55 .\ARM_GCC_493\Release\ADC_DAC.a(Filter_PVT.o)
                                0x1dc (size before relaxing)
 .debug_str     0x00001b5f       0x29 .\ARM_GCC_493\Release\ADC_DAC.a(Filter_RAM_Data.o)
                                0x1ed (size before relaxing)
 .debug_str     0x00001b88      0x266 .\ARM_GCC_493\Release\ADC_DAC.a(SPI_DAC.o)
                                0x41a (size before relaxing)
 .debug_str     0x00001dee      0x1ce .\ARM_GCC_493\Release\ADC_DAC.a(SPI_DAC_IntClock.o)
                                0x367 (size before relaxing)
 .debug_str     0x00001fbc       0x4e .\ARM_GCC_493\Release\ADC_DAC.a(ADC_1_OUT_LSB.o)
                                0x1d4 (size before relaxing)
 .debug_str     0x0000200a       0x4e .\ARM_GCC_493\Release\ADC_DAC.a(ADC_1_OUT_MSB.o)
                                0x1d4 (size before relaxing)
 .debug_str     0x00002058       0x94 .\ARM_GCC_493\Release\ADC_DAC.a(DAC_IN_MSB.o)
                                0x22f (size before relaxing)
 .debug_str     0x000020ec       0x94 .\ARM_GCC_493\Release\ADC_DAC.a(DAC_IN_LSB.o)
                                0x22f (size before relaxing)
 .debug_str     0x00002180      0x178 .\ARM_GCC_493\Release\ADC_DAC.a(PWM_ADC_CK.o)
                                0x314 (size before relaxing)
 .debug_str     0x000022f8      0x180 .\ARM_GCC_493\Release\ADC_DAC.a(PWM_11.o)
                                0x338 (size before relaxing)
 .debug_str     0x00002478      0x165 .\ARM_GCC_493\Release\ADC_DAC.a(PWM_7.o)
                                0x325 (size before relaxing)
 .debug_str     0x000025dd      0x165 .\ARM_GCC_493\Release\ADC_DAC.a(PWM_9.o)
                                0x325 (size before relaxing)
 .debug_str     0x00002742      0x165 .\ARM_GCC_493\Release\ADC_DAC.a(PWM_8.o)
                                0x325 (size before relaxing)
 .debug_str     0x000028a7      0x165 .\ARM_GCC_493\Release\ADC_DAC.a(PWM_6.o)
                                0x325 (size before relaxing)
 .debug_str     0x00002a0c      0x178 .\ARM_GCC_493\Release\ADC_DAC.a(PWM_10.o)
                                0x338 (size before relaxing)
 .debug_str     0x00002b84      0x165 .\ARM_GCC_493\Release\ADC_DAC.a(PWM_4.o)
                                0x325 (size before relaxing)
 .debug_str     0x00002ce9      0x165 .\ARM_GCC_493\Release\ADC_DAC.a(PWM_5.o)
                                0x325 (size before relaxing)
 .debug_str     0x00002e4e      0x25d .\ARM_GCC_493\Release\ADC_DAC.a(ADC_SAR_Seq.o)
                                0x450 (size before relaxing)
 .debug_str     0x000030ab       0x39 .\ARM_GCC_493\Release\ADC_DAC.a(ADC_SAR_Seq_INT.o)
                                0x1b5 (size before relaxing)
 .debug_str     0x000030e4      0x27c .\ARM_GCC_493\Release\ADC_DAC.a(ADC_SAR_Seq_SAR.o)
                                0x4c1 (size before relaxing)
 .debug_str     0x00003360       0xcb .\ARM_GCC_493\Release\ADC_DAC.a(ADC_SAR_Seq_TempBuf_dma.o)
                                0x254 (size before relaxing)
 .debug_str     0x0000342b       0x94 .\ARM_GCC_493\Release\ADC_DAC.a(ADC_SAR_Seq_FinalBuf_dma.o)
                                0x258 (size before relaxing)
 .debug_str     0x000034bf      0x172 .\ARM_GCC_493\Release\ADC_DAC.a(ADC_SAR_Seq_IRQ.o)
                                0x333 (size before relaxing)
 .debug_str     0x00003631       0x4b .\ARM_GCC_493\Release\ADC_DAC.a(DIV_MASK_MSB.o)
                                0x1d1 (size before relaxing)
 .debug_str     0x0000367c       0x4b .\ARM_GCC_493\Release\ADC_DAC.a(DIV_MASK_LSB.o)
                                0x1d1 (size before relaxing)
 .debug_str     0x000036c7      0x13e .\ARM_GCC_493\Release\ADC_DAC.a(CyFlash.o)
                                0x2f7 (size before relaxing)
 .debug_str     0x00003805      0x11f .\ARM_GCC_493\Release\ADC_DAC.a(CySpc.o)
                                0x2f4 (size before relaxing)

.debug_loc
 *(.debug_loc)

.debug_macinfo
 *(.debug_macinfo)

.debug_ranges   0x00000000      0xfe8
 *(.debug_ranges)
 .debug_ranges  0x00000000       0x28 .\ARM_GCC_493\Release\main.o
 .debug_ranges  0x00000028       0x38 .\ARM_GCC_493\Release\Cm3Start.o
 .debug_ranges  0x00000060       0x50 .\ARM_GCC_493\Release\ADC_DAC.a(cyfitter_cfg.o)
 .debug_ranges  0x000000b0       0x88 .\ARM_GCC_493\Release\ADC_DAC.a(LCD_Char_1.o)
 .debug_ranges  0x00000138       0x10 .\ARM_GCC_493\Release\ADC_DAC.a(LCD_Char_1_CustChars.o)
 .debug_ranges  0x00000148       0xc8 .\ARM_GCC_493\Release\ADC_DAC.a(CyDmac.o)
 .debug_ranges  0x00000210      0x290 .\ARM_GCC_493\Release\ADC_DAC.a(CyLib.o)
 .debug_ranges  0x000004a0       0x88 .\ARM_GCC_493\Release\ADC_DAC.a(cyPm.o)
 .debug_ranges  0x00000528       0x88 .\ARM_GCC_493\Release\ADC_DAC.a(ADC_SAR_1.o)
 .debug_ranges  0x000005b0       0x10 .\ARM_GCC_493\Release\ADC_DAC.a(ADC_SAR_1_INT.o)
 .debug_ranges  0x000005c0       0x30 .\ARM_GCC_493\Release\ADC_DAC.a(Opamp_1.o)
 .debug_ranges  0x000005f0       0x30 .\ARM_GCC_493\Release\ADC_DAC.a(Opamp_2.o)
 .debug_ranges  0x00000620       0x70 .\ARM_GCC_493\Release\ADC_DAC.a(Filter.o)
 .debug_ranges  0x00000690       0x18 .\ARM_GCC_493\Release\ADC_DAC.a(Filter_PVT.o)
 .debug_ranges  0x000006a8       0xc8 .\ARM_GCC_493\Release\ADC_DAC.a(SPI_DAC.o)
 .debug_ranges  0x00000770       0x60 .\ARM_GCC_493\Release\ADC_DAC.a(SPI_DAC_IntClock.o)
 .debug_ranges  0x000007d0       0x18 .\ARM_GCC_493\Release\ADC_DAC.a(ADC_1_OUT_LSB.o)
 .debug_ranges  0x000007e8       0x18 .\ARM_GCC_493\Release\ADC_DAC.a(ADC_1_OUT_MSB.o)
 .debug_ranges  0x00000800       0x30 .\ARM_GCC_493\Release\ADC_DAC.a(DAC_IN_MSB.o)
 .debug_ranges  0x00000830       0x30 .\ARM_GCC_493\Release\ADC_DAC.a(DAC_IN_LSB.o)
 .debug_ranges  0x00000860       0x68 .\ARM_GCC_493\Release\ADC_DAC.a(PWM_ADC_CK.o)
 .debug_ranges  0x000008c8       0x88 .\ARM_GCC_493\Release\ADC_DAC.a(PWM_11.o)
 .debug_ranges  0x00000950       0x88 .\ARM_GCC_493\Release\ADC_DAC.a(PWM_7.o)
 .debug_ranges  0x000009d8       0x88 .\ARM_GCC_493\Release\ADC_DAC.a(PWM_9.o)
 .debug_ranges  0x00000a60       0x88 .\ARM_GCC_493\Release\ADC_DAC.a(PWM_8.o)
 .debug_ranges  0x00000ae8       0x88 .\ARM_GCC_493\Release\ADC_DAC.a(PWM_6.o)
 .debug_ranges  0x00000b70       0x88 .\ARM_GCC_493\Release\ADC_DAC.a(PWM_10.o)
 .debug_ranges  0x00000bf8       0x88 .\ARM_GCC_493\Release\ADC_DAC.a(PWM_4.o)
 .debug_ranges  0x00000c80       0x88 .\ARM_GCC_493\Release\ADC_DAC.a(PWM_5.o)
 .debug_ranges  0x00000d08       0x90 .\ARM_GCC_493\Release\ADC_DAC.a(ADC_SAR_Seq.o)
 .debug_ranges  0x00000d98       0x10 .\ARM_GCC_493\Release\ADC_DAC.a(ADC_SAR_Seq_INT.o)
 .debug_ranges  0x00000da8       0x98 .\ARM_GCC_493\Release\ADC_DAC.a(ADC_SAR_Seq_SAR.o)
 .debug_ranges  0x00000e40       0x18 .\ARM_GCC_493\Release\ADC_DAC.a(ADC_SAR_Seq_TempBuf_dma.o)
 .debug_ranges  0x00000e58       0x18 .\ARM_GCC_493\Release\ADC_DAC.a(ADC_SAR_Seq_FinalBuf_dma.o)
 .debug_ranges  0x00000e70       0x70 .\ARM_GCC_493\Release\ADC_DAC.a(ADC_SAR_Seq_IRQ.o)
 .debug_ranges  0x00000ee0       0x18 .\ARM_GCC_493\Release\ADC_DAC.a(DIV_MASK_MSB.o)
 .debug_ranges  0x00000ef8       0x18 .\ARM_GCC_493\Release\ADC_DAC.a(DIV_MASK_LSB.o)
 .debug_ranges  0x00000f10       0x70 .\ARM_GCC_493\Release\ADC_DAC.a(CyFlash.o)
 .debug_ranges  0x00000f80       0x68 .\ARM_GCC_493\Release\ADC_DAC.a(CySpc.o)

.comment        0x00000000       0x70
 .comment       0x00000000       0x70 .\ARM_GCC_493\Release\main.o
                                 0x71 (size before relaxing)
 .comment       0x00000000       0x71 .\ARM_GCC_493\Release\cymetadata.o
 .comment       0x00000000       0x71 .\ARM_GCC_493\Release\Cm3Start.o
 .comment       0x00000000       0x71 .\ARM_GCC_493\Release\ADC_DAC.a(cyfitter_cfg.o)
 .comment       0x00000000       0x71 .\ARM_GCC_493\Release\ADC_DAC.a(LCD_Char_1.o)
 .comment       0x00000000       0x71 .\ARM_GCC_493\Release\ADC_DAC.a(LCD_Char_1_CustChars.o)
 .comment       0x00000000       0x71 .\ARM_GCC_493\Release\ADC_DAC.a(CyDmac.o)
 .comment       0x00000000       0x71 .\ARM_GCC_493\Release\ADC_DAC.a(CyLib.o)
 .comment       0x00000000       0x71 .\ARM_GCC_493\Release\ADC_DAC.a(cyPm.o)
 .comment       0x00000000       0x71 .\ARM_GCC_493\Release\ADC_DAC.a(ADC_SAR_1.o)
 .comment       0x00000000       0x71 .\ARM_GCC_493\Release\ADC_DAC.a(ADC_SAR_1_INT.o)
 .comment       0x00000000       0x71 .\ARM_GCC_493\Release\ADC_DAC.a(Opamp_1.o)
 .comment       0x00000000       0x71 .\ARM_GCC_493\Release\ADC_DAC.a(Opamp_2.o)
 .comment       0x00000000       0x71 .\ARM_GCC_493\Release\ADC_DAC.a(Filter.o)
 .comment       0x00000000       0x71 .\ARM_GCC_493\Release\ADC_DAC.a(Filter_PVT.o)
 .comment       0x00000000       0x71 .\ARM_GCC_493\Release\ADC_DAC.a(Filter_RAM_Data.o)
 .comment       0x00000000       0x71 .\ARM_GCC_493\Release\ADC_DAC.a(SPI_DAC.o)
 .comment       0x00000000       0x71 .\ARM_GCC_493\Release\ADC_DAC.a(SPI_DAC_IntClock.o)
 .comment       0x00000000       0x71 .\ARM_GCC_493\Release\ADC_DAC.a(ADC_1_OUT_LSB.o)
 .comment       0x00000000       0x71 .\ARM_GCC_493\Release\ADC_DAC.a(ADC_1_OUT_MSB.o)
 .comment       0x00000000       0x71 .\ARM_GCC_493\Release\ADC_DAC.a(DAC_IN_MSB.o)
 .comment       0x00000000       0x71 .\ARM_GCC_493\Release\ADC_DAC.a(DAC_IN_LSB.o)
 .comment       0x00000000       0x71 .\ARM_GCC_493\Release\ADC_DAC.a(PWM_ADC_CK.o)
 .comment       0x00000000       0x71 .\ARM_GCC_493\Release\ADC_DAC.a(PWM_11.o)
 .comment       0x00000000       0x71 .\ARM_GCC_493\Release\ADC_DAC.a(PWM_7.o)
 .comment       0x00000000       0x71 .\ARM_GCC_493\Release\ADC_DAC.a(PWM_9.o)
 .comment       0x00000000       0x71 .\ARM_GCC_493\Release\ADC_DAC.a(PWM_8.o)
 .comment       0x00000000       0x71 .\ARM_GCC_493\Release\ADC_DAC.a(PWM_6.o)
 .comment       0x00000000       0x71 .\ARM_GCC_493\Release\ADC_DAC.a(PWM_10.o)
 .comment       0x00000000       0x71 .\ARM_GCC_493\Release\ADC_DAC.a(PWM_4.o)
 .comment       0x00000000       0x71 .\ARM_GCC_493\Release\ADC_DAC.a(PWM_5.o)
 .comment       0x00000000       0x71 .\ARM_GCC_493\Release\ADC_DAC.a(ADC_SAR_Seq.o)
 .comment       0x00000000       0x71 .\ARM_GCC_493\Release\ADC_DAC.a(ADC_SAR_Seq_INT.o)
 .comment       0x00000000       0x71 .\ARM_GCC_493\Release\ADC_DAC.a(ADC_SAR_Seq_SAR.o)
 .comment       0x00000000       0x71 .\ARM_GCC_493\Release\ADC_DAC.a(ADC_SAR_Seq_TempBuf_dma.o)
 .comment       0x00000000       0x71 .\ARM_GCC_493\Release\ADC_DAC.a(ADC_SAR_Seq_FinalBuf_dma.o)
 .comment       0x00000000       0x71 .\ARM_GCC_493\Release\ADC_DAC.a(ADC_SAR_Seq_IRQ.o)
 .comment       0x00000000       0x71 .\ARM_GCC_493\Release\ADC_DAC.a(DIV_MASK_MSB.o)
 .comment       0x00000000       0x71 .\ARM_GCC_493\Release\ADC_DAC.a(DIV_MASK_LSB.o)
 .comment       0x00000000       0x71 .\ARM_GCC_493\Release\ADC_DAC.a(CyFlash.o)
 .comment       0x00000000       0x71 .\ARM_GCC_493\Release\ADC_DAC.a(CySpc.o)

.debug_weaknames
 *(.debug_weaknames)

.debug_funcnames
 *(.debug_funcnames)

.debug_typenames
 *(.debug_typenames)

.debug_varnames
 *(.debug_varnames)

.note.gnu.arm.ident
 *(.note.gnu.arm.ident)

.ARM.attributes
                0x00000000       0x29
 *(.ARM.attributes)
 .ARM.attributes
                0x00000000       0x1d c:/program files (x86)/cypress/psoc creator/4.0/psoc creator/import/gnu/arm/4.9.3/bin/../lib/gcc/arm-none-eabi/4.9.3/armv7-m/crti.o
 .ARM.attributes
                0x0000001d       0x2d c:/program files (x86)/cypress/psoc creator/4.0/psoc creator/import/gnu/arm/4.9.3/bin/../lib/gcc/arm-none-eabi/4.9.3/armv7-m/crtbegin.o
 .ARM.attributes
                0x0000004a       0x1b c:/program files (x86)/cypress/psoc creator/4.0/psoc creator/import/gnu/arm/4.9.3/bin/../lib/gcc/arm-none-eabi/4.9.3/../../../../arm-none-eabi/lib/armv7-m/crt0.o
 .ARM.attributes
                0x00000065       0x33 .\ARM_GCC_493\Release\main.o
 .ARM.attributes
                0x00000098       0x33 .\ARM_GCC_493\Release\cymetadata.o
 .ARM.attributes
                0x000000cb       0x33 .\ARM_GCC_493\Release\Cm3Start.o
 .ARM.attributes
                0x000000fe       0x33 .\ARM_GCC_493\Release\ADC_DAC.a(cyfitter_cfg.o)
 .ARM.attributes
                0x00000131       0x33 .\ARM_GCC_493\Release\ADC_DAC.a(LCD_Char_1.o)
 .ARM.attributes
                0x00000164       0x33 .\ARM_GCC_493\Release\ADC_DAC.a(LCD_Char_1_CustChars.o)
 .ARM.attributes
                0x00000197       0x33 .\ARM_GCC_493\Release\ADC_DAC.a(CyDmac.o)
 .ARM.attributes
                0x000001ca       0x33 .\ARM_GCC_493\Release\ADC_DAC.a(CyLib.o)
 .ARM.attributes
                0x000001fd       0x33 .\ARM_GCC_493\Release\ADC_DAC.a(cyPm.o)
 .ARM.attributes
                0x00000230       0x33 .\ARM_GCC_493\Release\ADC_DAC.a(ADC_SAR_1.o)
 .ARM.attributes
                0x00000263       0x33 .\ARM_GCC_493\Release\ADC_DAC.a(ADC_SAR_1_INT.o)
 .ARM.attributes
                0x00000296       0x33 .\ARM_GCC_493\Release\ADC_DAC.a(Opamp_1.o)
 .ARM.attributes
                0x000002c9       0x33 .\ARM_GCC_493\Release\ADC_DAC.a(Opamp_2.o)
 .ARM.attributes
                0x000002fc       0x33 .\ARM_GCC_493\Release\ADC_DAC.a(Filter.o)
 .ARM.attributes
                0x0000032f       0x33 .\ARM_GCC_493\Release\ADC_DAC.a(Filter_PVT.o)
 .ARM.attributes
                0x00000362       0x33 .\ARM_GCC_493\Release\ADC_DAC.a(Filter_RAM_Data.o)
 .ARM.attributes
                0x00000395       0x33 .\ARM_GCC_493\Release\ADC_DAC.a(SPI_DAC.o)
 .ARM.attributes
                0x000003c8       0x33 .\ARM_GCC_493\Release\ADC_DAC.a(SPI_DAC_IntClock.o)
 .ARM.attributes
                0x000003fb       0x33 .\ARM_GCC_493\Release\ADC_DAC.a(ADC_1_OUT_LSB.o)
 .ARM.attributes
                0x0000042e       0x33 .\ARM_GCC_493\Release\ADC_DAC.a(ADC_1_OUT_MSB.o)
 .ARM.attributes
                0x00000461       0x33 .\ARM_GCC_493\Release\ADC_DAC.a(DAC_IN_MSB.o)
 .ARM.attributes
                0x00000494       0x33 .\ARM_GCC_493\Release\ADC_DAC.a(DAC_IN_LSB.o)
 .ARM.attributes
                0x000004c7       0x33 .\ARM_GCC_493\Release\ADC_DAC.a(PWM_ADC_CK.o)
 .ARM.attributes
                0x000004fa       0x33 .\ARM_GCC_493\Release\ADC_DAC.a(PWM_11.o)
 .ARM.attributes
                0x0000052d       0x33 .\ARM_GCC_493\Release\ADC_DAC.a(PWM_7.o)
 .ARM.attributes
                0x00000560       0x33 .\ARM_GCC_493\Release\ADC_DAC.a(PWM_9.o)
 .ARM.attributes
                0x00000593       0x33 .\ARM_GCC_493\Release\ADC_DAC.a(PWM_8.o)
 .ARM.attributes
                0x000005c6       0x33 .\ARM_GCC_493\Release\ADC_DAC.a(PWM_6.o)
 .ARM.attributes
                0x000005f9       0x33 .\ARM_GCC_493\Release\ADC_DAC.a(PWM_10.o)
 .ARM.attributes
                0x0000062c       0x33 .\ARM_GCC_493\Release\ADC_DAC.a(PWM_4.o)
 .ARM.attributes
                0x0000065f       0x33 .\ARM_GCC_493\Release\ADC_DAC.a(PWM_5.o)
 .ARM.attributes
                0x00000692       0x33 .\ARM_GCC_493\Release\ADC_DAC.a(ADC_SAR_Seq.o)
 .ARM.attributes
                0x000006c5       0x33 .\ARM_GCC_493\Release\ADC_DAC.a(ADC_SAR_Seq_INT.o)
 .ARM.attributes
                0x000006f8       0x33 .\ARM_GCC_493\Release\ADC_DAC.a(ADC_SAR_Seq_SAR.o)
 .ARM.attributes
                0x0000072b       0x33 .\ARM_GCC_493\Release\ADC_DAC.a(ADC_SAR_Seq_TempBuf_dma.o)
 .ARM.attributes
                0x0000075e       0x33 .\ARM_GCC_493\Release\ADC_DAC.a(ADC_SAR_Seq_FinalBuf_dma.o)
 .ARM.attributes
                0x00000791       0x33 .\ARM_GCC_493\Release\ADC_DAC.a(ADC_SAR_Seq_IRQ.o)
 .ARM.attributes
                0x000007c4       0x33 .\ARM_GCC_493\Release\ADC_DAC.a(DIV_MASK_MSB.o)
 .ARM.attributes
                0x000007f7       0x33 .\ARM_GCC_493\Release\ADC_DAC.a(DIV_MASK_LSB.o)
 .ARM.attributes
                0x0000082a       0x21 .\ARM_GCC_493\Release\ADC_DAC.a(CyBootAsmGnu.o)
 .ARM.attributes
                0x0000084b       0x33 .\ARM_GCC_493\Release\ADC_DAC.a(CyFlash.o)
 .ARM.attributes
                0x0000087e       0x33 .\ARM_GCC_493\Release\ADC_DAC.a(CySpc.o)
 .ARM.attributes
                0x000008b1       0x1d c:/program files (x86)/cypress/psoc creator/4.0/psoc creator/import/gnu/arm/4.9.3/bin/../lib/gcc/arm-none-eabi/4.9.3/armv7-m\libgcc.a(_arm_addsubsf3.o)
 .ARM.attributes
                0x000008ce       0x1d c:/program files (x86)/cypress/psoc creator/4.0/psoc creator/import/gnu/arm/4.9.3/bin/../lib/gcc/arm-none-eabi/4.9.3/armv7-m\libgcc.a(_arm_muldivsf3.o)
 .ARM.attributes
                0x000008eb       0x1d c:/program files (x86)/cypress/psoc creator/4.0/psoc creator/import/gnu/arm/4.9.3/bin/../lib/gcc/arm-none-eabi/4.9.3/armv7-m\libgcc.a(_aeabi_ldivmod.o)
 .ARM.attributes
                0x00000908       0x2d c:/program files (x86)/cypress/psoc creator/4.0/psoc creator/import/gnu/arm/4.9.3/bin/../lib/gcc/arm-none-eabi/4.9.3/armv7-m\libgcc.a(bpabi.o)
 .ARM.attributes
                0x00000935       0x1d c:/program files (x86)/cypress/psoc creator/4.0/psoc creator/import/gnu/arm/4.9.3/bin/../lib/gcc/arm-none-eabi/4.9.3/armv7-m\libgcc.a(_dvmd_tls.o)
 .ARM.attributes
                0x00000952       0x2d c:/program files (x86)/cypress/psoc creator/4.0/psoc creator/import/gnu/arm/4.9.3/bin/../lib/gcc/arm-none-eabi/4.9.3/armv7-m\libgcc.a(_divdi3.o)
 .ARM.attributes
                0x0000097f       0x2d c:/program files (x86)/cypress/psoc creator/4.0/psoc creator/import/gnu/arm/4.9.3/bin/../lib/gcc/arm-none-eabi/4.9.3/armv7-m\libgcc.a(_udivdi3.o)
 .ARM.attributes
                0x000009ac       0x2d c:/program files (x86)/cypress/psoc creator/4.0/psoc creator/import/gnu/arm/4.9.3/bin/../lib/gcc/arm-none-eabi/4.9.3/../../../../arm-none-eabi/lib/armv7-m\libg_nano.a(lib_a-errno.o)
 .ARM.attributes
                0x000009d9       0x2d c:/program files (x86)/cypress/psoc creator/4.0/psoc creator/import/gnu/arm/4.9.3/bin/../lib/gcc/arm-none-eabi/4.9.3/../../../../arm-none-eabi/lib/armv7-m\libg_nano.a(lib_a-exit.o)
 .ARM.attributes
                0x00000a06       0x2d c:/program files (x86)/cypress/psoc creator/4.0/psoc creator/import/gnu/arm/4.9.3/bin/../lib/gcc/arm-none-eabi/4.9.3/../../../../arm-none-eabi/lib/armv7-m\libg_nano.a(lib_a-impure.o)
 .ARM.attributes
                0x00000a33       0x2d c:/program files (x86)/cypress/psoc creator/4.0/psoc creator/import/gnu/arm/4.9.3/bin/../lib/gcc/arm-none-eabi/4.9.3/../../../../arm-none-eabi/lib/armv7-m\libg_nano.a(lib_a-init.o)
 .ARM.attributes
                0x00000a60       0x2d c:/program files (x86)/cypress/psoc creator/4.0/psoc creator/import/gnu/arm/4.9.3/bin/../lib/gcc/arm-none-eabi/4.9.3/../../../../arm-none-eabi/lib/armv7-m\libg_nano.a(lib_a-memcpy.o)
 .ARM.attributes
                0x00000a8d       0x2d c:/program files (x86)/cypress/psoc creator/4.0/psoc creator/import/gnu/arm/4.9.3/bin/../lib/gcc/arm-none-eabi/4.9.3/../../../../arm-none-eabi/lib/armv7-m\libg_nano.a(lib_a-memset.o)
 .ARM.attributes
                0x00000aba       0x2d c:/program files (x86)/cypress/psoc creator/4.0/psoc creator/import/gnu/arm/4.9.3/bin/../lib/gcc/arm-none-eabi/4.9.3/armv7-m/crtend.o
 .ARM.attributes
                0x00000ae7       0x1d c:/program files (x86)/cypress/psoc creator/4.0/psoc creator/import/gnu/arm/4.9.3/bin/../lib/gcc/arm-none-eabi/4.9.3/armv7-m/crtn.o

/DISCARD/
 *(.note.GNU-stack)
OUTPUT(.\ARM_GCC_493\Release\ADC_DAC.elf elf32-littlearm)