Archive member included because of file (symbol)

.\ARM_GCC_493\Release\ADC_DAC.a(cyfitter_cfg.o)
                              .\ARM_GCC_493\Release\Cm3Start.o (cyfitter_cfg)
.\ARM_GCC_493\Release\ADC_DAC.a(LCD_Char_1.o)
                              .\ARM_GCC_493\Release\main.o (LCD_Char_1_Start)
.\ARM_GCC_493\Release\ADC_DAC.a(LCD_Char_1_CustChars.o)
                              .\ARM_GCC_493\Release\ADC_DAC.a(LCD_Char_1.o) (LCD_Char_1_customFonts)
.\ARM_GCC_493\Release\ADC_DAC.a(CyDmac.o)
                              .\ARM_GCC_493\Release\Cm3Start.o (CyDmacConfigure)
.\ARM_GCC_493\Release\ADC_DAC.a(CyLib.o)
                              .\ARM_GCC_493\Release\Cm3Start.o (CyResetStatus)
.\ARM_GCC_493\Release\ADC_DAC.a(cyPm.o)
                              .\ARM_GCC_493\Release\ADC_DAC.a(CyLib.o) (CyPmReadStatus)
.\ARM_GCC_493\Release\ADC_DAC.a(ADC_SAR_1.o)
                              .\ARM_GCC_493\Release\main.o (ADC_SAR_1_Start)
.\ARM_GCC_493\Release\ADC_DAC.a(ADC_SAR_1_INT.o)
                              .\ARM_GCC_493\Release\ADC_DAC.a(ADC_SAR_1.o) (ADC_SAR_1_ISR)
.\ARM_GCC_493\Release\ADC_DAC.a(Opamp_1.o)
                              .\ARM_GCC_493\Release\main.o (Opamp_1_Start)
.\ARM_GCC_493\Release\ADC_DAC.a(Opamp_2.o)
                              .\ARM_GCC_493\Release\main.o (Opamp_2_Start)
.\ARM_GCC_493\Release\ADC_DAC.a(Filter.o)
                              .\ARM_GCC_493\Release\main.o (Filter_Start)
.\ARM_GCC_493\Release\ADC_DAC.a(Filter_PVT.o)
                              .\ARM_GCC_493\Release\ADC_DAC.a(Filter.o) (Filter_SetInterruptMode)
.\ARM_GCC_493\Release\ADC_DAC.a(Filter_RAM_Data.o)
                              .\ARM_GCC_493\Release\ADC_DAC.a(Filter.o) (Filter_control)
.\ARM_GCC_493\Release\ADC_DAC.a(SPI_DAC.o)
                              .\ARM_GCC_493\Release\main.o (SPI_DAC_Start)
.\ARM_GCC_493\Release\ADC_DAC.a(SPI_DAC_IntClock.o)
                              .\ARM_GCC_493\Release\ADC_DAC.a(SPI_DAC.o) (SPI_DAC_IntClock_Start)
.\ARM_GCC_493\Release\ADC_DAC.a(ADC_1_OUT_LSB.o)
                              .\ARM_GCC_493\Release\main.o (ADC_1_OUT_LSB_Write)
.\ARM_GCC_493\Release\ADC_DAC.a(ADC_1_OUT_MSB.o)
                              .\ARM_GCC_493\Release\main.o (ADC_1_OUT_MSB_Write)
.\ARM_GCC_493\Release\ADC_DAC.a(DAC_IN_MSB.o)
                              .\ARM_GCC_493\Release\main.o (DAC_IN_MSB_Read)
.\ARM_GCC_493\Release\ADC_DAC.a(DAC_IN_LSB.o)
                              .\ARM_GCC_493\Release\main.o (DAC_IN_LSB_Read)
.\ARM_GCC_493\Release\ADC_DAC.a(PWM_ADC_CK.o)
                              .\ARM_GCC_493\Release\main.o (PWM_ADC_CK_Start)
.\ARM_GCC_493\Release\ADC_DAC.a(PWM_11.o)
                              .\ARM_GCC_493\Release\main.o (PWM_11_Start)
.\ARM_GCC_493\Release\ADC_DAC.a(PWM_7.o)
                              .\ARM_GCC_493\Release\main.o (PWM_7_Start)
.\ARM_GCC_493\Release\ADC_DAC.a(PWM_9.o)
                              .\ARM_GCC_493\Release\main.o (PWM_9_Start)
.\ARM_GCC_493\Release\ADC_DAC.a(PWM_8.o)
                              .\ARM_GCC_493\Release\main.o (PWM_8_Start)
.\ARM_GCC_493\Release\ADC_DAC.a(PWM_6.o)
                              .\ARM_GCC_493\Release\main.o (PWM_6_Start)
.\ARM_GCC_493\Release\ADC_DAC.a(PWM_10.o)
                              .\ARM_GCC_493\Release\main.o (PWM_10_Start)
.\ARM_GCC_493\Release\ADC_DAC.a(PWM_4.o)
                              .\ARM_GCC_493\Release\main.o (PWM_4_Start)
.\ARM_GCC_493\Release\ADC_DAC.a(PWM_5.o)
                              .\ARM_GCC_493\Release\main.o (PWM_5_Start)
.\ARM_GCC_493\Release\ADC_DAC.a(ADC_SAR_Seq.o)
                              .\ARM_GCC_493\Release\main.o (ADC_SAR_Seq_Start)
.\ARM_GCC_493\Release\ADC_DAC.a(ADC_SAR_Seq_INT.o)
                              .\ARM_GCC_493\Release\ADC_DAC.a(ADC_SAR_Seq.o) (ADC_SAR_Seq_ISR)
.\ARM_GCC_493\Release\ADC_DAC.a(ADC_SAR_Seq_SAR.o)
                              .\ARM_GCC_493\Release\ADC_DAC.a(ADC_SAR_Seq.o) (ADC_SAR_Seq_SAR_shift)
.\ARM_GCC_493\Release\ADC_DAC.a(ADC_SAR_Seq_TempBuf_dma.o)
                              .\ARM_GCC_493\Release\ADC_DAC.a(ADC_SAR_Seq.o) (ADC_SAR_Seq_TempBuf_DmaInitialize)
.\ARM_GCC_493\Release\ADC_DAC.a(ADC_SAR_Seq_FinalBuf_dma.o)
                              .\ARM_GCC_493\Release\ADC_DAC.a(ADC_SAR_Seq.o) (ADC_SAR_Seq_FinalBuf_DmaInitialize)
.\ARM_GCC_493\Release\ADC_DAC.a(ADC_SAR_Seq_IRQ.o)
                              .\ARM_GCC_493\Release\ADC_DAC.a(ADC_SAR_Seq.o) (ADC_SAR_Seq_IRQ_SetVector)
.\ARM_GCC_493\Release\ADC_DAC.a(DIV_MASK_LSB.o)
                              .\ARM_GCC_493\Release\main.o (DIV_MASK_LSB_Write)
.\ARM_GCC_493\Release\ADC_DAC.a(CyBootAsmGnu.o)
                              .\ARM_GCC_493\Release\ADC_DAC.a(cyfitter_cfg.o) (CyDelayCycles)
.\ARM_GCC_493\Release\ADC_DAC.a(CyFlash.o)
                              .\ARM_GCC_493\Release\ADC_DAC.a(cyPm.o) (CyFlash_SetWaitCycles)
.\ARM_GCC_493\Release\ADC_DAC.a(CySpc.o)
                              .\ARM_GCC_493\Release\ADC_DAC.a(CyFlash.o) (CySpcStart)
[...]
Memory Configuration

Name             Origin             Length             Attributes
rom              0x00000000         0x00040000         xr
ram              0x1fff8000         0x00010000         xrw
*default*        0x00000000         0xffffffff

Linker script and memory map

LOAD c:/program files (x86)/cypress/psoc creator/4.0/psoc creator/import/gnu/arm/4.9.3/bin/../lib/gcc/arm-none-eabi/4.9.3/armv7-m/crti.o
LOAD c:/program files (x86)/cypress/psoc creator/4.0/psoc creator/import/gnu/arm/4.9.3/bin/../lib/gcc/arm-none-eabi/4.9.3/armv7-m/crtbegin.o
LOAD c:/program files (x86)/cypress/psoc creator/4.0/psoc creator/import/gnu/arm/4.9.3/bin/../lib/gcc/arm-none-eabi/4.9.3/../../../../arm-none-eabi/lib/armv7-m/crt0.o
START GROUP
LOAD .\ARM_GCC_493\Release\main.o
LOAD .\ARM_GCC_493\Release\cymetadata.o
LOAD .\ARM_GCC_493\Release\Cm3Start.o
LOAD .\ARM_GCC_493\Release\ADC_DAC.a
LOAD C:\Program Files (x86)\Cypress\PSoC Creator\4.0\PSoC Creator\psoc\content\cycomponentlibrary\CyComponentLibrary.cylib\CortexM3\ARM_GCC_493\Release\CyComponentLibrary.a
END GROUP
START GROUP
LOAD c:/program files (x86)/cypress/psoc creator/4.0/psoc creator/import/gnu/arm/4.9.3/bin/../lib/gcc/arm-none-eabi/4.9.3/armv7-m\libgcc.a
LOAD c:/program files (x86)/cypress/psoc creator/4.0/psoc creator/import/gnu/arm/4.9.3/bin/../lib/gcc/arm-none-eabi/4.9.3/../../../../arm-none-eabi/lib/armv7-m\libg_nano.a
LOAD c:/program files (x86)/cypress/psoc creator/4.0/psoc creator/import/gnu/arm/4.9.3/bin/../lib/gcc/arm-none-eabi/4.9.3/../../../../arm-none-eabi/lib/armv7-m\libc_nano.a
END GROUP
START GROUP
LOAD c:/program files (x86)/cypress/psoc creator/4.0/psoc creator/import/gnu/arm/4.9.3/bin/../lib/gcc/arm-none-eabi/4.9.3/armv7-m\libgcc.a
LOAD c:/program files (x86)/cypress/psoc creator/4.0/psoc creator/import/gnu/arm/4.9.3/bin/../lib/gcc/arm-none-eabi/4.9.3/../../../../arm-none-eabi/lib/armv7-m\libc_nano.a
END GROUP
LOAD c:/program files (x86)/cypress/psoc creator/4.0/psoc creator/import/gnu/arm/4.9.3/bin/../lib/gcc/arm-none-eabi/4.9.3/armv7-m/crtend.o
LOAD c:/program files (x86)/cypress/psoc creator/4.0/psoc creator/import/gnu/arm/4.9.3/bin/../lib/gcc/arm-none-eabi/4.9.3/armv7-m/crtn.o
START GROUP
LOAD c:/program files (x86)/cypress/psoc creator/4.0/psoc creator/import/gnu/arm/4.9.3/bin/../lib/gcc/arm-none-eabi/4.9.3/armv7-m\libgcc.a
LOAD c:/program files (x86)/cypress/psoc creator/4.0/psoc creator/import/gnu/arm/4.9.3/bin/../lib/gcc/arm-none-eabi/4.9.3/../../../../arm-none-eabi/lib/armv7-m\libc.a
LOAD c:/program files (x86)/cypress/psoc creator/4.0/psoc creator/import/gnu/arm/4.9.3/bin/../lib/gcc/arm-none-eabi/4.9.3/../../../../arm-none-eabi/lib/armv7-m\libnosys.a
END GROUP
                0x00000000                CY_APPL_ORIGIN = 0x0
                0x00000100                CY_FLASH_ROW_SIZE = 0x100
                0x00000020                CY_ECC_ROW_SIZE = 0x20
                0x00000000                CY_EE_IN_BTLDR = 0x0
                0x00000000                CY_APPL_LOADABLE = 0x0
                0x00000800                CY_EE_SIZE = 0x800
                0x00000001                CY_APPL_NUM = 0x1
                0x00000001                CY_APPL_MAX = 0x1
                0x00000040                CY_METADATA_SIZE = 0x40
                0x00000000                CY_APPL_LOADABLE = 0x0
                0x00000000                CY_CHECKSUM_EXCLUDE_SIZE = ALIGN (0x0, CY_FLASH_ROW_SIZE)
                0x1fff8210                PROVIDE (__cy_heap_start, _end)
                0x00000001                PROVIDE (__cy_region_num, ((__cy_regions_end - __cy_regions) / 0x10))
                0x20008000                PROVIDE (__cy_stack, (ORIGIN (ram) + 0x10000))
                0x20007800                PROVIDE (__cy_heap_end, (__cy_stack - 0x800))

.cybootloader   0x00000000        0x0
 *(.cybootloader)
                0x00000000                appl1_start = CY_APPL_ORIGIN?CY_APPL_ORIGIN:ALIGN (CY_FLASH_ROW_SIZE)
                0x0001ff00                appl2_start = (appl1_start + ALIGN ((((0x40000 - appl1_start) - (0x2 * CY_FLASH_ROW_SIZE)) / 0x2), CY_FLASH_ROW_SIZE))
                0x00000000                appl_start = (CY_APPL_NUM == 0x1)?appl1_start:appl2_start
                0x00000000                ecc_offset = ((appl_start / CY_FLASH_ROW_SIZE) * CY_ECC_ROW_SIZE)
                0x00000000                ee_offset = (CY_APPL_LOADABLE && ! (CY_EE_IN_BTLDR))?((CY_EE_SIZE / CY_APPL_MAX) * (CY_APPL_NUM - 0x1)):0x0
                0x00000800                ee_size = (CY_APPL_LOADABLE && ! (CY_EE_IN_BTLDR))?(CY_EE_SIZE / CY_APPL_MAX):CY_EE_SIZE
                0x00000000                PROVIDE (CY_ECC_OFFSET, ecc_offset)

.text           0x00000000     0x2f5e
 CREATE_OBJECT_SYMBOLS
                0x00000000                PROVIDE (__cy_interrupt_vector, RomVectors)
 *(.romvectors)
 .romvectors    0x00000000       0x10 .\ARM_GCC_493\Release\Cm3Start.o
                0x00000000                RomVectors
                0x00000001                ASSERT ((. != __cy_interrupt_vector), No interrupt vector)
                0x00000001                ASSERT (CY_APPL_ORIGIN?(SIZEOF (.cybootloader) <= CY_APPL_ORIGIN):0x1, Wrong image location)
                0x00000010                PROVIDE (__cy_reset, Reset)
 *(.text.Reset)
 .text.Reset    0x00000010       0x18 .\ARM_GCC_493\Release\Cm3Start.o
                0x00000010                Reset
                0x00000001                ASSERT ((. != __cy_reset), No reset code)
 *(.dma_init)
                0x00000001                ASSERT ((((appl_start + .) <= 0x10000) || 0x1), DMA Init must be within the first 64k of flash)
 *(.text .text.* .gnu.linkonce.t.*)
 .text          0x00000028       0x5c c:/program files (x86)/cypress/psoc creator/4.0/psoc creator/import/gnu/arm/4.9.3/bin/../lib/gcc/arm-none-eabi/4.9.3/armv7-m/crtbegin.o
 .text.main     0x00000084      0x19c .\ARM_GCC_493\Release\main.o
                0x00000084                main
 .text.Effect   0x00000220      0x160 .\ARM_GCC_493\Release\main.o
                0x00000220                Effect
 .text.PWM_Start
                0x00000380       0x50 .\ARM_GCC_493\Release\main.o
                0x00000380                PWM_Start
 .text.IntDefaultHandler
                0x000003d0       0x14 .\ARM_GCC_493\Release\Cm3Start.o
                0x000003d0                IntDefaultHandler
 .text.Start_c  0x000003e4       0x98 .\ARM_GCC_493\Release\Cm3Start.o
                0x000003e4                Start_c
 .text.initialize_psoc
                0x0000047c       0x90 .\ARM_GCC_493\Release\Cm3Start.o
                0x0000047c                initialize_psoc
 .text.CYMEMZERO
                0x0000050c       0x1c .\ARM_GCC_493\Release\ADC_DAC.a(cyfitter_cfg.o)
 .text.CYCONFIGCPY
                0x00000528       0x1c .\ARM_GCC_493\Release\ADC_DAC.a(cyfitter_cfg.o)
 .text.CyClockStartupError
                0x00000544        0xc .\ARM_GCC_493\Release\ADC_DAC.a(cyfitter_cfg.o)
 .text.cfg_write_bytes32
                0x00000550       0x74 .\ARM_GCC_493\Release\ADC_DAC.a(cyfitter_cfg.o)
 .text.ClockSetup
                0x000005c4      0x128 .\ARM_GCC_493\Release\ADC_DAC.a(cyfitter_cfg.o)
 .text.AnalogSetDefault
                0x000006ec      0x104 .\ARM_GCC_493\Release\ADC_DAC.a(cyfitter_cfg.o)
 .text.cyfitter_cfg
                0x000007f0      0x1bc .\ARM_GCC_493\Release\ADC_DAC.a(cyfitter_cfg.o)
                0x000007f0                cyfitter_cfg
 .text.LCD_Char_1_Init
                0x000009ac       0x78 .\ARM_GCC_493\Release\ADC_DAC.a(LCD_Char_1.o)
                0x000009ac                LCD_Char_1_Init
 .text.LCD_Char_1_Enable
                0x00000a24       0x18 .\ARM_GCC_493\Release\ADC_DAC.a(LCD_Char_1.o)
                0x00000a24                LCD_Char_1_Enable
 .text.LCD_Char_1_Start
                0x00000a3c       0x20 .\ARM_GCC_493\Release\ADC_DAC.a(LCD_Char_1.o)
                0x00000a3c                LCD_Char_1_Start
 .text.LCD_Char_1_Position
                0x00000a5c       0x6c .\ARM_GCC_493\Release\ADC_DAC.a(LCD_Char_1.o)
                0x00000a5c                LCD_Char_1_Position
 .text.LCD_Char_1_PrintString
                0x00000ac8       0x38 .\ARM_GCC_493\Release\ADC_DAC.a(LCD_Char_1.o)
                0x00000ac8                LCD_Char_1_PrintString
 .text.LCD_Char_1_PutChar
                0x00000b00       0x18 .\ARM_GCC_493\Release\ADC_DAC.a(LCD_Char_1.o)
                0x00000b00                LCD_Char_1_PutChar
 .text.LCD_Char_1_WriteData
                0x00000b18       0x34 .\ARM_GCC_493\Release\ADC_DAC.a(LCD_Char_1.o)
                0x00000b18                LCD_Char_1_WriteData
 .text.LCD_Char_1_WriteControl
                0x00000b4c       0x34 .\ARM_GCC_493\Release\ADC_DAC.a(LCD_Char_1.o)
                0x00000b4c                LCD_Char_1_WriteControl
 .text.LCD_Char_1_IsReady
                0x00000b80      0x178 .\ARM_GCC_493\Release\ADC_DAC.a(LCD_Char_1.o)
                0x00000b80                LCD_Char_1_IsReady
 .text.LCD_Char_1_WrDatNib
                0x00000cf8       0x78 .\ARM_GCC_493\Release\ADC_DAC.a(LCD_Char_1.o)
 .text.LCD_Char_1_WrCntrlNib
                0x00000d70       0x60 .\ARM_GCC_493\Release\ADC_DAC.a(LCD_Char_1.o)
 .text.LCD_Char_1_PrintInt8
                0x00000dd0       0x38 .\ARM_GCC_493\Release\ADC_DAC.a(LCD_Char_1.o)
                0x00000dd0                LCD_Char_1_PrintInt8
 .text.LCD_Char_1_PrintInt16
                0x00000e08       0x28 .\ARM_GCC_493\Release\ADC_DAC.a(LCD_Char_1.o)
                0x00000e08                LCD_Char_1_PrintInt16
 .text.LCD_Char_1_LoadCustomFonts
                0x00000e30       0x44 .\ARM_GCC_493\Release\ADC_DAC.a(LCD_Char_1_CustChars.o)
                0x00000e30                LCD_Char_1_LoadCustomFonts
 .text.CyDmacConfigure
                0x00000e74       0x5c .\ARM_GCC_493\Release\ADC_DAC.a(CyDmac.o)
                0x00000e74                CyDmacConfigure
 .text.CyDmaChEnable
                0x00000ed0       0x8c .\ARM_GCC_493\Release\ADC_DAC.a(CyDmac.o)
                0x00000ed0                CyDmaChEnable
 .text.CyDmaClearPendingDrq
                0x00000f5c       0x64 .\ARM_GCC_493\Release\ADC_DAC.a(CyDmac.o)
                0x00000f5c                CyDmaClearPendingDrq
 .text.CyDmaChPriority
                0x00000fc0       0x60 .\ARM_GCC_493\Release\ADC_DAC.a(CyDmac.o)
                0x00000fc0                CyDmaChPriority
 .text.CyDmaChSetExtendedAddress
                0x00001020       0x7c .\ARM_GCC_493\Release\ADC_DAC.a(CyDmac.o)
                0x00001020                CyDmaChSetExtendedAddress
 .text.CyDmaChSetInitialTd
                0x0000109c       0x3c .\ARM_GCC_493\Release\ADC_DAC.a(CyDmac.o)
                0x0000109c                CyDmaChSetInitialTd
 .text.CyDmaChSetConfiguration
                0x000010d8       0xa0 .\ARM_GCC_493\Release\ADC_DAC.a(CyDmac.o)
                0x000010d8                CyDmaChSetConfiguration
 .text.CyDmaTdAllocate
                0x00001178       0x5c .\ARM_GCC_493\Release\ADC_DAC.a(CyDmac.o)
                0x00001178                CyDmaTdAllocate
 .text.CyDmaTdSetConfiguration
                0x000011d4       0x80 .\ARM_GCC_493\Release\ADC_DAC.a(CyDmac.o)
                0x000011d4                CyDmaTdSetConfiguration
 .text.CyDmaTdSetAddress
                0x00001254       0x5c .\ARM_GCC_493\Release\ADC_DAC.a(CyDmac.o)
                0x00001254                CyDmaTdSetAddress
 .text.CyDelay  0x000012b0       0x44 .\ARM_GCC_493\Release\ADC_DAC.a(CyLib.o)
                0x000012b0                CyDelay
 .text.CyDelayUs
                0x000012f4       0x24 .\ARM_GCC_493\Release\ADC_DAC.a(CyLib.o)
                0x000012f4                CyDelayUs
 .text.CyIntSetVector
                0x00001318       0x48 .\ARM_GCC_493\Release\ADC_DAC.a(CyLib.o)
                0x00001318                CyIntSetVector
 .text.CyIntSetPriority
                0x00001360       0x30 .\ARM_GCC_493\Release\ADC_DAC.a(CyLib.o)
                0x00001360                CyIntSetPriority
 .text.ADC_SAR_1_Start
                0x00001390       0x20 .\ARM_GCC_493\Release\ADC_DAC.a(ADC_SAR_1.o)
                0x00001390                ADC_SAR_1_Start
 .text.ADC_SAR_1_Init
                0x000013b0       0x40 .\ARM_GCC_493\Release\ADC_DAC.a(ADC_SAR_1.o)
                0x000013b0                ADC_SAR_1_Init
 .text.ADC_SAR_1_Enable
                0x000013f0       0xcc .\ARM_GCC_493\Release\ADC_DAC.a(ADC_SAR_1.o)
                0x000013f0                ADC_SAR_1_Enable
 .text.ADC_SAR_1_SetResolution
                0x000014bc       0x4c .\ARM_GCC_493\Release\ADC_DAC.a(ADC_SAR_1.o)
                0x000014bc                ADC_SAR_1_SetResolution
 .text.ADC_SAR_1_IsEndConversion
                0x00001508       0x40 .\ARM_GCC_493\Release\ADC_DAC.a(ADC_SAR_1.o)
                0x00001508                ADC_SAR_1_IsEndConversion
 .text.ADC_SAR_1_GetResult16
                0x00001548       0x34 .\ARM_GCC_493\Release\ADC_DAC.a(ADC_SAR_1.o)
                0x00001548                ADC_SAR_1_GetResult16
 .text.ADC_SAR_1_CalcGain
                0x0000157c       0x78 .\ARM_GCC_493\Release\ADC_DAC.a(ADC_SAR_1.o)
 .text.ADC_SAR_1_ISR
                0x000015f4        0xc .\ARM_GCC_493\Release\ADC_DAC.a(ADC_SAR_1_INT.o)
                0x000015f4                ADC_SAR_1_ISR
 .text.Opamp_1_Init
                0x00001600        0xc .\ARM_GCC_493\Release\ADC_DAC.a(Opamp_1.o)
                0x00001600                Opamp_1_Init
 .text.Opamp_1_Enable
                0x0000160c       0x48 .\ARM_GCC_493\Release\ADC_DAC.a(Opamp_1.o)
                0x0000160c                Opamp_1_Enable
 .text.Opamp_1_Start
                0x00001654       0x20 .\ARM_GCC_493\Release\ADC_DAC.a(Opamp_1.o)
                0x00001654                Opamp_1_Start
 .text.Opamp_1_SetPower
                0x00001674       0x40 .\ARM_GCC_493\Release\ADC_DAC.a(Opamp_1.o)
                0x00001674                Opamp_1_SetPower
 .text.Opamp_2_Init
                0x000016b4        0xc .\ARM_GCC_493\Release\ADC_DAC.a(Opamp_2.o)
                0x000016b4                Opamp_2_Init
 .text.Opamp_2_Enable
                0x000016c0       0x48 .\ARM_GCC_493\Release\ADC_DAC.a(Opamp_2.o)
                0x000016c0                Opamp_2_Enable
 .text.Opamp_2_Start
                0x00001708       0x20 .\ARM_GCC_493\Release\ADC_DAC.a(Opamp_2.o)
                0x00001708                Opamp_2_Start
 .text.Opamp_2_SetPower
                0x00001728       0x40 .\ARM_GCC_493\Release\ADC_DAC.a(Opamp_2.o)
                0x00001728                Opamp_2_SetPower
 .text.Filter_Init
                0x00001768      0x11c .\ARM_GCC_493\Release\ADC_DAC.a(Filter.o)
                0x00001768                Filter_Init
 .text.Filter_Enable
                0x00001884       0x48 .\ARM_GCC_493\Release\ADC_DAC.a(Filter.o)
                0x00001884                Filter_Enable
 .text.Filter_Start
                0x000018cc       0x20 .\ARM_GCC_493\Release\ADC_DAC.a(Filter.o)
                0x000018cc                Filter_Start
 .text.Filter_SetInterruptMode
                0x000018ec       0x28 .\ARM_GCC_493\Release\ADC_DAC.a(Filter_PVT.o)
                0x000018ec                Filter_SetInterruptMode
 .text.Filter_SetDMAMode
                0x00001914       0x28 .\ARM_GCC_493\Release\ADC_DAC.a(Filter_PVT.o)
                0x00001914                Filter_SetDMAMode
 .text.SPI_DAC_Init
                0x0000193c       0x30 .\ARM_GCC_493\Release\ADC_DAC.a(SPI_DAC.o)
                0x0000193c                SPI_DAC_Init
 .text.SPI_DAC_Enable
                0x0000196c       0x64 .\ARM_GCC_493\Release\ADC_DAC.a(SPI_DAC.o)
                0x0000196c                SPI_DAC_Enable
 .text.SPI_DAC_Start
                0x000019d0       0x20 .\ARM_GCC_493\Release\ADC_DAC.a(SPI_DAC.o)
                0x000019d0                SPI_DAC_Start
 .text.SPI_DAC_EnableTxInt
                0x000019f0        0xc .\ARM_GCC_493\Release\ADC_DAC.a(SPI_DAC.o)
                0x000019f0                SPI_DAC_EnableTxInt
 .text.SPI_DAC_EnableRxInt
                0x000019fc        0xc .\ARM_GCC_493\Release\ADC_DAC.a(SPI_DAC.o)
                0x000019fc                SPI_DAC_EnableRxInt
 .text.SPI_DAC_ReadTxStatus
                0x00001a08       0x20 .\ARM_GCC_493\Release\ADC_DAC.a(SPI_DAC.o)
                0x00001a08                SPI_DAC_ReadTxStatus
 .text.SPI_DAC_ReadRxStatus
                0x00001a28       0x20 .\ARM_GCC_493\Release\ADC_DAC.a(SPI_DAC.o)
                0x00001a28                SPI_DAC_ReadRxStatus
 .text.SPI_DAC_WriteTxData
                0x00001a48       0x34 .\ARM_GCC_493\Release\ADC_DAC.a(SPI_DAC.o)
                0x00001a48                SPI_DAC_WriteTxData
 .text.SPI_DAC_ClearFIFO
                0x00001a7c       0x80 .\ARM_GCC_493\Release\ADC_DAC.a(SPI_DAC.o)
                0x00001a7c                SPI_DAC_ClearFIFO
 .text.SPI_DAC_IntClock_Start
                0x00001afc       0x34 .\ARM_GCC_493\Release\ADC_DAC.a(SPI_DAC_IntClock.o)
                0x00001afc                SPI_DAC_IntClock_Start
 .text.ADC_1_OUT_LSB_Write
                0x00001b30       0x20 .\ARM_GCC_493\Release\ADC_DAC.a(ADC_1_OUT_LSB.o)
                0x00001b30                ADC_1_OUT_LSB_Write
 .text.ADC_1_OUT_MSB_Write
                0x00001b50       0x20 .\ARM_GCC_493\Release\ADC_DAC.a(ADC_1_OUT_MSB.o)
                0x00001b50                ADC_1_OUT_MSB_Write
 .text.DAC_IN_MSB_Read
                0x00001b70       0x18 .\ARM_GCC_493\Release\ADC_DAC.a(DAC_IN_MSB.o)
                0x00001b70                DAC_IN_MSB_Read
 .text.DAC_IN_LSB_Read
                0x00001b88       0x18 .\ARM_GCC_493\Release\ADC_DAC.a(DAC_IN_LSB.o)
                0x00001b88                DAC_IN_LSB_Read
 .text.PWM_ADC_CK_Start
                0x00001ba0       0x20 .\ARM_GCC_493\Release\ADC_DAC.a(PWM_ADC_CK.o)
                0x00001ba0                PWM_ADC_CK_Start
 .text.PWM_ADC_CK_Init
                0x00001bc0       0xbc .\ARM_GCC_493\Release\ADC_DAC.a(PWM_ADC_CK.o)
                0x00001bc0                PWM_ADC_CK_Init
 .text.PWM_ADC_CK_Enable
                0x00001c7c       0x48 .\ARM_GCC_493\Release\ADC_DAC.a(PWM_ADC_CK.o)
                0x00001c7c                PWM_ADC_CK_Enable
 .text.PWM_ADC_CK_WritePeriod
                0x00001cc4       0x20 .\ARM_GCC_493\Release\ADC_DAC.a(PWM_ADC_CK.o)
                0x00001cc4                PWM_ADC_CK_WritePeriod
 .text.PWM_ADC_CK_WriteCompare
                0x00001ce4       0x20 .\ARM_GCC_493\Release\ADC_DAC.a(PWM_ADC_CK.o)
                0x00001ce4                PWM_ADC_CK_WriteCompare
 .text.PWM_ADC_CK_SetInterruptMode
                0x00001d04       0x20 .\ARM_GCC_493\Release\ADC_DAC.a(PWM_ADC_CK.o)
                0x00001d04                PWM_ADC_CK_SetInterruptMode
 .text.PWM_11_Start
                0x00001d24       0x20 .\ARM_GCC_493\Release\ADC_DAC.a(PWM_11.o)
                0x00001d24                PWM_11_Start
 .text.PWM_11_Init
                0x00001d44       0x78 .\ARM_GCC_493\Release\ADC_DAC.a(PWM_11.o)
                0x00001d44                PWM_11_Init
 .text.PWM_11_Enable
                0x00001dbc       0x20 .\ARM_GCC_493\Release\ADC_DAC.a(PWM_11.o)
                0x00001dbc                PWM_11_Enable
 .text.PWM_11_WriteCounter
                0x00001ddc       0x20 .\ARM_GCC_493\Release\ADC_DAC.a(PWM_11.o)
                0x00001ddc                PWM_11_WriteCounter
 .text.PWM_11_ClearFIFO
                0x00001dfc       0x1c .\ARM_GCC_493\Release\ADC_DAC.a(PWM_11.o)
                0x00001dfc                PWM_11_ClearFIFO
 .text.PWM_11_WritePeriod
                0x00001e18       0x20 .\ARM_GCC_493\Release\ADC_DAC.a(PWM_11.o)
                0x00001e18                PWM_11_WritePeriod
 .text.PWM_11_WriteCompare
                0x00001e38       0x20 .\ARM_GCC_493\Release\ADC_DAC.a(PWM_11.o)
                0x00001e38                PWM_11_WriteCompare
 .text.PWM_11_SetInterruptMode
                0x00001e58       0x20 .\ARM_GCC_493\Release\ADC_DAC.a(PWM_11.o)
                0x00001e58                PWM_11_SetInterruptMode
 .text.PWM_11_ReadStatusRegister
                0x00001e78       0x18 .\ARM_GCC_493\Release\ADC_DAC.a(PWM_11.o)
                0x00001e78                PWM_11_ReadStatusRegister
 .text.PWM_11_ReadCapture
                0x00001e90       0x18 .\ARM_GCC_493\Release\ADC_DAC.a(PWM_11.o)
                0x00001e90                PWM_11_ReadCapture
 .text.PWM_7_Start
                0x00001ea8       0x20 .\ARM_GCC_493\Release\ADC_DAC.a(PWM_7.o)
                0x00001ea8                PWM_7_Start
 .text.PWM_7_Init
                0x00001ec8       0x78 .\ARM_GCC_493\Release\ADC_DAC.a(PWM_7.o)
                0x00001ec8                PWM_7_Init
 .text.PWM_7_Enable
                0x00001f40       0x20 .\ARM_GCC_493\Release\ADC_DAC.a(PWM_7.o)
                0x00001f40                PWM_7_Enable
 .text.PWM_7_WriteCounter
                0x00001f60       0x20 .\ARM_GCC_493\Release\ADC_DAC.a(PWM_7.o)
                0x00001f60                PWM_7_WriteCounter
 .text.PWM_7_ClearFIFO
                0x00001f80       0x1c .\ARM_GCC_493\Release\ADC_DAC.a(PWM_7.o)
                0x00001f80                PWM_7_ClearFIFO
 .text.PWM_7_WritePeriod
                0x00001f9c       0x20 .\ARM_GCC_493\Release\ADC_DAC.a(PWM_7.o)
                0x00001f9c                PWM_7_WritePeriod
 .text.PWM_7_WriteCompare
                0x00001fbc       0x20 .\ARM_GCC_493\Release\ADC_DAC.a(PWM_7.o)
                0x00001fbc                PWM_7_WriteCompare
 .text.PWM_7_SetInterruptMode
                0x00001fdc       0x20 .\ARM_GCC_493\Release\ADC_DAC.a(PWM_7.o)
                0x00001fdc                PWM_7_SetInterruptMode
 .text.PWM_7_ReadStatusRegister
                0x00001ffc       0x18 .\ARM_GCC_493\Release\ADC_DAC.a(PWM_7.o)
                0x00001ffc                PWM_7_ReadStatusRegister
 .text.PWM_7_ReadCapture
                0x00002014       0x18 .\ARM_GCC_493\Release\ADC_DAC.a(PWM_7.o)
                0x00002014                PWM_7_ReadCapture
 .text.PWM_9_Start
                0x0000202c       0x20 .\ARM_GCC_493\Release\ADC_DAC.a(PWM_9.o)
                0x0000202c                PWM_9_Start
 .text.PWM_9_Init
                0x0000204c       0x7c .\ARM_GCC_493\Release\ADC_DAC.a(PWM_9.o)
                0x0000204c                PWM_9_Init
 .text.PWM_9_Enable
                0x000020c8       0x20 .\ARM_GCC_493\Release\ADC_DAC.a(PWM_9.o)
                0x000020c8                PWM_9_Enable
 .text.PWM_9_WriteCounter
                0x000020e8       0x20 .\ARM_GCC_493\Release\ADC_DAC.a(PWM_9.o)
                0x000020e8                PWM_9_WriteCounter
 .text.PWM_9_ClearFIFO
                0x00002108       0x1c .\ARM_GCC_493\Release\ADC_DAC.a(PWM_9.o)
                0x00002108                PWM_9_ClearFIFO
 .text.PWM_9_WritePeriod
                0x00002124       0x20 .\ARM_GCC_493\Release\ADC_DAC.a(PWM_9.o)
                0x00002124                PWM_9_WritePeriod
 .text.PWM_9_WriteCompare
                0x00002144       0x20 .\ARM_GCC_493\Release\ADC_DAC.a(PWM_9.o)
                0x00002144                PWM_9_WriteCompare
 .text.PWM_9_SetInterruptMode
                0x00002164       0x20 .\ARM_GCC_493\Release\ADC_DAC.a(PWM_9.o)
                0x00002164                PWM_9_SetInterruptMode
 .text.PWM_9_ReadStatusRegister
                0x00002184       0x18 .\ARM_GCC_493\Release\ADC_DAC.a(PWM_9.o)
                0x00002184                PWM_9_ReadStatusRegister
 .text.PWM_9_ReadCapture
                0x0000219c       0x18 .\ARM_GCC_493\Release\ADC_DAC.a(PWM_9.o)
                0x0000219c                PWM_9_ReadCapture
 .text.PWM_8_Start
                0x000021b4       0x20 .\ARM_GCC_493\Release\ADC_DAC.a(PWM_8.o)
                0x000021b4                PWM_8_Start
 .text.PWM_8_Init
                0x000021d4       0x7c .\ARM_GCC_493\Release\ADC_DAC.a(PWM_8.o)
                0x000021d4                PWM_8_Init
 .text.PWM_8_Enable
                0x00002250       0x20 .\ARM_GCC_493\Release\ADC_DAC.a(PWM_8.o)
                0x00002250                PWM_8_Enable
 .text.PWM_8_WriteCounter
                0x00002270       0x20 .\ARM_GCC_493\Release\ADC_DAC.a(PWM_8.o)
                0x00002270                PWM_8_WriteCounter
 .text.PWM_8_ClearFIFO
                0x00002290       0x1c .\ARM_GCC_493\Release\ADC_DAC.a(PWM_8.o)
                0x00002290                PWM_8_ClearFIFO
 .text.PWM_8_WritePeriod
                0x000022ac       0x20 .\ARM_GCC_493\Release\ADC_DAC.a(PWM_8.o)
                0x000022ac                PWM_8_WritePeriod
 .text.PWM_8_WriteCompare
                0x000022cc       0x20 .\ARM_GCC_493\Release\ADC_DAC.a(PWM_8.o)
                0x000022cc                PWM_8_WriteCompare
 .text.PWM_8_SetInterruptMode
                0x000022ec       0x20 .\ARM_GCC_493\Release\ADC_DAC.a(PWM_8.o)
                0x000022ec                PWM_8_SetInterruptMode
 .text.PWM_8_ReadStatusRegister
                0x0000230c       0x18 .\ARM_GCC_493\Release\ADC_DAC.a(PWM_8.o)
                0x0000230c                PWM_8_ReadStatusRegister
 .text.PWM_8_ReadCapture
                0x00002324       0x18 .\ARM_GCC_493\Release\ADC_DAC.a(PWM_8.o)
                0x00002324                PWM_8_ReadCapture
 .text.PWM_6_Start
                0x0000233c       0x20 .\ARM_GCC_493\Release\ADC_DAC.a(PWM_6.o)
                0x0000233c                PWM_6_Start
 .text.PWM_6_Init
                0x0000235c       0x78 .\ARM_GCC_493\Release\ADC_DAC.a(PWM_6.o)
                0x0000235c                PWM_6_Init
 .text.PWM_6_Enable
                0x000023d4       0x20 .\ARM_GCC_493\Release\ADC_DAC.a(PWM_6.o)
                0x000023d4                PWM_6_Enable
 .text.PWM_6_WriteCounter
                0x000023f4       0x20 .\ARM_GCC_493\Release\ADC_DAC.a(PWM_6.o)
                0x000023f4                PWM_6_WriteCounter
 .text.PWM_6_ClearFIFO
                0x00002414       0x1c .\ARM_GCC_493\Release\ADC_DAC.a(PWM_6.o)
                0x00002414                PWM_6_ClearFIFO
 .text.PWM_6_WritePeriod
                0x00002430       0x20 .\ARM_GCC_493\Release\ADC_DAC.a(PWM_6.o)
                0x00002430                PWM_6_WritePeriod
 .text.PWM_6_WriteCompare
                0x00002450       0x20 .\ARM_GCC_493\Release\ADC_DAC.a(PWM_6.o)
                0x00002450                PWM_6_WriteCompare
 .text.PWM_6_SetInterruptMode
                0x00002470       0x20 .\ARM_GCC_493\Release\ADC_DAC.a(PWM_6.o)
                0x00002470                PWM_6_SetInterruptMode
 .text.PWM_6_ReadStatusRegister
                0x00002490       0x18 .\ARM_GCC_493\Release\ADC_DAC.a(PWM_6.o)
                0x00002490                PWM_6_ReadStatusRegister
 .text.PWM_6_ReadCapture
                0x000024a8       0x18 .\ARM_GCC_493\Release\ADC_DAC.a(PWM_6.o)
                0x000024a8                PWM_6_ReadCapture
 .text.PWM_10_Start
                0x000024c0       0x20 .\ARM_GCC_493\Release\ADC_DAC.a(PWM_10.o)
                0x000024c0                PWM_10_Start
 .text.PWM_10_Init
                0x000024e0       0x7c .\ARM_GCC_493\Release\ADC_DAC.a(PWM_10.o)
                0x000024e0                PWM_10_Init
 .text.PWM_10_Enable
                0x0000255c       0x20 .\ARM_GCC_493\Release\ADC_DAC.a(PWM_10.o)
                0x0000255c                PWM_10_Enable
 .text.PWM_10_WriteCounter
                0x0000257c       0x20 .\ARM_GCC_493\Release\ADC_DAC.a(PWM_10.o)
                0x0000257c                PWM_10_WriteCounter
 .text.PWM_10_ClearFIFO
                0x0000259c       0x1c .\ARM_GCC_493\Release\ADC_DAC.a(PWM_10.o)
                0x0000259c                PWM_10_ClearFIFO
 .text.PWM_10_WritePeriod
                0x000025b8       0x20 .\ARM_GCC_493\Release\ADC_DAC.a(PWM_10.o)
                0x000025b8                PWM_10_WritePeriod
 .text.PWM_10_WriteCompare
                0x000025d8       0x20 .\ARM_GCC_493\Release\ADC_DAC.a(PWM_10.o)
                0x000025d8                PWM_10_WriteCompare
 .text.PWM_10_SetInterruptMode
                0x000025f8       0x20 .\ARM_GCC_493\Release\ADC_DAC.a(PWM_10.o)
                0x000025f8                PWM_10_SetInterruptMode
 .text.PWM_10_ReadStatusRegister
                0x00002618       0x18 .\ARM_GCC_493\Release\ADC_DAC.a(PWM_10.o)
                0x00002618                PWM_10_ReadStatusRegister
 .text.PWM_10_ReadCapture
                0x00002630       0x18 .\ARM_GCC_493\Release\ADC_DAC.a(PWM_10.o)
                0x00002630                PWM_10_ReadCapture
 .text.PWM_4_Start
                0x00002648       0x20 .\ARM_GCC_493\Release\ADC_DAC.a(PWM_4.o)
                0x00002648                PWM_4_Start
 .text.PWM_4_Init
                0x00002668       0x78 .\ARM_GCC_493\Release\ADC_DAC.a(PWM_4.o)
                0x00002668                PWM_4_Init
 .text.PWM_4_Enable
                0x000026e0       0x20 .\ARM_GCC_493\Release\ADC_DAC.a(PWM_4.o)
                0x000026e0                PWM_4_Enable
 .text.PWM_4_WriteCounter
                0x00002700       0x20 .\ARM_GCC_493\Release\ADC_DAC.a(PWM_4.o)
                0x00002700                PWM_4_WriteCounter
 .text.PWM_4_ClearFIFO
                0x00002720       0x1c .\ARM_GCC_493\Release\ADC_DAC.a(PWM_4.o)
                0x00002720                PWM_4_ClearFIFO
 .text.PWM_4_WritePeriod
                0x0000273c       0x20 .\ARM_GCC_493\Release\ADC_DAC.a(PWM_4.o)
                0x0000273c                PWM_4_WritePeriod
 .text.PWM_4_WriteCompare
                0x0000275c       0x20 .\ARM_GCC_493\Release\ADC_DAC.a(PWM_4.o)
                0x0000275c                PWM_4_WriteCompare
 .text.PWM_4_SetInterruptMode
                0x0000277c       0x20 .\ARM_GCC_493\Release\ADC_DAC.a(PWM_4.o)
                0x0000277c                PWM_4_SetInterruptMode
 .text.PWM_4_ReadStatusRegister
                0x0000279c       0x18 .\ARM_GCC_493\Release\ADC_DAC.a(PWM_4.o)
                0x0000279c                PWM_4_ReadStatusRegister
 .text.PWM_4_ReadCapture
                0x000027b4       0x18 .\ARM_GCC_493\Release\ADC_DAC.a(PWM_4.o)
                0x000027b4                PWM_4_ReadCapture
 .text.PWM_5_Start
                0x000027cc       0x20 .\ARM_GCC_493\Release\ADC_DAC.a(PWM_5.o)
                0x000027cc                PWM_5_Start
 .text.PWM_5_Init
                0x000027ec       0x7c .\ARM_GCC_493\Release\ADC_DAC.a(PWM_5.o)
                0x000027ec                PWM_5_Init
 .text.PWM_5_Enable
                0x00002868       0x20 .\ARM_GCC_493\Release\ADC_DAC.a(PWM_5.o)
                0x00002868                PWM_5_Enable
 .text.PWM_5_WriteCounter
                0x00002888       0x20 .\ARM_GCC_493\Release\ADC_DAC.a(PWM_5.o)
                0x00002888                PWM_5_WriteCounter
 .text.PWM_5_ClearFIFO
                0x000028a8       0x1c .\ARM_GCC_493\Release\ADC_DAC.a(PWM_5.o)
                0x000028a8                PWM_5_ClearFIFO
 .text.PWM_5_WritePeriod
                0x000028c4       0x20 .\ARM_GCC_493\Release\ADC_DAC.a(PWM_5.o)
                0x000028c4                PWM_5_WritePeriod
 .text.PWM_5_WriteCompare
                0x000028e4       0x20 .\ARM_GCC_493\Release\ADC_DAC.a(PWM_5.o)
                0x000028e4                PWM_5_WriteCompare
 .text.PWM_5_SetInterruptMode
                0x00002904       0x20 .\ARM_GCC_493\Release\ADC_DAC.a(PWM_5.o)
                0x00002904                PWM_5_SetInterruptMode
 .text.PWM_5_ReadStatusRegister
                0x00002924       0x18 .\ARM_GCC_493\Release\ADC_DAC.a(PWM_5.o)
                0x00002924                PWM_5_ReadStatusRegister
 .text.PWM_5_ReadCapture
                0x0000293c       0x18 .\ARM_GCC_493\Release\ADC_DAC.a(PWM_5.o)
                0x0000293c                PWM_5_ReadCapture
 .text.ADC_SAR_Seq_Init
                0x00002954       0x50 .\ARM_GCC_493\Release\ADC_DAC.a(ADC_SAR_Seq.o)
                0x00002954                ADC_SAR_Seq_Init
 .text.ADC_SAR_Seq_Enable
                0x000029a4      0x13c .\ARM_GCC_493\Release\ADC_DAC.a(ADC_SAR_Seq.o)
                0x000029a4                ADC_SAR_Seq_Enable
 .text.ADC_SAR_Seq_Start
                0x00002ae0       0x2c .\ARM_GCC_493\Release\ADC_DAC.a(ADC_SAR_Seq.o)
                0x00002ae0                ADC_SAR_Seq_Start
 .text.ADC_SAR_Seq_StartConvert
                0x00002b0c        0xc .\ARM_GCC_493\Release\ADC_DAC.a(ADC_SAR_Seq.o)
                0x00002b0c                ADC_SAR_Seq_StartConvert
 .text.ADC_SAR_Seq_IsEndConversion
                0x00002b18       0x30 .\ARM_GCC_493\Release\ADC_DAC.a(ADC_SAR_Seq.o)
                0x00002b18                ADC_SAR_Seq_IsEndConversion
 .text.ADC_SAR_Seq_GetResult16
                0x00002b48       0x3c .\ARM_GCC_493\Release\ADC_DAC.a(ADC_SAR_Seq.o)
                0x00002b48                ADC_SAR_Seq_GetResult16
 .text.ADC_SAR_Seq_ISR
                0x00002b84        0xc .\ARM_GCC_493\Release\ADC_DAC.a(ADC_SAR_Seq_INT.o)
                0x00002b84                ADC_SAR_Seq_ISR
 .text.ADC_SAR_Seq_SAR_Start
                0x00002b90       0x20 .\ARM_GCC_493\Release\ADC_DAC.a(ADC_SAR_Seq_SAR.o)
                0x00002b90                ADC_SAR_Seq_SAR_Start
 .text.ADC_SAR_Seq_SAR_Init
                0x00002bb0       0x2c .\ARM_GCC_493\Release\ADC_DAC.a(ADC_SAR_Seq_SAR.o)
                0x00002bb0                ADC_SAR_Seq_SAR_Init
 .text.ADC_SAR_Seq_SAR_Enable
                0x00002bdc       0xc0 .\ARM_GCC_493\Release\ADC_DAC.a(ADC_SAR_Seq_SAR.o)
                0x00002bdc                ADC_SAR_Seq_SAR_Enable
 .text.ADC_SAR_Seq_SAR_SetResolution
                0x00002c9c       0x4c .\ARM_GCC_493\Release\ADC_DAC.a(ADC_SAR_Seq_SAR.o)
                0x00002c9c                ADC_SAR_Seq_SAR_SetResolution
 .text.ADC_SAR_Seq_SAR_StartConvert
                0x00002ce8       0x20 .\ARM_GCC_493\Release\ADC_DAC.a(ADC_SAR_Seq_SAR.o)
                0x00002ce8                ADC_SAR_Seq_SAR_StartConvert
 .text.ADC_SAR_Seq_SAR_CalcGain
                0x00002d08       0x7c .\ARM_GCC_493\Release\ADC_DAC.a(ADC_SAR_Seq_SAR.o)
 .text.ADC_SAR_Seq_TempBuf_DmaInitialize
                0x00002d84       0x68 .\ARM_GCC_493\Release\ADC_DAC.a(ADC_SAR_Seq_TempBuf_dma.o)
                0x00002d84                ADC_SAR_Seq_TempBuf_DmaInitialize
 .text.ADC_SAR_Seq_FinalBuf_DmaInitialize
                0x00002dec       0x68 .\ARM_GCC_493\Release\ADC_DAC.a(ADC_SAR_Seq_FinalBuf_dma.o)
                0x00002dec                ADC_SAR_Seq_FinalBuf_DmaInitialize
 .text.ADC_SAR_Seq_IRQ_SetVector
                0x00002e54       0x24 .\ARM_GCC_493\Release\ADC_DAC.a(ADC_SAR_Seq_IRQ.o)
                0x00002e54                ADC_SAR_Seq_IRQ_SetVector
 .text.ADC_SAR_Seq_IRQ_SetPriority
                0x00002e78       0x24 .\ARM_GCC_493\Release\ADC_DAC.a(ADC_SAR_Seq_IRQ.o)
                0x00002e78                ADC_SAR_Seq_IRQ_SetPriority
 .text.DIV_MASK_LSB_Write
                0x00002e9c       0x20 .\ARM_GCC_493\Release\ADC_DAC.a(DIV_MASK_LSB.o)
                0x00002e9c                DIV_MASK_LSB_Write
 *fill*         0x00002ebc        0x4 
 .text          0x00002ec0       0x20 .\ARM_GCC_493\Release\ADC_DAC.a(CyBootAsmGnu.o)
                0x00002ec0                CyDelayCycles
                0x00002ed0                CyEnterCriticalSection
                0x00002ed8                CyExitCriticalSection
 .text.__errno  0x00002ee0        0xc c:/program files (x86)/cypress/psoc creator/4.0/psoc creator/import/gnu/arm/4.9.3/bin/../lib/gcc/arm-none-eabi/4.9.3/../../../../arm-none-eabi/lib/armv7-m\libg_nano.a(lib_a-errno.o)
                0x00002ee0                __errno
 .text.__libc_init_array
                0x00002eec       0x4c c:/program files (x86)/cypress/psoc creator/4.0/psoc creator/import/gnu/arm/4.9.3/bin/../lib/gcc/arm-none-eabi/4.9.3/../../../../arm-none-eabi/lib/armv7-m\libg_nano.a(lib_a-init.o)
                0x00002eec                __libc_init_array
 .text.memcpy   0x00002f38       0x16 c:/program files (x86)/cypress/psoc creator/4.0/psoc creator/import/gnu/arm/4.9.3/bin/../lib/gcc/arm-none-eabi/4.9.3/../../../../arm-none-eabi/lib/armv7-m\libg_nano.a(lib_a-memcpy.o)
                0x00002f38                memcpy
 .text.memset   0x00002f4e       0x10 c:/program files (x86)/cypress/psoc creator/4.0/psoc creator/import/gnu/arm/4.9.3/bin/../lib/gcc/arm-none-eabi/4.9.3/../../../../arm-none-eabi/lib/armv7-m\libg_nano.a(lib_a-memset.o)
                0x00002f4e                memset
 *(.plt)
 *(.gnu.warning)
 *(.glue_7t)
 .glue_7t       0x00000000        0x0 linker stubs
 *(.glue_7)
 .glue_7        0x00000000        0x0 linker stubs
 *(.vfp11_veneer)
 .vfp11_veneer  0x00000000        0x0 linker stubs
 *(.bootloader)
 *(.ARM.extab* .gnu.linkonce.armextab.*)
 *(.gcc_except_table)

.v4_bx          0x00002f60        0x0
 .v4_bx         0x00000000        0x0 linker stubs

.iplt           0x00002f60        0x0
 .iplt          0x00000000        0x0 c:/program files (x86)/cypress/psoc creator/4.0/psoc creator/import/gnu/arm/4.9.3/bin/../lib/gcc/arm-none-eabi/4.9.3/armv7-m/crtbegin.o

.eh_frame_hdr
 *(.eh_frame_hdr)

.eh_frame       0x00002f60        0x4
 *(.eh_frame)
 .eh_frame      0x00002f60        0x0 c:/program files (x86)/cypress/psoc creator/4.0/psoc creator/import/gnu/arm/4.9.3/bin/../lib/gcc/arm-none-eabi/4.9.3/armv7-m/crtbegin.o
 .eh_frame      0x00002f60        0x4 c:/program files (x86)/cypress/psoc creator/4.0/psoc creator/import/gnu/arm/4.9.3/bin/../lib/gcc/arm-none-eabi/4.9.3/armv7-m/crtend.o
                0x00002f64                PROVIDE (__exidx_start, .)

.ARM.exidx
 *(.ARM.exidx* .gnu.linkonce.armexidx.*)
                0x00002f64                __exidx_end = .

.rodata         0x00002f64      0x714
 *(.rodata .rodata.* .gnu.linkonce.r.*)
 .rodata        0x00002f64       0x10 .\ARM_GCC_493\Release\main.o
 .rodata        0x00002f74       0x38 .\ARM_GCC_493\Release\ADC_DAC.a(cyfitter_cfg.o)
 .rodata        0x00002fac       0x10 .\ARM_GCC_493\Release\ADC_DAC.a(LCD_Char_1.o)
 .rodata        0x00002fbc       0x40 .\ARM_GCC_493\Release\ADC_DAC.a(LCD_Char_1_CustChars.o)
                0x00002fbc                LCD_Char_1_customFonts
 .rodata        0x00002ffc      0x640 .\ARM_GCC_493\Release\ADC_DAC.a(Filter_RAM_Data.o)
                0x00002ffc                Filter_control
                0x000030fc                Filter_data_a
                0x000032fc                Filter_data_b
                0x000034fc                Filter_acu
                0x0000353c                Filter_cfsm
 .rodata.str1.1
                0x0000363c        0x2 c:/program files (x86)/cypress/psoc creator/4.0/psoc creator/import/gnu/arm/4.9.3/bin/../lib/gcc/arm-none-eabi/4.9.3/../../../../arm-none-eabi/lib/armv7-m\libg_nano.a(lib_a-impure.o)
                0x00003640                . = ALIGN (0x4)
 *fill*         0x0000363e        0x2 
 *(.init)
 .init          0x00003640        0x4 c:/program files (x86)/cypress/psoc creator/4.0/psoc creator/import/gnu/arm/4.9.3/bin/../lib/gcc/arm-none-eabi/4.9.3/armv7-m/crti.o
                0x00003640                _init
 .init          0x00003644        0x8 c:/program files (x86)/cypress/psoc creator/4.0/psoc creator/import/gnu/arm/4.9.3/bin/../lib/gcc/arm-none-eabi/4.9.3/armv7-m/crtn.o
                0x0000364c                . = ALIGN (0x4)
                0x0000364c                __preinit_array_start = .
 *(.preinit_array)
                0x0000364c                __preinit_array_end = .
                0x0000364c                . = ALIGN (0x4)
                0x0000364c                __init_array_start = .
 *(SORT(.init_array.*))
 *(.init_array)
 .init_array    0x0000364c        0x4 c:/program files (x86)/cypress/psoc creator/4.0/psoc creator/import/gnu/arm/4.9.3/bin/../lib/gcc/arm-none-eabi/4.9.3/armv7-m/crtbegin.o
 .init_array    0x00003650        0x4 .\ARM_GCC_493\Release\Cm3Start.o
                0x00003654                __init_array_end = .
                0x00003654                . = ALIGN (0x4)
 *(.fini)
 .fini          0x00003654        0x4 c:/program files (x86)/cypress/psoc creator/4.0/psoc creator/import/gnu/arm/4.9.3/bin/../lib/gcc/arm-none-eabi/4.9.3/armv7-m/crti.o
                0x00003654                _fini
 .fini          0x00003658        0x8 c:/program files (x86)/cypress/psoc creator/4.0/psoc creator/import/gnu/arm/4.9.3/bin/../lib/gcc/arm-none-eabi/4.9.3/armv7-m/crtn.o
                0x00003660                . = ALIGN (0x4)
                0x00003660                __fini_array_start = .
 *(.fini_array)
 .fini_array    0x00003660        0x4 c:/program files (x86)/cypress/psoc creator/4.0/psoc creator/import/gnu/arm/4.9.3/bin/../lib/gcc/arm-none-eabi/4.9.3/armv7-m/crtbegin.o
 *(SORT(.fini_array.*))
                0x00003664                __fini_array_end = .
                0x00003664                . = ALIGN (0x4)
 *crtbegin.o(.ctors)
 *(EXCLUDE_FILE(*crtend.o) .ctors)
 *(SORT(.ctors.*))
 *crtend.o(.ctors)
                0x00003664                . = ALIGN (0x4)
 *crtbegin.o(.dtors)
 *(EXCLUDE_FILE(*crtend.o) .dtors)
 *(SORT(.dtors.*))
 *crtend.o(.dtors)
                0x00003664                . = ALIGN (0x4)
                0x00003664                __cy_regions = .
                0x00003664        0x4 LONG 0x3678 __cy_region_init_ram
                0x00003668        0x4 LONG 0x1fff8108 __cy_region_start_data
                0x0000366c        0x4 LONG 0x88 __cy_region_init_size_ram
                0x00003670        0x4 LONG 0x80 __cy_region_zero_size_ram
                0x00003674                __cy_regions_end = .
                0x00003678                . = ALIGN (0x8)
 *fill*         0x00003674        0x4 
                0x00003678                _etext = .

.cy_checksum_exclude
                0x00003678        0x0
 *(.cy_checksum_exclude)

.ramvectors     0x1fff8000      0x100
                0x1fff8000                __cy_region_start_ram = .
 *(.ramvectors)
 .ramvectors    0x1fff8000      0x100 .\ARM_GCC_493\Release\Cm3Start.o
                0x1fff8000                CyRamVectors

.noinit         0x1fff8100        0x5
 *(.noinit)
 .noinit        0x1fff8100        0x4 .\ARM_GCC_493\Release\Cm3Start.o
 .noinit        0x1fff8104        0x1 .\ARM_GCC_493\Release\ADC_DAC.a(CyLib.o)
                0x1fff8104                CyResetStatus

.data           0x1fff8108       0x88 load address 0x00003678
                0x1fff8108                __cy_region_start_data = .
 *(.jcr)
 .jcr           0x1fff8108        0x0 c:/program files (x86)/cypress/psoc creator/4.0/psoc creator/import/gnu/arm/4.9.3/bin/../lib/gcc/arm-none-eabi/4.9.3/armv7-m/crtbegin.o
 .jcr           0x1fff8108        0x4 c:/program files (x86)/cypress/psoc creator/4.0/psoc creator/import/gnu/arm/4.9.3/bin/../lib/gcc/arm-none-eabi/4.9.3/armv7-m/crtend.o
 *(.got.plt)
 *(.got)
 *(.shdata)
 *(.data .data.* .gnu.linkonce.d.*)
 .data          0x1fff810c        0x8 .\ARM_GCC_493\Release\ADC_DAC.a(CyDmac.o)
 .data          0x1fff8114       0x10 .\ARM_GCC_493\Release\ADC_DAC.a(CyLib.o)
                0x1fff8114                cydelay_freq_hz
                0x1fff8118                cydelay_freq_khz
                0x1fff811c                cydelay_freq_mhz
                0x1fff8120                cydelay_32k_ms
 .data          0x1fff8124        0x2 .\ARM_GCC_493\Release\ADC_DAC.a(ADC_SAR_Seq.o)
 .data          0x1fff8126        0x1 .\ARM_GCC_493\Release\ADC_DAC.a(ADC_SAR_Seq_TempBuf_dma.o)
                0x1fff8126                ADC_SAR_Seq_TempBuf_DmaHandle
 .data          0x1fff8127        0x1 .\ARM_GCC_493\Release\ADC_DAC.a(ADC_SAR_Seq_FinalBuf_dma.o)
                0x1fff8127                ADC_SAR_Seq_FinalBuf_DmaHandle
 .data.impure_data
                0x1fff8128       0x60 c:/program files (x86)/cypress/psoc creator/4.0/psoc creator/import/gnu/arm/4.9.3/bin/../lib/gcc/arm-none-eabi/4.9.3/../../../../arm-none-eabi/lib/armv7-m\libg_nano.a(lib_a-impure.o)
 .data._impure_ptr
                0x1fff8188        0x4 c:/program files (x86)/cypress/psoc creator/4.0/psoc creator/import/gnu/arm/4.9.3/bin/../lib/gcc/arm-none-eabi/4.9.3/../../../../arm-none-eabi/lib/armv7-m\libg_nano.a(lib_a-impure.o)
                0x1fff8188                _impure_ptr
                0x1fff8190                . = ALIGN (0x8)
 *fill*         0x1fff818c        0x4 
 *(.ram)
                0x1fff8190                _edata = .

.igot.plt       0x1fff8190        0x0 load address 0x00003700
 .igot.plt      0x00000000        0x0 c:/program files (x86)/cypress/psoc creator/4.0/psoc creator/import/gnu/arm/4.9.3/bin/../lib/gcc/arm-none-eabi/4.9.3/armv7-m/crtbegin.o

.bss            0x1fff8190       0x80 load address 0x00003700
                0x1fff8190                PROVIDE (__bss_start__, .)
 *(.shbss)
 *(.bss .bss.* .gnu.linkonce.b.*)
 .bss           0x1fff8190       0x1c c:/program files (x86)/cypress/psoc creator/4.0/psoc creator/import/gnu/arm/4.9.3/bin/../lib/gcc/arm-none-eabi/4.9.3/armv7-m/crtbegin.o
 .bss           0x1fff81ac       0x12 .\ARM_GCC_493\Release\main.o
                0x1fff81ac                BIT_MASK_CTRL
                0x1fff81ae                DIV_MASK_CTRL
                0x1fff81b0                OLD_BIT_MASK_DEPTH
                0x1fff81b2                OLD_DIV_MASK_DEPTH
                0x1fff81b4                MASK_CTRL
                0x1fff81b6                OLD_MASK_DEPTH
                0x1fff81b8                MASK_EFFECT
                0x1fff81ba                AUDIO_IN
                0x1fff81bc                FRQ_CTRL
 .bss           0x1fff81be        0x2 .\ARM_GCC_493\Release\ADC_DAC.a(LCD_Char_1.o)
                0x1fff81be                LCD_Char_1_enableState
                0x1fff81bf                LCD_Char_1_initVar
 .bss           0x1fff81c0        0x1 .\ARM_GCC_493\Release\ADC_DAC.a(ADC_SAR_1.o)
                0x1fff81c0                ADC_SAR_1_initVar
 .bss           0x1fff81c1        0x1 .\ARM_GCC_493\Release\ADC_DAC.a(Opamp_1.o)
                0x1fff81c1                Opamp_1_initVar
 .bss           0x1fff81c2        0x1 .\ARM_GCC_493\Release\ADC_DAC.a(Opamp_2.o)
                0x1fff81c2                Opamp_2_initVar
 .bss           0x1fff81c3        0x1 .\ARM_GCC_493\Release\ADC_DAC.a(Filter.o)
                0x1fff81c3                Filter_initVar
 .bss           0x1fff81c4        0x1 .\ARM_GCC_493\Release\ADC_DAC.a(SPI_DAC.o)
                0x1fff81c4                SPI_DAC_initVar
 .bss           0x1fff81c5        0x1 .\ARM_GCC_493\Release\ADC_DAC.a(PWM_ADC_CK.o)
                0x1fff81c5                PWM_ADC_CK_initVar
 .bss           0x1fff81c6        0x1 .\ARM_GCC_493\Release\ADC_DAC.a(PWM_11.o)
                0x1fff81c6                PWM_11_initVar
 .bss           0x1fff81c7        0x1 .\ARM_GCC_493\Release\ADC_DAC.a(PWM_7.o)
                0x1fff81c7                PWM_7_initVar
 .bss           0x1fff81c8        0x1 .\ARM_GCC_493\Release\ADC_DAC.a(PWM_9.o)
                0x1fff81c8                PWM_9_initVar
 .bss           0x1fff81c9        0x1 .\ARM_GCC_493\Release\ADC_DAC.a(PWM_8.o)
                0x1fff81c9                PWM_8_initVar
 .bss           0x1fff81ca        0x1 .\ARM_GCC_493\Release\ADC_DAC.a(PWM_6.o)
                0x1fff81ca                PWM_6_initVar
 .bss           0x1fff81cb        0x1 .\ARM_GCC_493\Release\ADC_DAC.a(PWM_10.o)
                0x1fff81cb                PWM_10_initVar
 .bss           0x1fff81cc        0x1 .\ARM_GCC_493\Release\ADC_DAC.a(PWM_4.o)
                0x1fff81cc                PWM_4_initVar
 .bss           0x1fff81cd        0x1 .\ARM_GCC_493\Release\ADC_DAC.a(PWM_5.o)
                0x1fff81cd                PWM_5_initVar
 *fill*         0x1fff81ce        0x2 
 .bss           0x1fff81d0       0x14 .\ARM_GCC_493\Release\ADC_DAC.a(ADC_SAR_Seq.o)
                0x1fff81d0                ADC_SAR_Seq_initVar
 .bss           0x1fff81e4        0x1 .\ARM_GCC_493\Release\ADC_DAC.a(ADC_SAR_Seq_SAR.o)
                0x1fff81e4                ADC_SAR_Seq_SAR_initVar
 *(COMMON)
 *fill*         0x1fff81e5        0x3 
 COMMON         0x1fff81e8        0xa .\ARM_GCC_493\Release\ADC_DAC.a(ADC_SAR_1.o)
                0x1fff81e8                ADC_SAR_1_countsPerVolt
                0x1fff81ea                ADC_SAR_1_shift
                0x1fff81ec                ADC_SAR_1_countsPer10Volt
                0x1fff81f0                ADC_SAR_1_offset
 *fill*         0x1fff81f2        0x2 
 COMMON         0x1fff81f4        0xa .\ARM_GCC_493\Release\ADC_DAC.a(ADC_SAR_Seq.o)
                0x1fff81f4                ADC_SAR_Seq_finalArray
 *fill*         0x1fff81fe        0x2 
 COMMON         0x1fff8200        0xa .\ARM_GCC_493\Release\ADC_DAC.a(ADC_SAR_Seq_SAR.o)
                0x1fff8200                ADC_SAR_Seq_SAR_offset
                0x1fff8202                ADC_SAR_Seq_SAR_countsPerVolt
                0x1fff8204                ADC_SAR_Seq_SAR_countsPer10Volt
                0x1fff8208                ADC_SAR_Seq_SAR_shift
                0x1fff8210                . = ALIGN (0x8)
 *fill*         0x1fff820a        0x6 
 *(.ram.b)
                0x1fff8210                _end = .
                0x1fff8210                __end = .
                0x1fff8210                PROVIDE (end, .)
                0x1fff8210                PROVIDE (__bss_end__, .)
                0x00003678                __cy_region_init_ram = LOADADDR (.data)
                0x00000088                __cy_region_init_size_ram = (_edata - ADDR (.data))
                0x00000080                __cy_region_zero_size_ram = (_end - _edata)

.heap           0x1fff8210       0x80 load address 0x00003700
                0x1fff8210                . = _end
                0x1fff8290                . = (. + 0x80)
 *fill*         0x1fff8210       0x80 
                0x1fff8290                __cy_heap_limit = .

.stack          0x20007800      0x800
                0x20007800                __cy_stack_limit = .
                0x20008000                . = (. + 0x800)
 *fill*         0x20007800      0x800 
                0x00000001                ASSERT ((__cy_stack_limit >= __cy_heap_limit), region RAM overflowed with stack)
                0x00000000                cy_checksum_exclude_size = (CY_APPL_LOADABLE == 0x1)?SIZEOF (.cy_checksum_exclude):0x0
                0x00000001                ASSERT ((cy_checksum_exclude_size <= CY_CHECKSUM_EXCLUDE_SIZE), CY_BOOT: Section .cy_checksum_exclude size exceedes specified limit.)

.cyloadermeta
 *(.cyloadermeta)

.cyloadablemeta
 *(.cyloadablemeta)

.cyconfigecc    0x80000000      0xe44
 *(.cyconfigecc)
 .cyconfigecc   0x80000000      0xe44 .\ARM_GCC_493\Release\cymetadata.o
                0x80000000                cy_meta_configecc

.cycustnvl      0x90000000        0x4
 *(.cycustnvl)
 .cycustnvl     0x90000000        0x4 .\ARM_GCC_493\Release\cymetadata.o
                0x90000000                cy_meta_custnvl

.cywolatch      0x90100000        0x4
 *(.cywolatch)
 .cywolatch     0x90100000        0x4 .\ARM_GCC_493\Release\cymetadata.o
                0x90100000                cy_meta_wonvl

.cyeeprom       0x90200000        0x0
 *(.cyeeprom)
                0x00000001                ASSERT ((. <= ((0x90200000 + ee_offset) + ee_size)), .cyeeprom data will not fit in EEPROM)

.cyflashprotect
                0x90400000      0x100
 *(.cyflashprotect)
 .cyflashprotect
                0x90400000      0x100 .\ARM_GCC_493\Release\cymetadata.o
                0x90400000                cy_meta_flashprotect

.cymeta         0x90500000        0xc
 *(.cymeta)
 .cymeta        0x90500000        0xc .\ARM_GCC_493\Release\cymetadata.o
                0x90500000                cy_metadata

.rel.dyn        0x00003700        0x0 load address 0x9050000c
 .rel.iplt      0x00000000        0x0 c:/program files (x86)/cypress/psoc creator/4.0/psoc creator/import/gnu/arm/4.9.3/bin/../lib/gcc/arm-none-eabi/4.9.3/armv7-m/crtbegin.o

.stab
 *(.stab)

.stabstr
 *(.stabstr)

.debug
 *(.debug)

.line
 *(.line)

.debug_srcinfo
 *(.debug_srcinfo)

.debug_sfnames
 *(.debug_sfnames)

.debug_aranges  0x00000000     0x1280
 *(.debug_aranges)
 .debug_aranges
                0x00000000       0x38 .\ARM_GCC_493\Release\main.o
 .debug_aranges
                0x00000038       0x18 .\ARM_GCC_493\Release\cymetadata.o
 .debug_aranges
                0x00000050       0x48 .\ARM_GCC_493\Release\Cm3Start.o
 .debug_aranges
                0x00000098       0x60 .\ARM_GCC_493\Release\ADC_DAC.a(cyfitter_cfg.o)
 .debug_aranges
                0x000000f8       0x98 .\ARM_GCC_493\Release\ADC_DAC.a(LCD_Char_1.o)
 .debug_aranges
                0x00000190       0x20 .\ARM_GCC_493\Release\ADC_DAC.a(LCD_Char_1_CustChars.o)
 .debug_aranges
                0x000001b0       0xd8 .\ARM_GCC_493\Release\ADC_DAC.a(CyDmac.o)
 .debug_aranges
                0x00000288      0x2a0 .\ARM_GCC_493\Release\ADC_DAC.a(CyLib.o)
 .debug_aranges
                0x00000528       0x98 .\ARM_GCC_493\Release\ADC_DAC.a(cyPm.o)
 .debug_aranges
                0x000005c0       0x98 .\ARM_GCC_493\Release\ADC_DAC.a(ADC_SAR_1.o)
 .debug_aranges
                0x00000658       0x20 .\ARM_GCC_493\Release\ADC_DAC.a(ADC_SAR_1_INT.o)
 .debug_aranges
                0x00000678       0x40 .\ARM_GCC_493\Release\ADC_DAC.a(Opamp_1.o)
 .debug_aranges
                0x000006b8       0x40 .\ARM_GCC_493\Release\ADC_DAC.a(Opamp_2.o)
 .debug_aranges
                0x000006f8       0x80 .\ARM_GCC_493\Release\ADC_DAC.a(Filter.o)
 .debug_aranges
                0x00000778       0x28 .\ARM_GCC_493\Release\ADC_DAC.a(Filter_PVT.o)
 .debug_aranges
                0x000007a0       0x18 .\ARM_GCC_493\Release\ADC_DAC.a(Filter_RAM_Data.o)
 .debug_aranges
                0x000007b8       0xd8 .\ARM_GCC_493\Release\ADC_DAC.a(SPI_DAC.o)
 .debug_aranges
                0x00000890       0x70 .\ARM_GCC_493\Release\ADC_DAC.a(SPI_DAC_IntClock.o)
 .debug_aranges
                0x00000900       0x28 .\ARM_GCC_493\Release\ADC_DAC.a(ADC_1_OUT_LSB.o)
 .debug_aranges
                0x00000928       0x28 .\ARM_GCC_493\Release\ADC_DAC.a(ADC_1_OUT_MSB.o)
 .debug_aranges
                0x00000950       0x40 .\ARM_GCC_493\Release\ADC_DAC.a(DAC_IN_MSB.o)
 .debug_aranges
                0x00000990       0x40 .\ARM_GCC_493\Release\ADC_DAC.a(DAC_IN_LSB.o)
 .debug_aranges
                0x000009d0       0x78 .\ARM_GCC_493\Release\ADC_DAC.a(PWM_ADC_CK.o)
 .debug_aranges
                0x00000a48       0x98 .\ARM_GCC_493\Release\ADC_DAC.a(PWM_11.o)
 .debug_aranges
                0x00000ae0       0x98 .\ARM_GCC_493\Release\ADC_DAC.a(PWM_7.o)
 .debug_aranges
                0x00000b78       0x98 .\ARM_GCC_493\Release\ADC_DAC.a(PWM_9.o)
 .debug_aranges
                0x00000c10       0x98 .\ARM_GCC_493\Release\ADC_DAC.a(PWM_8.o)
 .debug_aranges
                0x00000ca8       0x98 .\ARM_GCC_493\Release\ADC_DAC.a(PWM_6.o)
 .debug_aranges
                0x00000d40       0x98 .\ARM_GCC_493\Release\ADC_DAC.a(PWM_10.o)
 .debug_aranges
                0x00000dd8       0x98 .\ARM_GCC_493\Release\ADC_DAC.a(PWM_4.o)
 .debug_aranges
                0x00000e70       0x98 .\ARM_GCC_493\Release\ADC_DAC.a(PWM_5.o)
 .debug_aranges
                0x00000f08       0xa0 .\ARM_GCC_493\Release\ADC_DAC.a(ADC_SAR_Seq.o)
 .debug_aranges
                0x00000fa8       0x20 .\ARM_GCC_493\Release\ADC_DAC.a(ADC_SAR_Seq_INT.o)
 .debug_aranges
                0x00000fc8       0xa8 .\ARM_GCC_493\Release\ADC_DAC.a(ADC_SAR_Seq_SAR.o)
 .debug_aranges
                0x00001070       0x28 .\ARM_GCC_493\Release\ADC_DAC.a(ADC_SAR_Seq_TempBuf_dma.o)
 .debug_aranges
                0x00001098       0x28 .\ARM_GCC_493\Release\ADC_DAC.a(ADC_SAR_Seq_FinalBuf_dma.o)
 .debug_aranges
                0x000010c0       0x80 .\ARM_GCC_493\Release\ADC_DAC.a(ADC_SAR_Seq_IRQ.o)
 .debug_aranges
                0x00001140       0x28 .\ARM_GCC_493\Release\ADC_DAC.a(DIV_MASK_LSB.o)
 .debug_aranges
                0x00001168       0x20 .\ARM_GCC_493\Release\ADC_DAC.a(CyBootAsmGnu.o)
 .debug_aranges
                0x00001188       0x80 .\ARM_GCC_493\Release\ADC_DAC.a(CyFlash.o)
 .debug_aranges
                0x00001208       0x78 .\ARM_GCC_493\Release\ADC_DAC.a(CySpc.o)

.debug_pubnames
 *(.debug_pubnames)

.debug_info     0x00000000     0x703f
 *(.debug_info .gnu.linkonce.wi.*)
 .debug_info    0x00000000      0x25f .\ARM_GCC_493\Release\main.o
 .debug_info    0x0000025f      0x13f .\ARM_GCC_493\Release\cymetadata.o
 .debug_info    0x0000039e      0x319 .\ARM_GCC_493\Release\Cm3Start.o
 .debug_info    0x000006b7      0x469 .\ARM_GCC_493\Release\ADC_DAC.a(cyfitter_cfg.o)
 .debug_info    0x00000b20      0x3e8 .\ARM_GCC_493\Release\ADC_DAC.a(LCD_Char_1.o)
 .debug_info    0x00000f08       0xf7 .\ARM_GCC_493\Release\ADC_DAC.a(LCD_Char_1_CustChars.o)
 .debug_info    0x00000fff      0x8b4 .\ARM_GCC_493\Release\ADC_DAC.a(CyDmac.o)
 .debug_info    0x000018b3      0xe4a .\ARM_GCC_493\Release\ADC_DAC.a(CyLib.o)
 .debug_info    0x000026fd      0x561 .\ARM_GCC_493\Release\ADC_DAC.a(cyPm.o)
 .debug_info    0x00002c5e      0x454 .\ARM_GCC_493\Release\ADC_DAC.a(ADC_SAR_1.o)
 .debug_info    0x000030b2       0x92 .\ARM_GCC_493\Release\ADC_DAC.a(ADC_SAR_1_INT.o)
 .debug_info    0x00003144      0x11e .\ARM_GCC_493\Release\ADC_DAC.a(Opamp_1.o)
 .debug_info    0x00003262      0x11e .\ARM_GCC_493\Release\ADC_DAC.a(Opamp_2.o)
 .debug_info    0x00003380      0x3aa .\ARM_GCC_493\Release\ADC_DAC.a(Filter.o)
 .debug_info    0x0000372a       0xe9 .\ARM_GCC_493\Release\ADC_DAC.a(Filter_PVT.o)
 .debug_info    0x00003813      0x12b .\ARM_GCC_493\Release\ADC_DAC.a(Filter_RAM_Data.o)
 .debug_info    0x0000393e      0x40a .\ARM_GCC_493\Release\ADC_DAC.a(SPI_DAC.o)
 .debug_info    0x00003d48      0x25d .\ARM_GCC_493\Release\ADC_DAC.a(SPI_DAC_IntClock.o)
 .debug_info    0x00003fa5       0xd7 .\ARM_GCC_493\Release\ADC_DAC.a(ADC_1_OUT_LSB.o)
 .debug_info    0x0000407c       0xd7 .\ARM_GCC_493\Release\ADC_DAC.a(ADC_1_OUT_MSB.o)
 .debug_info    0x00004153      0x13b .\ARM_GCC_493\Release\ADC_DAC.a(DAC_IN_MSB.o)
 .debug_info    0x0000428e      0x13b .\ARM_GCC_493\Release\ADC_DAC.a(DAC_IN_LSB.o)
 .debug_info    0x000043c9      0x22e .\ARM_GCC_493\Release\ADC_DAC.a(PWM_ADC_CK.o)
 .debug_info    0x000045f7      0x283 .\ARM_GCC_493\Release\ADC_DAC.a(PWM_11.o)
 .debug_info    0x0000487a      0x283 .\ARM_GCC_493\Release\ADC_DAC.a(PWM_7.o)
 .debug_info    0x00004afd      0x283 .\ARM_GCC_493\Release\ADC_DAC.a(PWM_9.o)
 .debug_info    0x00004d80      0x283 .\ARM_GCC_493\Release\ADC_DAC.a(PWM_8.o)
 .debug_info    0x00005003      0x283 .\ARM_GCC_493\Release\ADC_DAC.a(PWM_6.o)
 .debug_info    0x00005286      0x283 .\ARM_GCC_493\Release\ADC_DAC.a(PWM_10.o)
 .debug_info    0x00005509      0x283 .\ARM_GCC_493\Release\ADC_DAC.a(PWM_4.o)
 .debug_info    0x0000578c      0x283 .\ARM_GCC_493\Release\ADC_DAC.a(PWM_5.o)
 .debug_info    0x00005a0f      0x3a4 .\ARM_GCC_493\Release\ADC_DAC.a(ADC_SAR_Seq.o)
 .debug_info    0x00005db3       0x99 .\ARM_GCC_493\Release\ADC_DAC.a(ADC_SAR_Seq_INT.o)
 .debug_info    0x00005e4c      0x45b .\ARM_GCC_493\Release\ADC_DAC.a(ADC_SAR_Seq_SAR.o)
 .debug_info    0x000062a7      0x114 .\ARM_GCC_493\Release\ADC_DAC.a(ADC_SAR_Seq_TempBuf_dma.o)
 .debug_info    0x000063bb      0x114 .\ARM_GCC_493\Release\ADC_DAC.a(ADC_SAR_Seq_FinalBuf_dma.o)
 .debug_info    0x000064cf      0x23a .\ARM_GCC_493\Release\ADC_DAC.a(ADC_SAR_Seq_IRQ.o)
 .debug_info    0x00006709       0xd7 .\ARM_GCC_493\Release\ADC_DAC.a(DIV_MASK_LSB.o)
 .debug_info    0x000067e0       0xa2 .\ARM_GCC_493\Release\ADC_DAC.a(CyBootAsmGnu.o)
 .debug_info    0x00006882      0x36a .\ARM_GCC_493\Release\ADC_DAC.a(CyFlash.o)
 .debug_info    0x00006bec      0x453 .\ARM_GCC_493\Release\ADC_DAC.a(CySpc.o)

.debug_abbrev   0x00000000     0x2936
 *(.debug_abbrev)
 .debug_abbrev  0x00000000      0x10b .\ARM_GCC_493\Release\main.o
 .debug_abbrev  0x0000010b       0x77 .\ARM_GCC_493\Release\cymetadata.o
 .debug_abbrev  0x00000182      0x1b6 .\ARM_GCC_493\Release\Cm3Start.o
 .debug_abbrev  0x00000338      0x1b7 .\ARM_GCC_493\Release\ADC_DAC.a(cyfitter_cfg.o)
 .debug_abbrev  0x000004ef      0x131 .\ARM_GCC_493\Release\ADC_DAC.a(LCD_Char_1.o)
 .debug_abbrev  0x00000620       0xa2 .\ARM_GCC_493\Release\ADC_DAC.a(LCD_Char_1_CustChars.o)
 .debug_abbrev  0x000006c2      0x194 .\ARM_GCC_493\Release\ADC_DAC.a(CyDmac.o)
 .debug_abbrev  0x00000856      0x217 .\ARM_GCC_493\Release\ADC_DAC.a(CyLib.o)
 .debug_abbrev  0x00000a6d      0x17b .\ARM_GCC_493\Release\ADC_DAC.a(cyPm.o)
 .debug_abbrev  0x00000be8      0x15b .\ARM_GCC_493\Release\ADC_DAC.a(ADC_SAR_1.o)
 .debug_abbrev  0x00000d43       0x42 .\ARM_GCC_493\Release\ADC_DAC.a(ADC_SAR_1_INT.o)
 .debug_abbrev  0x00000d85       0xa8 .\ARM_GCC_493\Release\ADC_DAC.a(Opamp_1.o)
 .debug_abbrev  0x00000e2d       0xa8 .\ARM_GCC_493\Release\ADC_DAC.a(Opamp_2.o)
 .debug_abbrev  0x00000ed5      0x15e .\ARM_GCC_493\Release\ADC_DAC.a(Filter.o)
 .debug_abbrev  0x00001033       0x7f .\ARM_GCC_493\Release\ADC_DAC.a(Filter_PVT.o)
 .debug_abbrev  0x000010b2       0x66 .\ARM_GCC_493\Release\ADC_DAC.a(Filter_RAM_Data.o)
 .debug_abbrev  0x00001118      0x156 .\ARM_GCC_493\Release\ADC_DAC.a(SPI_DAC.o)
 .debug_abbrev  0x0000126e      0x11d .\ARM_GCC_493\Release\ADC_DAC.a(SPI_DAC_IntClock.o)
 .debug_abbrev  0x0000138b       0x81 .\ARM_GCC_493\Release\ADC_DAC.a(ADC_1_OUT_LSB.o)
 .debug_abbrev  0x0000140c       0x81 .\ARM_GCC_493\Release\ADC_DAC.a(ADC_1_OUT_MSB.o)
 .debug_abbrev  0x0000148d       0xaa .\ARM_GCC_493\Release\ADC_DAC.a(DAC_IN_MSB.o)
 .debug_abbrev  0x00001537       0xaa .\ARM_GCC_493\Release\ADC_DAC.a(DAC_IN_LSB.o)
 .debug_abbrev  0x000015e1      0x116 .\ARM_GCC_493\Release\ADC_DAC.a(PWM_ADC_CK.o)
 .debug_abbrev  0x000016f7      0x12e .\ARM_GCC_493\Release\ADC_DAC.a(PWM_11.o)
 .debug_abbrev  0x00001825      0x12e .\ARM_GCC_493\Release\ADC_DAC.a(PWM_7.o)
 .debug_abbrev  0x00001953      0x12e .\ARM_GCC_493\Release\ADC_DAC.a(PWM_9.o)
 .debug_abbrev  0x00001a81      0x12e .\ARM_GCC_493\Release\ADC_DAC.a(PWM_8.o)
 .debug_abbrev  0x00001baf      0x12e .\ARM_GCC_493\Release\ADC_DAC.a(PWM_6.o)
 .debug_abbrev  0x00001cdd      0x12e .\ARM_GCC_493\Release\ADC_DAC.a(PWM_10.o)
 .debug_abbrev  0x00001e0b      0x12e .\ARM_GCC_493\Release\ADC_DAC.a(PWM_4.o)
 .debug_abbrev  0x00001f39      0x12e .\ARM_GCC_493\Release\ADC_DAC.a(PWM_5.o)
 .debug_abbrev  0x00002067      0x155 .\ARM_GCC_493\Release\ADC_DAC.a(ADC_SAR_Seq.o)
 .debug_abbrev  0x000021bc       0x42 .\ARM_GCC_493\Release\ADC_DAC.a(ADC_SAR_Seq_INT.o)
 .debug_abbrev  0x000021fe      0x173 .\ARM_GCC_493\Release\ADC_DAC.a(ADC_SAR_Seq_SAR.o)
 .debug_abbrev  0x00002371       0x8b .\ARM_GCC_493\Release\ADC_DAC.a(ADC_SAR_Seq_TempBuf_dma.o)
 .debug_abbrev  0x000023fc       0x8b .\ARM_GCC_493\Release\ADC_DAC.a(ADC_SAR_Seq_FinalBuf_dma.o)
 .debug_abbrev  0x00002487      0x172 .\ARM_GCC_493\Release\ADC_DAC.a(ADC_SAR_Seq_IRQ.o)
 .debug_abbrev  0x000025f9       0x81 .\ARM_GCC_493\Release\ADC_DAC.a(DIV_MASK_LSB.o)
 .debug_abbrev  0x0000267a       0x14 .\ARM_GCC_493\Release\ADC_DAC.a(CyBootAsmGnu.o)
 .debug_abbrev  0x0000268e      0x13c .\ARM_GCC_493\Release\ADC_DAC.a(CyFlash.o)
 .debug_abbrev  0x000027ca      0x16c .\ARM_GCC_493\Release\ADC_DAC.a(CySpc.o)

.debug_line     0x00000000     0x3c8f
 *(.debug_line)
 .debug_line    0x00000000      0x211 .\ARM_GCC_493\Release\main.o
 .debug_line    0x00000211       0x51 .\ARM_GCC_493\Release\cymetadata.o
 .debug_line    0x00000262      0x1db .\ARM_GCC_493\Release\Cm3Start.o
 .debug_line    0x0000043d      0x235 .\ARM_GCC_493\Release\ADC_DAC.a(cyfitter_cfg.o)
 .debug_line    0x00000672      0x1f9 .\ARM_GCC_493\Release\ADC_DAC.a(LCD_Char_1.o)
 .debug_line    0x0000086b       0x82 .\ARM_GCC_493\Release\ADC_DAC.a(LCD_Char_1_CustChars.o)
 .debug_line    0x000008ed      0x2b5 .\ARM_GCC_493\Release\ADC_DAC.a(CyDmac.o)
 .debug_line    0x00000ba2      0x82c .\ARM_GCC_493\Release\ADC_DAC.a(CyLib.o)
 .debug_line    0x000013ce      0x376 .\ARM_GCC_493\Release\ADC_DAC.a(cyPm.o)
 .debug_line    0x00001744      0x1e6 .\ARM_GCC_493\Release\ADC_DAC.a(ADC_SAR_1.o)
 .debug_line    0x0000192a       0x59 .\ARM_GCC_493\Release\ADC_DAC.a(ADC_SAR_1_INT.o)
 .debug_line    0x00001983       0xaf .\ARM_GCC_493\Release\ADC_DAC.a(Opamp_1.o)
 .debug_line    0x00001a32       0xaf .\ARM_GCC_493\Release\ADC_DAC.a(Opamp_2.o)
 .debug_line    0x00001ae1      0x180 .\ARM_GCC_493\Release\ADC_DAC.a(Filter.o)
 .debug_line    0x00001c61       0x76 .\ARM_GCC_493\Release\ADC_DAC.a(Filter_PVT.o)
 .debug_line    0x00001cd7       0x56 .\ARM_GCC_493\Release\ADC_DAC.a(Filter_RAM_Data.o)
 .debug_line    0x00001d2d      0x269 .\ARM_GCC_493\Release\ADC_DAC.a(SPI_DAC.o)
 .debug_line    0x00001f96      0x1ab .\ARM_GCC_493\Release\ADC_DAC.a(SPI_DAC_IntClock.o)
 .debug_line    0x00002141       0x76 .\ARM_GCC_493\Release\ADC_DAC.a(ADC_1_OUT_LSB.o)
 .debug_line    0x000021b7       0x76 .\ARM_GCC_493\Release\ADC_DAC.a(ADC_1_OUT_MSB.o)
 .debug_line    0x0000222d       0xae .\ARM_GCC_493\Release\ADC_DAC.a(DAC_IN_MSB.o)
 .debug_line    0x000022db       0xad .\ARM_GCC_493\Release\ADC_DAC.a(DAC_IN_LSB.o)
 .debug_line    0x00002388      0x145 .\ARM_GCC_493\Release\ADC_DAC.a(PWM_ADC_CK.o)
 .debug_line    0x000024cd      0x187 .\ARM_GCC_493\Release\ADC_DAC.a(PWM_11.o)
 .debug_line    0x00002654      0x186 .\ARM_GCC_493\Release\ADC_DAC.a(PWM_7.o)
 .debug_line    0x000027da      0x186 .\ARM_GCC_493\Release\ADC_DAC.a(PWM_9.o)
 .debug_line    0x00002960      0x186 .\ARM_GCC_493\Release\ADC_DAC.a(PWM_8.o)
 .debug_line    0x00002ae6      0x186 .\ARM_GCC_493\Release\ADC_DAC.a(PWM_6.o)
 .debug_line    0x00002c6c      0x187 .\ARM_GCC_493\Release\ADC_DAC.a(PWM_10.o)
 .debug_line    0x00002df3      0x186 .\ARM_GCC_493\Release\ADC_DAC.a(PWM_4.o)
 .debug_line    0x00002f79      0x186 .\ARM_GCC_493\Release\ADC_DAC.a(PWM_5.o)
 .debug_line    0x000030ff      0x1cf .\ARM_GCC_493\Release\ADC_DAC.a(ADC_SAR_Seq.o)
 .debug_line    0x000032ce       0x5b .\ARM_GCC_493\Release\ADC_DAC.a(ADC_SAR_Seq_INT.o)
 .debug_line    0x00003329      0x20d .\ARM_GCC_493\Release\ADC_DAC.a(ADC_SAR_Seq_SAR.o)
 .debug_line    0x00003536       0x86 .\ARM_GCC_493\Release\ADC_DAC.a(ADC_SAR_Seq_TempBuf_dma.o)
 .debug_line    0x000035bc       0x87 .\ARM_GCC_493\Release\ADC_DAC.a(ADC_SAR_Seq_FinalBuf_dma.o)
 .debug_line    0x00003643      0x15a .\ARM_GCC_493\Release\ADC_DAC.a(ADC_SAR_Seq_IRQ.o)
 .debug_line    0x0000379d       0x75 .\ARM_GCC_493\Release\ADC_DAC.a(DIV_MASK_LSB.o)
 .debug_line    0x00003812       0x66 .\ARM_GCC_493\Release\ADC_DAC.a(CyBootAsmGnu.o)
 .debug_line    0x00003878      0x202 .\ARM_GCC_493\Release\ADC_DAC.a(CyFlash.o)
 .debug_line    0x00003a7a      0x215 .\ARM_GCC_493\Release\ADC_DAC.a(CySpc.o)

.debug_frame    0x00000000     0x4844
 *(.debug_frame)
 .debug_frame   0x00000000       0x9c .\ARM_GCC_493\Release\main.o
 .debug_frame   0x0000009c       0xd8 .\ARM_GCC_493\Release\Cm3Start.o
 .debug_frame   0x00000174      0x16c .\ARM_GCC_493\Release\ADC_DAC.a(cyfitter_cfg.o)
 .debug_frame   0x000002e0      0x260 .\ARM_GCC_493\Release\ADC_DAC.a(LCD_Char_1.o)
 .debug_frame   0x00000540       0x38 .\ARM_GCC_493\Release\ADC_DAC.a(LCD_Char_1_CustChars.o)
 .debug_frame   0x00000578      0x3d0 .\ARM_GCC_493\Release\ADC_DAC.a(CyDmac.o)
 .debug_frame   0x00000948      0xc0c .\ARM_GCC_493\Release\ADC_DAC.a(CyLib.o)
 .debug_frame   0x00001554      0x234 .\ARM_GCC_493\Release\ADC_DAC.a(cyPm.o)
 .debug_frame   0x00001788      0x278 .\ARM_GCC_493\Release\ADC_DAC.a(ADC_SAR_1.o)
 .debug_frame   0x00001a00       0x34 .\ARM_GCC_493\Release\ADC_DAC.a(ADC_SAR_1_INT.o)
 .debug_frame   0x00001a34       0xb8 .\ARM_GCC_493\Release\ADC_DAC.a(Opamp_1.o)
 .debug_frame   0x00001aec       0xb8 .\ARM_GCC_493\Release\ADC_DAC.a(Opamp_2.o)
 .debug_frame   0x00001ba4      0x204 .\ARM_GCC_493\Release\ADC_DAC.a(Filter.o)
 .debug_frame   0x00001da8       0x60 .\ARM_GCC_493\Release\ADC_DAC.a(Filter_PVT.o)
 .debug_frame   0x00001e08      0x38c .\ARM_GCC_493\Release\ADC_DAC.a(SPI_DAC.o)
 .debug_frame   0x00002194      0x1b4 .\ARM_GCC_493\Release\ADC_DAC.a(SPI_DAC_IntClock.o)
 .debug_frame   0x00002348       0x5c .\ARM_GCC_493\Release\ADC_DAC.a(ADC_1_OUT_LSB.o)
 .debug_frame   0x000023a4       0x5c .\ARM_GCC_493\Release\ADC_DAC.a(ADC_1_OUT_MSB.o)
 .debug_frame   0x00002400       0xd0 .\ARM_GCC_493\Release\ADC_DAC.a(DAC_IN_MSB.o)
 .debug_frame   0x000024d0       0xd0 .\ARM_GCC_493\Release\ADC_DAC.a(DAC_IN_LSB.o)
 .debug_frame   0x000025a0      0x1d0 .\ARM_GCC_493\Release\ADC_DAC.a(PWM_ADC_CK.o)
 .debug_frame   0x00002770      0x25c .\ARM_GCC_493\Release\ADC_DAC.a(PWM_11.o)
 .debug_frame   0x000029cc      0x25c .\ARM_GCC_493\Release\ADC_DAC.a(PWM_7.o)
 .debug_frame   0x00002c28      0x25c .\ARM_GCC_493\Release\ADC_DAC.a(PWM_9.o)
 .debug_frame   0x00002e84      0x25c .\ARM_GCC_493\Release\ADC_DAC.a(PWM_8.o)
 .debug_frame   0x000030e0      0x25c .\ARM_GCC_493\Release\ADC_DAC.a(PWM_6.o)
 .debug_frame   0x0000333c      0x25c .\ARM_GCC_493\Release\ADC_DAC.a(PWM_10.o)
 .debug_frame   0x00003598      0x25c .\ARM_GCC_493\Release\ADC_DAC.a(PWM_4.o)
 .debug_frame   0x000037f4      0x25c .\ARM_GCC_493\Release\ADC_DAC.a(PWM_5.o)
 .debug_frame   0x00003a50      0x264 .\ARM_GCC_493\Release\ADC_DAC.a(ADC_SAR_Seq.o)
 .debug_frame   0x00003cb4       0x34 .\ARM_GCC_493\Release\ADC_DAC.a(ADC_SAR_Seq_INT.o)
 .debug_frame   0x00003ce8      0x2c0 .\ARM_GCC_493\Release\ADC_DAC.a(ADC_SAR_Seq_SAR.o)
 .debug_frame   0x00003fa8       0x58 .\ARM_GCC_493\Release\ADC_DAC.a(ADC_SAR_Seq_TempBuf_dma.o)
 .debug_frame   0x00004000       0x58 .\ARM_GCC_493\Release\ADC_DAC.a(ADC_SAR_Seq_FinalBuf_dma.o)
 .debug_frame   0x00004058      0x1e8 .\ARM_GCC_493\Release\ADC_DAC.a(ADC_SAR_Seq_IRQ.o)
 .debug_frame   0x00004240       0x5c .\ARM_GCC_493\Release\ADC_DAC.a(DIV_MASK_LSB.o)
 .debug_frame   0x0000429c      0x210 .\ARM_GCC_493\Release\ADC_DAC.a(CyFlash.o)
 .debug_frame   0x000044ac      0x1f8 .\ARM_GCC_493\Release\ADC_DAC.a(CySpc.o)
 .debug_frame   0x000046a4       0x28 c:/program files (x86)/cypress/psoc creator/4.0/psoc creator/import/gnu/arm/4.9.3/bin/../lib/gcc/arm-none-eabi/4.9.3/armv7-m\libgcc.a(_aeabi_ldivmod.o)
 .debug_frame   0x000046cc       0x54 c:/program files (x86)/cypress/psoc creator/4.0/psoc creator/import/gnu/arm/4.9.3/bin/../lib/gcc/arm-none-eabi/4.9.3/armv7-m\libgcc.a(bpabi.o)
 .debug_frame   0x00004720       0x34 c:/program files (x86)/cypress/psoc creator/4.0/psoc creator/import/gnu/arm/4.9.3/bin/../lib/gcc/arm-none-eabi/4.9.3/armv7-m\libgcc.a(_divdi3.o)
 .debug_frame   0x00004754       0x34 c:/program files (x86)/cypress/psoc creator/4.0/psoc creator/import/gnu/arm/4.9.3/bin/../lib/gcc/arm-none-eabi/4.9.3/armv7-m\libgcc.a(_udivdi3.o)
 .debug_frame   0x00004788       0x20 c:/program files (x86)/cypress/psoc creator/4.0/psoc creator/import/gnu/arm/4.9.3/bin/../lib/gcc/arm-none-eabi/4.9.3/../../../../arm-none-eabi/lib/armv7-m\libg_nano.a(lib_a-errno.o)
 .debug_frame   0x000047a8       0x28 c:/program files (x86)/cypress/psoc creator/4.0/psoc creator/import/gnu/arm/4.9.3/bin/../lib/gcc/arm-none-eabi/4.9.3/../../../../arm-none-eabi/lib/armv7-m\libg_nano.a(lib_a-exit.o)
 .debug_frame   0x000047d0       0x2c c:/program files (x86)/cypress/psoc creator/4.0/psoc creator/import/gnu/arm/4.9.3/bin/../lib/gcc/arm-none-eabi/4.9.3/../../../../arm-none-eabi/lib/armv7-m\libg_nano.a(lib_a-init.o)
 .debug_frame   0x000047fc       0x28 c:/program files (x86)/cypress/psoc creator/4.0/psoc creator/import/gnu/arm/4.9.3/bin/../lib/gcc/arm-none-eabi/4.9.3/../../../../arm-none-eabi/lib/armv7-m\libg_nano.a(lib_a-memcpy.o)
 .debug_frame   0x00004824       0x20 c:/program files (x86)/cypress/psoc creator/4.0/psoc creator/import/gnu/arm/4.9.3/bin/../lib/gcc/arm-none-eabi/4.9.3/../../../../arm-none-eabi/lib/armv7-m\libg_nano.a(lib_a-memset.o)

.debug_str      0x00000000     0x3904
 *(.debug_str)
 .debug_str     0x00000000      0x253 .\ARM_GCC_493\Release\main.o
                                0x29e (size before relaxing)
 .debug_str     0x00000253       0x75 .\ARM_GCC_493\Release\cymetadata.o
                                0x1fc (size before relaxing)
 .debug_str     0x000002c8      0x13c .\ARM_GCC_493\Release\Cm3Start.o
                                0x2dd (size before relaxing)
 .debug_str     0x00000404      0x183 .\ARM_GCC_493\Release\ADC_DAC.a(cyfitter_cfg.o)
                                0x33e (size before relaxing)
 .debug_str     0x00000587      0x214 .\ARM_GCC_493\Release\ADC_DAC.a(LCD_Char_1.o)
                                0x3c2 (size before relaxing)
 .debug_str     0x0000079b       0x54 .\ARM_GCC_493\Release\ADC_DAC.a(LCD_Char_1_CustChars.o)
                                0x1fa (size before relaxing)
 .debug_str     0x000007ef      0x366 .\ARM_GCC_493\Release\ADC_DAC.a(CyDmac.o)
                                0x523 (size before relaxing)
 .debug_str     0x00000b55      0x7ca .\ARM_GCC_493\Release\ADC_DAC.a(CyLib.o)
                                0x9f0 (size before relaxing)
 .debug_str     0x0000131f      0x365 .\ARM_GCC_493\Release\ADC_DAC.a(cyPm.o)
                                0x53d (size before relaxing)
 .debug_str     0x00001684      0x233 .\ARM_GCC_493\Release\ADC_DAC.a(ADC_SAR_1.o)
                                0x416 (size before relaxing)
 .debug_str     0x000018b7       0x35 .\ARM_GCC_493\Release\ADC_DAC.a(ADC_SAR_1_INT.o)
                                0x1ad (size before relaxing)
 .debug_str     0x000018ec       0x79 .\ARM_GCC_493\Release\ADC_DAC.a(Opamp_1.o)
                                0x20b (size before relaxing)
 .debug_str     0x00001965       0x79 .\ARM_GCC_493\Release\ADC_DAC.a(Opamp_2.o)
                                0x20b (size before relaxing)
 .debug_str     0x000019de      0x157 .\ARM_GCC_493\Release\ADC_DAC.a(Filter.o)
                                0x311 (size before relaxing)
 .debug_str     0x00001b35       0x55 .\ARM_GCC_493\Release\ADC_DAC.a(Filter_PVT.o)
                                0x1e1 (size before relaxing)
 .debug_str     0x00001b8a       0x29 .\ARM_GCC_493\Release\ADC_DAC.a(Filter_RAM_Data.o)
                                0x1f2 (size before relaxing)
 .debug_str     0x00001bb3      0x266 .\ARM_GCC_493\Release\ADC_DAC.a(SPI_DAC.o)
                                0x41f (size before relaxing)
 .debug_str     0x00001e19      0x1ce .\ARM_GCC_493\Release\ADC_DAC.a(SPI_DAC_IntClock.o)
                                0x36c (size before relaxing)
 .debug_str     0x00001fe7       0x4e .\ARM_GCC_493\Release\ADC_DAC.a(ADC_1_OUT_LSB.o)
                                0x1d9 (size before relaxing)
 .debug_str     0x00002035       0x4e .\ARM_GCC_493\Release\ADC_DAC.a(ADC_1_OUT_MSB.o)
                                0x1d9 (size before relaxing)
 .debug_str     0x00002083       0x94 .\ARM_GCC_493\Release\ADC_DAC.a(DAC_IN_MSB.o)
                                0x234 (size before relaxing)
 .debug_str     0x00002117       0x94 .\ARM_GCC_493\Release\ADC_DAC.a(DAC_IN_LSB.o)
                                0x234 (size before relaxing)
 .debug_str     0x000021ab      0x178 .\ARM_GCC_493\Release\ADC_DAC.a(PWM_ADC_CK.o)
                                0x319 (size before relaxing)
 .debug_str     0x00002323      0x180 .\ARM_GCC_493\Release\ADC_DAC.a(PWM_11.o)
                                0x33d (size before relaxing)
 .debug_str     0x000024a3      0x165 .\ARM_GCC_493\Release\ADC_DAC.a(PWM_7.o)
                                0x32a (size before relaxing)
 .debug_str     0x00002608      0x165 .\ARM_GCC_493\Release\ADC_DAC.a(PWM_9.o)
                                0x32a (size before relaxing)
 .debug_str     0x0000276d      0x165 .\ARM_GCC_493\Release\ADC_DAC.a(PWM_8.o)
                                0x32a (size before relaxing)
 .debug_str     0x000028d2      0x165 .\ARM_GCC_493\Release\ADC_DAC.a(PWM_6.o)
                                0x32a (size before relaxing)
 .debug_str     0x00002a37      0x178 .\ARM_GCC_493\Release\ADC_DAC.a(PWM_10.o)
                                0x33d (size before relaxing)
 .debug_str     0x00002baf      0x165 .\ARM_GCC_493\Release\ADC_DAC.a(PWM_4.o)
                                0x32a (size before relaxing)
 .debug_str     0x00002d14      0x165 .\ARM_GCC_493\Release\ADC_DAC.a(PWM_5.o)
                                0x32a (size before relaxing)
 .debug_str     0x00002e79      0x25d .\ARM_GCC_493\Release\ADC_DAC.a(ADC_SAR_Seq.o)
                                0x455 (size before relaxing)
 .debug_str     0x000030d6       0x39 .\ARM_GCC_493\Release\ADC_DAC.a(ADC_SAR_Seq_INT.o)
                                0x1ba (size before relaxing)
 .debug_str     0x0000310f      0x27c .\ARM_GCC_493\Release\ADC_DAC.a(ADC_SAR_Seq_SAR.o)
                                0x4c6 (size before relaxing)
 .debug_str     0x0000338b       0xcb .\ARM_GCC_493\Release\ADC_DAC.a(ADC_SAR_Seq_TempBuf_dma.o)
                                0x259 (size before relaxing)
 .debug_str     0x00003456       0x94 .\ARM_GCC_493\Release\ADC_DAC.a(ADC_SAR_Seq_FinalBuf_dma.o)
                                0x25d (size before relaxing)
 .debug_str     0x000034ea      0x172 .\ARM_GCC_493\Release\ADC_DAC.a(ADC_SAR_Seq_IRQ.o)
                                0x338 (size before relaxing)
 .debug_str     0x0000365c       0x4b .\ARM_GCC_493\Release\ADC_DAC.a(DIV_MASK_LSB.o)
                                0x1d6 (size before relaxing)
 .debug_str     0x000036a7      0x13e .\ARM_GCC_493\Release\ADC_DAC.a(CyFlash.o)
                                0x2fc (size before relaxing)
 .debug_str     0x000037e5      0x11f .\ARM_GCC_493\Release\ADC_DAC.a(CySpc.o)
                                0x2f9 (size before relaxing)

.debug_loc
 *(.debug_loc)

.debug_macinfo
 *(.debug_macinfo)

.debug_ranges   0x00000000      0xfd0
 *(.debug_ranges)
 .debug_ranges  0x00000000       0x28 .\ARM_GCC_493\Release\main.o
 .debug_ranges  0x00000028       0x38 .\ARM_GCC_493\Release\Cm3Start.o
 .debug_ranges  0x00000060       0x50 .\ARM_GCC_493\Release\ADC_DAC.a(cyfitter_cfg.o)
 .debug_ranges  0x000000b0       0x88 .\ARM_GCC_493\Release\ADC_DAC.a(LCD_Char_1.o)
 .debug_ranges  0x00000138       0x10 .\ARM_GCC_493\Release\ADC_DAC.a(LCD_Char_1_CustChars.o)
 .debug_ranges  0x00000148       0xc8 .\ARM_GCC_493\Release\ADC_DAC.a(CyDmac.o)
 .debug_ranges  0x00000210      0x290 .\ARM_GCC_493\Release\ADC_DAC.a(CyLib.o)
 .debug_ranges  0x000004a0       0x88 .\ARM_GCC_493\Release\ADC_DAC.a(cyPm.o)
 .debug_ranges  0x00000528       0x88 .\ARM_GCC_493\Release\ADC_DAC.a(ADC_SAR_1.o)
 .debug_ranges  0x000005b0       0x10 .\ARM_GCC_493\Release\ADC_DAC.a(ADC_SAR_1_INT.o)
 .debug_ranges  0x000005c0       0x30 .\ARM_GCC_493\Release\ADC_DAC.a(Opamp_1.o)
 .debug_ranges  0x000005f0       0x30 .\ARM_GCC_493\Release\ADC_DAC.a(Opamp_2.o)
 .debug_ranges  0x00000620       0x70 .\ARM_GCC_493\Release\ADC_DAC.a(Filter.o)
 .debug_ranges  0x00000690       0x18 .\ARM_GCC_493\Release\ADC_DAC.a(Filter_PVT.o)
 .debug_ranges  0x000006a8       0xc8 .\ARM_GCC_493\Release\ADC_DAC.a(SPI_DAC.o)
 .debug_ranges  0x00000770       0x60 .\ARM_GCC_493\Release\ADC_DAC.a(SPI_DAC_IntClock.o)
 .debug_ranges  0x000007d0       0x18 .\ARM_GCC_493\Release\ADC_DAC.a(ADC_1_OUT_LSB.o)
 .debug_ranges  0x000007e8       0x18 .\ARM_GCC_493\Release\ADC_DAC.a(ADC_1_OUT_MSB.o)
 .debug_ranges  0x00000800       0x30 .\ARM_GCC_493\Release\ADC_DAC.a(DAC_IN_MSB.o)
 .debug_ranges  0x00000830       0x30 .\ARM_GCC_493\Release\ADC_DAC.a(DAC_IN_LSB.o)
 .debug_ranges  0x00000860       0x68 .\ARM_GCC_493\Release\ADC_DAC.a(PWM_ADC_CK.o)
 .debug_ranges  0x000008c8       0x88 .\ARM_GCC_493\Release\ADC_DAC.a(PWM_11.o)
 .debug_ranges  0x00000950       0x88 .\ARM_GCC_493\Release\ADC_DAC.a(PWM_7.o)
 .debug_ranges  0x000009d8       0x88 .\ARM_GCC_493\Release\ADC_DAC.a(PWM_9.o)
 .debug_ranges  0x00000a60       0x88 .\ARM_GCC_493\Release\ADC_DAC.a(PWM_8.o)
 .debug_ranges  0x00000ae8       0x88 .\ARM_GCC_493\Release\ADC_DAC.a(PWM_6.o)
 .debug_ranges  0x00000b70       0x88 .\ARM_GCC_493\Release\ADC_DAC.a(PWM_10.o)
 .debug_ranges  0x00000bf8       0x88 .\ARM_GCC_493\Release\ADC_DAC.a(PWM_4.o)
 .debug_ranges  0x00000c80       0x88 .\ARM_GCC_493\Release\ADC_DAC.a(PWM_5.o)
 .debug_ranges  0x00000d08       0x90 .\ARM_GCC_493\Release\ADC_DAC.a(ADC_SAR_Seq.o)
 .debug_ranges  0x00000d98       0x10 .\ARM_GCC_493\Release\ADC_DAC.a(ADC_SAR_Seq_INT.o)
 .debug_ranges  0x00000da8       0x98 .\ARM_GCC_493\Release\ADC_DAC.a(ADC_SAR_Seq_SAR.o)
 .debug_ranges  0x00000e40       0x18 .\ARM_GCC_493\Release\ADC_DAC.a(ADC_SAR_Seq_TempBuf_dma.o)
 .debug_ranges  0x00000e58       0x18 .\ARM_GCC_493\Release\ADC_DAC.a(ADC_SAR_Seq_FinalBuf_dma.o)
 .debug_ranges  0x00000e70       0x70 .\ARM_GCC_493\Release\ADC_DAC.a(ADC_SAR_Seq_IRQ.o)
 .debug_ranges  0x00000ee0       0x18 .\ARM_GCC_493\Release\ADC_DAC.a(DIV_MASK_LSB.o)
 .debug_ranges  0x00000ef8       0x70 .\ARM_GCC_493\Release\ADC_DAC.a(CyFlash.o)
 .debug_ranges  0x00000f68       0x68 .\ARM_GCC_493\Release\ADC_DAC.a(CySpc.o)

.comment        0x00000000       0x70
 .comment       0x00000000       0x70 .\ARM_GCC_493\Release\main.o
                                 0x71 (size before relaxing)
 .comment       0x00000000       0x71 .\ARM_GCC_493\Release\cymetadata.o
 .comment       0x00000000       0x71 .\ARM_GCC_493\Release\Cm3Start.o
 .comment       0x00000000       0x71 .\ARM_GCC_493\Release\ADC_DAC.a(cyfitter_cfg.o)
 .comment       0x00000000       0x71 .\ARM_GCC_493\Release\ADC_DAC.a(LCD_Char_1.o)
 .comment       0x00000000       0x71 .\ARM_GCC_493\Release\ADC_DAC.a(LCD_Char_1_CustChars.o)
 .comment       0x00000000       0x71 .\ARM_GCC_493\Release\ADC_DAC.a(CyDmac.o)
 .comment       0x00000000       0x71 .\ARM_GCC_493\Release\ADC_DAC.a(CyLib.o)
 .comment       0x00000000       0x71 .\ARM_GCC_493\Release\ADC_DAC.a(cyPm.o)
 .comment       0x00000000       0x71 .\ARM_GCC_493\Release\ADC_DAC.a(ADC_SAR_1.o)
 .comment       0x00000000       0x71 .\ARM_GCC_493\Release\ADC_DAC.a(ADC_SAR_1_INT.o)
 .comment       0x00000000       0x71 .\ARM_GCC_493\Release\ADC_DAC.a(Opamp_1.o)
 .comment       0x00000000       0x71 .\ARM_GCC_493\Release\ADC_DAC.a(Opamp_2.o)
 .comment       0x00000000       0x71 .\ARM_GCC_493\Release\ADC_DAC.a(Filter.o)
 .comment       0x00000000       0x71 .\ARM_GCC_493\Release\ADC_DAC.a(Filter_PVT.o)
 .comment       0x00000000       0x71 .\ARM_GCC_493\Release\ADC_DAC.a(Filter_RAM_Data.o)
 .comment       0x00000000       0x71 .\ARM_GCC_493\Release\ADC_DAC.a(SPI_DAC.o)
 .comment       0x00000000       0x71 .\ARM_GCC_493\Release\ADC_DAC.a(SPI_DAC_IntClock.o)
 .comment       0x00000000       0x71 .\ARM_GCC_493\Release\ADC_DAC.a(ADC_1_OUT_LSB.o)
 .comment       0x00000000       0x71 .\ARM_GCC_493\Release\ADC_DAC.a(ADC_1_OUT_MSB.o)
 .comment       0x00000000       0x71 .\ARM_GCC_493\Release\ADC_DAC.a(DAC_IN_MSB.o)
 .comment       0x00000000       0x71 .\ARM_GCC_493\Release\ADC_DAC.a(DAC_IN_LSB.o)
 .comment       0x00000000       0x71 .\ARM_GCC_493\Release\ADC_DAC.a(PWM_ADC_CK.o)
 .comment       0x00000000       0x71 .\ARM_GCC_493\Release\ADC_DAC.a(PWM_11.o)
 .comment       0x00000000       0x71 .\ARM_GCC_493\Release\ADC_DAC.a(PWM_7.o)
 .comment       0x00000000       0x71 .\ARM_GCC_493\Release\ADC_DAC.a(PWM_9.o)
 .comment       0x00000000       0x71 .\ARM_GCC_493\Release\ADC_DAC.a(PWM_8.o)
 .comment       0x00000000       0x71 .\ARM_GCC_493\Release\ADC_DAC.a(PWM_6.o)
 .comment       0x00000000       0x71 .\ARM_GCC_493\Release\ADC_DAC.a(PWM_10.o)
 .comment       0x00000000       0x71 .\ARM_GCC_493\Release\ADC_DAC.a(PWM_4.o)
 .comment       0x00000000       0x71 .\ARM_GCC_493\Release\ADC_DAC.a(PWM_5.o)
 .comment       0x00000000       0x71 .\ARM_GCC_493\Release\ADC_DAC.a(ADC_SAR_Seq.o)
 .comment       0x00000000       0x71 .\ARM_GCC_493\Release\ADC_DAC.a(ADC_SAR_Seq_INT.o)
 .comment       0x00000000       0x71 .\ARM_GCC_493\Release\ADC_DAC.a(ADC_SAR_Seq_SAR.o)
 .comment       0x00000000       0x71 .\ARM_GCC_493\Release\ADC_DAC.a(ADC_SAR_Seq_TempBuf_dma.o)
 .comment       0x00000000       0x71 .\ARM_GCC_493\Release\ADC_DAC.a(ADC_SAR_Seq_FinalBuf_dma.o)
 .comment       0x00000000       0x71 .\ARM_GCC_493\Release\ADC_DAC.a(ADC_SAR_Seq_IRQ.o)
 .comment       0x00000000       0x71 .\ARM_GCC_493\Release\ADC_DAC.a(DIV_MASK_LSB.o)
 .comment       0x00000000       0x71 .\ARM_GCC_493\Release\ADC_DAC.a(CyFlash.o)
 .comment       0x00000000       0x71 .\ARM_GCC_493\Release\ADC_DAC.a(CySpc.o)

.debug_weaknames
 *(.debug_weaknames)

.debug_funcnames
 *(.debug_funcnames)

.debug_typenames
 *(.debug_typenames)

.debug_varnames
 *(.debug_varnames)

.note.gnu.arm.ident
 *(.note.gnu.arm.ident)

.ARM.attributes
                0x00000000       0x29
 *(.ARM.attributes)
 .ARM.attributes
                0x00000000       0x1d c:/program files (x86)/cypress/psoc creator/4.0/psoc creator/import/gnu/arm/4.9.3/bin/../lib/gcc/arm-none-eabi/4.9.3/armv7-m/crti.o
 .ARM.attributes
                0x0000001d       0x2d c:/program files (x86)/cypress/psoc creator/4.0/psoc creator/import/gnu/arm/4.9.3/bin/../lib/gcc/arm-none-eabi/4.9.3/armv7-m/crtbegin.o
 .ARM.attributes
                0x0000004a       0x1b c:/program files (x86)/cypress/psoc creator/4.0/psoc creator/import/gnu/arm/4.9.3/bin/../lib/gcc/arm-none-eabi/4.9.3/../../../../arm-none-eabi/lib/armv7-m/crt0.o
 .ARM.attributes
                0x00000065       0x33 .\ARM_GCC_493\Release\main.o
 .ARM.attributes
                0x00000098       0x33 .\ARM_GCC_493\Release\cymetadata.o
 .ARM.attributes
                0x000000cb       0x33 .\ARM_GCC_493\Release\Cm3Start.o
 .ARM.attributes
                0x000000fe       0x33 .\ARM_GCC_493\Release\ADC_DAC.a(cyfitter_cfg.o)
 .ARM.attributes
                0x00000131       0x33 .\ARM_GCC_493\Release\ADC_DAC.a(LCD_Char_1.o)
 .ARM.attributes
                0x00000164       0x33 .\ARM_GCC_493\Release\ADC_DAC.a(LCD_Char_1_CustChars.o)
 .ARM.attributes
                0x00000197       0x33 .\ARM_GCC_493\Release\ADC_DAC.a(CyDmac.o)
 .ARM.attributes
                0x000001ca       0x33 .\ARM_GCC_493\Release\ADC_DAC.a(CyLib.o)
 .ARM.attributes
                0x000001fd       0x33 .\ARM_GCC_493\Release\ADC_DAC.a(cyPm.o)
 .ARM.attributes
                0x00000230       0x33 .\ARM_GCC_493\Release\ADC_DAC.a(ADC_SAR_1.o)
 .ARM.attributes
                0x00000263       0x33 .\ARM_GCC_493\Release\ADC_DAC.a(ADC_SAR_1_INT.o)
 .ARM.attributes
                0x00000296       0x33 .\ARM_GCC_493\Release\ADC_DAC.a(Opamp_1.o)
 .ARM.attributes
                0x000002c9       0x33 .\ARM_GCC_493\Release\ADC_DAC.a(Opamp_2.o)
 .ARM.attributes
                0x000002fc       0x33 .\ARM_GCC_493\Release\ADC_DAC.a(Filter.o)
 .ARM.attributes
                0x0000032f       0x33 .\ARM_GCC_493\Release\ADC_DAC.a(Filter_PVT.o)
 .ARM.attributes
                0x00000362       0x33 .\ARM_GCC_493\Release\ADC_DAC.a(Filter_RAM_Data.o)
 .ARM.attributes
                0x00000395       0x33 .\ARM_GCC_493\Release\ADC_DAC.a(SPI_DAC.o)
 .ARM.attributes
                0x000003c8       0x33 .\ARM_GCC_493\Release\ADC_DAC.a(SPI_DAC_IntClock.o)
 .ARM.attributes
                0x000003fb       0x33 .\ARM_GCC_493\Release\ADC_DAC.a(ADC_1_OUT_LSB.o)
 .ARM.attributes
                0x0000042e       0x33 .\ARM_GCC_493\Release\ADC_DAC.a(ADC_1_OUT_MSB.o)
 .ARM.attributes
                0x00000461       0x33 .\ARM_GCC_493\Release\ADC_DAC.a(DAC_IN_MSB.o)
 .ARM.attributes
                0x00000494       0x33 .\ARM_GCC_493\Release\ADC_DAC.a(DAC_IN_LSB.o)
 .ARM.attributes
                0x000004c7       0x33 .\ARM_GCC_493\Release\ADC_DAC.a(PWM_ADC_CK.o)
 .ARM.attributes
                0x000004fa       0x33 .\ARM_GCC_493\Release\ADC_DAC.a(PWM_11.o)
 .ARM.attributes
                0x0000052d       0x33 .\ARM_GCC_493\Release\ADC_DAC.a(PWM_7.o)
 .ARM.attributes
                0x00000560       0x33 .\ARM_GCC_493\Release\ADC_DAC.a(PWM_9.o)
 .ARM.attributes
                0x00000593       0x33 .\ARM_GCC_493\Release\ADC_DAC.a(PWM_8.o)
 .ARM.attributes
                0x000005c6       0x33 .\ARM_GCC_493\Release\ADC_DAC.a(PWM_6.o)
 .ARM.attributes
                0x000005f9       0x33 .\ARM_GCC_493\Release\ADC_DAC.a(PWM_10.o)
 .ARM.attributes
                0x0000062c       0x33 .\ARM_GCC_493\Release\ADC_DAC.a(PWM_4.o)
 .ARM.attributes
                0x0000065f       0x33 .\ARM_GCC_493\Release\ADC_DAC.a(PWM_5.o)
 .ARM.attributes
                0x00000692       0x33 .\ARM_GCC_493\Release\ADC_DAC.a(ADC_SAR_Seq.o)
 .ARM.attributes
                0x000006c5       0x33 .\ARM_GCC_493\Release\ADC_DAC.a(ADC_SAR_Seq_INT.o)
 .ARM.attributes
                0x000006f8       0x33 .\ARM_GCC_493\Release\ADC_DAC.a(ADC_SAR_Seq_SAR.o)
 .ARM.attributes
                0x0000072b       0x33 .\ARM_GCC_493\Release\ADC_DAC.a(ADC_SAR_Seq_TempBuf_dma.o)
 .ARM.attributes
                0x0000075e       0x33 .\ARM_GCC_493\Release\ADC_DAC.a(ADC_SAR_Seq_FinalBuf_dma.o)
 .ARM.attributes
                0x00000791       0x33 .\ARM_GCC_493\Release\ADC_DAC.a(ADC_SAR_Seq_IRQ.o)
 .ARM.attributes
                0x000007c4       0x33 .\ARM_GCC_493\Release\ADC_DAC.a(DIV_MASK_LSB.o)
 .ARM.attributes
                0x000007f7       0x21 .\ARM_GCC_493\Release\ADC_DAC.a(CyBootAsmGnu.o)
 .ARM.attributes
                0x00000818       0x33 .\ARM_GCC_493\Release\ADC_DAC.a(CyFlash.o)
 .ARM.attributes
                0x0000084b       0x33 .\ARM_GCC_493\Release\ADC_DAC.a(CySpc.o)
 .ARM.attributes
                0x0000087e       0x1d c:/program files (x86)/cypress/psoc creator/4.0/psoc creator/import/gnu/arm/4.9.3/bin/../lib/gcc/arm-none-eabi/4.9.3/armv7-m\libgcc.a(_arm_addsubdf3.o)
 .ARM.attributes
                0x0000089b       0x1d c:/program files (x86)/cypress/psoc creator/4.0/psoc creator/import/gnu/arm/4.9.3/bin/../lib/gcc/arm-none-eabi/4.9.3/armv7-m\libgcc.a(_arm_muldivdf3.o)
 .ARM.attributes
                0x000008b8       0x1d c:/program files (x86)/cypress/psoc creator/4.0/psoc creator/import/gnu/arm/4.9.3/bin/../lib/gcc/arm-none-eabi/4.9.3/armv7-m\libgcc.a(_arm_fixunsdfsi.o)
 .ARM.attributes
                0x000008d5       0x1d c:/program files (x86)/cypress/psoc creator/4.0/psoc creator/import/gnu/arm/4.9.3/bin/../lib/gcc/arm-none-eabi/4.9.3/armv7-m\libgcc.a(_arm_addsubsf3.o)
 .ARM.attributes
                0x000008f2       0x1d c:/program files (x86)/cypress/psoc creator/4.0/psoc creator/import/gnu/arm/4.9.3/bin/../lib/gcc/arm-none-eabi/4.9.3/armv7-m\libgcc.a(_arm_muldivsf3.o)
 .ARM.attributes
                0x0000090f       0x1d c:/program files (x86)/cypress/psoc creator/4.0/psoc creator/import/gnu/arm/4.9.3/bin/../lib/gcc/arm-none-eabi/4.9.3/armv7-m\libgcc.a(_aeabi_ldivmod.o)
 .ARM.attributes
                0x0000092c       0x2d c:/program files (x86)/cypress/psoc creator/4.0/psoc creator/import/gnu/arm/4.9.3/bin/../lib/gcc/arm-none-eabi/4.9.3/armv7-m\libgcc.a(bpabi.o)
 .ARM.attributes
                0x00000959       0x1d c:/program files (x86)/cypress/psoc creator/4.0/psoc creator/import/gnu/arm/4.9.3/bin/../lib/gcc/arm-none-eabi/4.9.3/armv7-m\libgcc.a(_dvmd_tls.o)
 .ARM.attributes
                0x00000976       0x2d c:/program files (x86)/cypress/psoc creator/4.0/psoc creator/import/gnu/arm/4.9.3/bin/../lib/gcc/arm-none-eabi/4.9.3/armv7-m\libgcc.a(_divdi3.o)
 .ARM.attributes
                0x000009a3       0x2d c:/program files (x86)/cypress/psoc creator/4.0/psoc creator/import/gnu/arm/4.9.3/bin/../lib/gcc/arm-none-eabi/4.9.3/armv7-m\libgcc.a(_udivdi3.o)
 .ARM.attributes
                0x000009d0       0x2d c:/program files (x86)/cypress/psoc creator/4.0/psoc creator/import/gnu/arm/4.9.3/bin/../lib/gcc/arm-none-eabi/4.9.3/../../../../arm-none-eabi/lib/armv7-m\libg_nano.a(lib_a-errno.o)
 .ARM.attributes
                0x000009fd       0x2d c:/program files (x86)/cypress/psoc creator/4.0/psoc creator/import/gnu/arm/4.9.3/bin/../lib/gcc/arm-none-eabi/4.9.3/../../../../arm-none-eabi/lib/armv7-m\libg_nano.a(lib_a-exit.o)
 .ARM.attributes
                0x00000a2a       0x2d c:/program files (x86)/cypress/psoc creator/4.0/psoc creator/import/gnu/arm/4.9.3/bin/../lib/gcc/arm-none-eabi/4.9.3/../../../../arm-none-eabi/lib/armv7-m\libg_nano.a(lib_a-impure.o)
 .ARM.attributes
                0x00000a57       0x2d c:/program files (x86)/cypress/psoc creator/4.0/psoc creator/import/gnu/arm/4.9.3/bin/../lib/gcc/arm-none-eabi/4.9.3/../../../../arm-none-eabi/lib/armv7-m\libg_nano.a(lib_a-init.o)
 .ARM.attributes
                0x00000a84       0x2d c:/program files (x86)/cypress/psoc creator/4.0/psoc creator/import/gnu/arm/4.9.3/bin/../lib/gcc/arm-none-eabi/4.9.3/../../../../arm-none-eabi/lib/armv7-m\libg_nano.a(lib_a-memcpy.o)
 .ARM.attributes
                0x00000ab1       0x2d c:/program files (x86)/cypress/psoc creator/4.0/psoc creator/import/gnu/arm/4.9.3/bin/../lib/gcc/arm-none-eabi/4.9.3/../../../../arm-none-eabi/lib/armv7-m\libg_nano.a(lib_a-memset.o)
 .ARM.attributes
                0x00000ade       0x2d c:/program files (x86)/cypress/psoc creator/4.0/psoc creator/import/gnu/arm/4.9.3/bin/../lib/gcc/arm-none-eabi/4.9.3/armv7-m/crtend.o
 .ARM.attributes
                0x00000b0b       0x1d c:/program files (x86)/cypress/psoc creator/4.0/psoc creator/import/gnu/arm/4.9.3/bin/../lib/gcc/arm-none-eabi/4.9.3/armv7-m/crtn.o

/DISCARD/
 *(.note.GNU-stack)
OUTPUT(.\ARM_GCC_493\Release\ADC_DAC.elf elf32-littlearm)