Archive member included because of file (symbol)

.\ARM_GCC_493\Debug\ADC_DMA_VDAC01.a(cyfitter_cfg.o)
                              .\ARM_GCC_493\Debug\Cm3Start.o (cyfitter_cfg)
.\ARM_GCC_493\Debug\ADC_DMA_VDAC01.a(ADC_DelSig_1.o)
                              .\ARM_GCC_493\Debug\main.o (ADC_DelSig_1_Start)
.\ARM_GCC_493\Debug\ADC_DMA_VDAC01.a(ADC_DelSig_1_INT.o)
                              .\ARM_GCC_493\Debug\ADC_DMA_VDAC01.a(ADC_DelSig_1.o) (ADC_DelSig_1_ISR1)
.\ARM_GCC_493\Debug\ADC_DMA_VDAC01.a(VDAC8_1.o)
                              .\ARM_GCC_493\Debug\main.o (VDAC8_1_Start)
.\ARM_GCC_493\Debug\ADC_DMA_VDAC01.a(LCD_Char_1.o)
                              .\ARM_GCC_493\Debug\main.o (LCD_Char_1_Start)
.\ARM_GCC_493\Debug\ADC_DMA_VDAC01.a(ADC_DelSig_1_AMux.o)
                              .\ARM_GCC_493\Debug\ADC_DMA_VDAC01.a(ADC_DelSig_1.o) (ADC_DelSig_1_AMux_Select)
.\ARM_GCC_493\Debug\ADC_DMA_VDAC01.a(ADC_DelSig_1_Ext_CP_Clk.o)
                              .\ARM_GCC_493\Debug\ADC_DMA_VDAC01.a(ADC_DelSig_1.o) (ADC_DelSig_1_Ext_CP_Clk_SetDividerRegister)
.\ARM_GCC_493\Debug\ADC_DMA_VDAC01.a(ADC_DelSig_1_theACLK.o)
                              .\ARM_GCC_493\Debug\ADC_DMA_VDAC01.a(ADC_DelSig_1.o) (ADC_DelSig_1_theACLK_SetDividerRegister)
.\ARM_GCC_493\Debug\ADC_DMA_VDAC01.a(CyLib.o)
                              .\ARM_GCC_493\Debug\Cm3Start.o (CyResetStatus)
.\ARM_GCC_493\Debug\ADC_DMA_VDAC01.a(cyPm.o)
                              .\ARM_GCC_493\Debug\ADC_DMA_VDAC01.a(CyLib.o) (CyPmReadStatus)
.\ARM_GCC_493\Debug\ADC_DMA_VDAC01.a(CyBootAsmGnu.o)
                              .\ARM_GCC_493\Debug\ADC_DMA_VDAC01.a(cyfitter_cfg.o) (CyDelayCycles)
.\ARM_GCC_493\Debug\ADC_DMA_VDAC01.a(CyFlash.o)
                              .\ARM_GCC_493\Debug\ADC_DMA_VDAC01.a(cyPm.o) (CyFlash_SetWaitCycles)
.\ARM_GCC_493\Debug\ADC_DMA_VDAC01.a(CySpc.o)
                              .\ARM_GCC_493\Debug\ADC_DMA_VDAC01.a(CyFlash.o) (CySpcStart)
c:/program files (x86)/cypress/psoc creator/4.0/psoc creator/import/gnu/arm/4.9.3/bin/../lib/gcc/arm-none-eabi/4.9.3/armv7-m\libgcc.a(_arm_addsubdf3.o)
                              .\ARM_GCC_493\Debug\ADC_DMA_VDAC01.a(ADC_DelSig_1.o) (__aeabi_f2d)
c:/program files (x86)/cypress/psoc creator/4.0/psoc creator/import/gnu/arm/4.9.3/bin/../lib/gcc/arm-none-eabi/4.9.3/armv7-m\libgcc.a(_arm_cmpdf2.o)
                              .\ARM_GCC_493\Debug\ADC_DMA_VDAC01.a(ADC_DelSig_1.o) (__aeabi_dcmpgt)
c:/program files (x86)/cypress/psoc creator/4.0/psoc creator/import/gnu/arm/4.9.3/bin/../lib/gcc/arm-none-eabi/4.9.3/armv7-m\libgcc.a(_arm_addsubsf3.o)
                              .\ARM_GCC_493\Debug\ADC_DMA_VDAC01.a(ADC_DelSig_1.o) (__aeabi_ui2f)
c:/program files (x86)/cypress/psoc creator/4.0/psoc creator/import/gnu/arm/4.9.3/bin/../lib/gcc/arm-none-eabi/4.9.3/armv7-m\libgcc.a(_arm_muldivsf3.o)
                              .\ARM_GCC_493\Debug\ADC_DMA_VDAC01.a(ADC_DelSig_1.o) (__aeabi_fmul)
c:/program files (x86)/cypress/psoc creator/4.0/psoc creator/import/gnu/arm/4.9.3/bin/../lib/gcc/arm-none-eabi/4.9.3/armv7-m\libgcc.a(_arm_fixunssfsi.o)
                              .\ARM_GCC_493\Debug\ADC_DMA_VDAC01.a(ADC_DelSig_1.o) (__aeabi_f2uiz)
c:/program files (x86)/cypress/psoc creator/4.0/psoc creator/import/gnu/arm/4.9.3/bin/../lib/gcc/arm-none-eabi/4.9.3/../../../../arm-none-eabi/lib/armv7-m\libg_nano.a(lib_a-errno.o)
                              .\ARM_GCC_493\Debug\Cm3Start.o (__errno)
c:/program files (x86)/cypress/psoc creator/4.0/psoc creator/import/gnu/arm/4.9.3/bin/../lib/gcc/arm-none-eabi/4.9.3/../../../../arm-none-eabi/lib/armv7-m\libg_nano.a(lib_a-exit.o)
                              c:/program files (x86)/cypress/psoc creator/4.0/psoc creator/import/gnu/arm/4.9.3/bin/../lib/gcc/arm-none-eabi/4.9.3/../../../../arm-none-eabi/lib/armv7-m/crt0.o (exit)
c:/program files (x86)/cypress/psoc creator/4.0/psoc creator/import/gnu/arm/4.9.3/bin/../lib/gcc/arm-none-eabi/4.9.3/../../../../arm-none-eabi/lib/armv7-m\libg_nano.a(lib_a-impure.o)
                              c:/program files (x86)/cypress/psoc creator/4.0/psoc creator/import/gnu/arm/4.9.3/bin/../lib/gcc/arm-none-eabi/4.9.3/../../../../arm-none-eabi/lib/armv7-m\libg_nano.a(lib_a-exit.o) (_global_impure_ptr)
c:/program files (x86)/cypress/psoc creator/4.0/psoc creator/import/gnu/arm/4.9.3/bin/../lib/gcc/arm-none-eabi/4.9.3/../../../../arm-none-eabi/lib/armv7-m\libg_nano.a(lib_a-init.o)
                              c:/program files (x86)/cypress/psoc creator/4.0/psoc creator/import/gnu/arm/4.9.3/bin/../lib/gcc/arm-none-eabi/4.9.3/../../../../arm-none-eabi/lib/armv7-m/crt0.o (__libc_init_array)
c:/program files (x86)/cypress/psoc creator/4.0/psoc creator/import/gnu/arm/4.9.3/bin/../lib/gcc/arm-none-eabi/4.9.3/../../../../arm-none-eabi/lib/armv7-m\libg_nano.a(lib_a-memcpy.o)
                              .\ARM_GCC_493\Debug\ADC_DMA_VDAC01.a(cyfitter_cfg.o) (memcpy)
c:/program files (x86)/cypress/psoc creator/4.0/psoc creator/import/gnu/arm/4.9.3/bin/../lib/gcc/arm-none-eabi/4.9.3/../../../../arm-none-eabi/lib/armv7-m\libg_nano.a(lib_a-memset.o)
                              c:/program files (x86)/cypress/psoc creator/4.0/psoc creator/import/gnu/arm/4.9.3/bin/../lib/gcc/arm-none-eabi/4.9.3/../../../../arm-none-eabi/lib/armv7-m/crt0.o (memset)

Allocating common symbols
Common symbol       size              file

ADC_DelSig_1_CountsPerVolt
                    0x4               .\ARM_GCC_493\Debug\ADC_DMA_VDAC01.a(ADC_DelSig_1.o)
ADC_DelSig_1_Offset
                    0x4               .\ARM_GCC_493\Debug\ADC_DMA_VDAC01.a(ADC_DelSig_1.o)
dieTemperature      0x2               .\ARM_GCC_493\Debug\ADC_DMA_VDAC01.a(CyFlash.o)

Discarded input sections

 .text          0x00000000        0x0 c:/program files (x86)/cypress/psoc creator/4.0/psoc creator/import/gnu/arm/4.9.3/bin/../lib/gcc/arm-none-eabi/4.9.3/armv7-m/crti.o
 .data          0x00000000        0x0 c:/program files (x86)/cypress/psoc creator/4.0/psoc creator/import/gnu/arm/4.9.3/bin/../lib/gcc/arm-none-eabi/4.9.3/armv7-m/crti.o
 .bss           0x00000000        0x0 c:/program files (x86)/cypress/psoc creator/4.0/psoc creator/import/gnu/arm/4.9.3/bin/../lib/gcc/arm-none-eabi/4.9.3/armv7-m/crti.o
 .data          0x00000000        0x4 c:/program files (x86)/cypress/psoc creator/4.0/psoc creator/import/gnu/arm/4.9.3/bin/../lib/gcc/arm-none-eabi/4.9.3/armv7-m/crtbegin.o
 .text          0x00000000       0x74 c:/program files (x86)/cypress/psoc creator/4.0/psoc creator/import/gnu/arm/4.9.3/bin/../lib/gcc/arm-none-eabi/4.9.3/../../../../arm-none-eabi/lib/armv7-m/crt0.o
 .data          0x00000000        0x0 c:/program files (x86)/cypress/psoc creator/4.0/psoc creator/import/gnu/arm/4.9.3/bin/../lib/gcc/arm-none-eabi/4.9.3/../../../../arm-none-eabi/lib/armv7-m/crt0.o
 .bss           0x00000000        0x0 c:/program files (x86)/cypress/psoc creator/4.0/psoc creator/import/gnu/arm/4.9.3/bin/../lib/gcc/arm-none-eabi/4.9.3/../../../../arm-none-eabi/lib/armv7-m/crt0.o
 .ARM.extab     0x00000000        0x0 c:/program files (x86)/cypress/psoc creator/4.0/psoc creator/import/gnu/arm/4.9.3/bin/../lib/gcc/arm-none-eabi/4.9.3/../../../../arm-none-eabi/lib/armv7-m/crt0.o
 .ARM.exidx     0x00000000        0x8 c:/program files (x86)/cypress/psoc creator/4.0/psoc creator/import/gnu/arm/4.9.3/bin/../lib/gcc/arm-none-eabi/4.9.3/../../../../arm-none-eabi/lib/armv7-m/crt0.o
 .text          0x00000000        0x0 .\ARM_GCC_493\Debug\main.o
 .data          0x00000000        0x0 .\ARM_GCC_493\Debug\main.o
 .bss           0x00000000        0x0 .\ARM_GCC_493\Debug\main.o
 .text          0x00000000        0x0 .\ARM_GCC_493\Debug\cymetadata.o
 .data          0x00000000        0x0 .\ARM_GCC_493\Debug\cymetadata.o
 .bss           0x00000000        0x0 .\ARM_GCC_493\Debug\cymetadata.o
 .text          0x00000000        0x0 .\ARM_GCC_493\Debug\Cm3Start.o
 .data          0x00000000        0x4 .\ARM_GCC_493\Debug\Cm3Start.o
 .bss           0x00000000        0x0 .\ARM_GCC_493\Debug\Cm3Start.o
 .text._exit    0x00000000       0x14 .\ARM_GCC_493\Debug\Cm3Start.o
 .text._sbrk    0x00000000       0x50 .\ARM_GCC_493\Debug\Cm3Start.o
 .text          0x00000000        0x0 .\ARM_GCC_493\Debug\ADC_DMA_VDAC01.a(cyfitter_cfg.o)
 .data          0x00000000        0x0 .\ARM_GCC_493\Debug\ADC_DMA_VDAC01.a(cyfitter_cfg.o)
 .text.CYMEMZERO
                0x00000000       0x1c .\ARM_GCC_493\Debug\ADC_DMA_VDAC01.a(cyfitter_cfg.o)
 .text.CYCONFIGCPYCODE
                0x00000000       0x1c .\ARM_GCC_493\Debug\ADC_DMA_VDAC01.a(cyfitter_cfg.o)
 .text.SetAnalogRoutingPumps
                0x00000000       0x3c .\ARM_GCC_493\Debug\ADC_DMA_VDAC01.a(cyfitter_cfg.o)
 .text          0x00000000        0x0 .\ARM_GCC_493\Debug\ADC_DMA_VDAC01.a(ADC_DelSig_1.o)
 .text.ADC_DelSig_1_Stop
                0x00000000      0x17c .\ARM_GCC_493\Debug\ADC_DMA_VDAC01.a(ADC_DelSig_1.o)
 .text.ADC_DelSig_1_SetBufferGain
                0x00000000       0x3c .\ARM_GCC_493\Debug\ADC_DMA_VDAC01.a(ADC_DelSig_1.o)
 .text.ADC_DelSig_1_SetCoherency
                0x00000000       0x38 .\ARM_GCC_493\Debug\ADC_DMA_VDAC01.a(ADC_DelSig_1.o)
 .text.ADC_DelSig_1_SetGCOR
                0x00000000       0xb8 .\ARM_GCC_493\Debug\ADC_DMA_VDAC01.a(ADC_DelSig_1.o)
 .text.ADC_DelSig_1_ReadGCOR
                0x00000000       0x3c .\ARM_GCC_493\Debug\ADC_DMA_VDAC01.a(ADC_DelSig_1.o)
 .text.ADC_DelSig_1_StopConvert
                0x00000000       0x20 .\ARM_GCC_493\Debug\ADC_DMA_VDAC01.a(ADC_DelSig_1.o)
 .text.ADC_DelSig_1_IsEndConversion
                0x00000000       0x50 .\ARM_GCC_493\Debug\ADC_DMA_VDAC01.a(ADC_DelSig_1.o)
 .text.ADC_DelSig_1_GetResult16
                0x00000000       0x7c .\ARM_GCC_493\Debug\ADC_DMA_VDAC01.a(ADC_DelSig_1.o)
 .text.ADC_DelSig_1_GetResult32
                0x00000000       0xa8 .\ARM_GCC_493\Debug\ADC_DMA_VDAC01.a(ADC_DelSig_1.o)
 .text.ADC_DelSig_1_SetOffset
                0x00000000       0x1c .\ARM_GCC_493\Debug\ADC_DMA_VDAC01.a(ADC_DelSig_1.o)
 .text.ADC_DelSig_1_SetGain
                0x00000000       0x1c .\ARM_GCC_493\Debug\ADC_DMA_VDAC01.a(ADC_DelSig_1.o)
 .text.ADC_DelSig_1_CountsTo_mVolts
                0x00000000       0x40 .\ARM_GCC_493\Debug\ADC_DMA_VDAC01.a(ADC_DelSig_1.o)
 .text.ADC_DelSig_1_CountsTo_Volts
                0x00000000       0x44 .\ARM_GCC_493\Debug\ADC_DMA_VDAC01.a(ADC_DelSig_1.o)
 .text.ADC_DelSig_1_CountsTo_uVolts
                0x00000000       0xa4 .\ARM_GCC_493\Debug\ADC_DMA_VDAC01.a(ADC_DelSig_1.o)
 .text.ADC_DelSig_1_SelectConfiguration
                0x00000000       0x90 .\ARM_GCC_493\Debug\ADC_DMA_VDAC01.a(ADC_DelSig_1.o)
 .text.ADC_DelSig_1_Read8
                0x00000000       0x3c .\ARM_GCC_493\Debug\ADC_DMA_VDAC01.a(ADC_DelSig_1.o)
 .text.ADC_DelSig_1_Read16
                0x00000000       0x3c .\ARM_GCC_493\Debug\ADC_DMA_VDAC01.a(ADC_DelSig_1.o)
 .text.ADC_DelSig_1_Read32
                0x00000000       0x38 .\ARM_GCC_493\Debug\ADC_DMA_VDAC01.a(ADC_DelSig_1.o)
 .text          0x00000000        0x0 .\ARM_GCC_493\Debug\ADC_DMA_VDAC01.a(ADC_DelSig_1_INT.o)
 .data          0x00000000        0x0 .\ARM_GCC_493\Debug\ADC_DMA_VDAC01.a(ADC_DelSig_1_INT.o)
 .bss           0x00000000        0x0 .\ARM_GCC_493\Debug\ADC_DMA_VDAC01.a(ADC_DelSig_1_INT.o)
 .text          0x00000000        0x0 .\ARM_GCC_493\Debug\ADC_DMA_VDAC01.a(VDAC8_1.o)
 .data          0x00000000        0x0 .\ARM_GCC_493\Debug\ADC_DMA_VDAC01.a(VDAC8_1.o)
 .text.VDAC8_1_Stop
                0x00000000       0x34 .\ARM_GCC_493\Debug\ADC_DMA_VDAC01.a(VDAC8_1.o)
 .text          0x00000000        0x0 .\ARM_GCC_493\Debug\ADC_DMA_VDAC01.a(LCD_Char_1.o)
 .data          0x00000000        0x0 .\ARM_GCC_493\Debug\ADC_DMA_VDAC01.a(LCD_Char_1.o)
 .text.LCD_Char_1_Stop
                0x00000000       0x18 .\ARM_GCC_493\Debug\ADC_DMA_VDAC01.a(LCD_Char_1.o)
 .text.LCD_Char_1_PrintInt16
                0x00000000       0x28 .\ARM_GCC_493\Debug\ADC_DMA_VDAC01.a(LCD_Char_1.o)
 .text.LCD_Char_1_PrintInt32
                0x00000000       0x30 .\ARM_GCC_493\Debug\ADC_DMA_VDAC01.a(LCD_Char_1.o)
 .text.LCD_Char_1_PrintU32Number
                0x00000000       0xa4 .\ARM_GCC_493\Debug\ADC_DMA_VDAC01.a(LCD_Char_1.o)
 .text          0x00000000        0x0 .\ARM_GCC_493\Debug\ADC_DMA_VDAC01.a(ADC_DelSig_1_AMux.o)
 .bss           0x00000000        0x0 .\ARM_GCC_493\Debug\ADC_DMA_VDAC01.a(ADC_DelSig_1_AMux.o)
 .text.ADC_DelSig_1_AMux_FastSelect
                0x00000000       0x34 .\ARM_GCC_493\Debug\ADC_DMA_VDAC01.a(ADC_DelSig_1_AMux.o)
 .text          0x00000000        0x0 .\ARM_GCC_493\Debug\ADC_DMA_VDAC01.a(ADC_DelSig_1_Ext_CP_Clk.o)
 .data          0x00000000        0x0 .\ARM_GCC_493\Debug\ADC_DMA_VDAC01.a(ADC_DelSig_1_Ext_CP_Clk.o)
 .bss           0x00000000        0x0 .\ARM_GCC_493\Debug\ADC_DMA_VDAC01.a(ADC_DelSig_1_Ext_CP_Clk.o)
 .text.ADC_DelSig_1_Ext_CP_Clk_Start
                0x00000000       0x34 .\ARM_GCC_493\Debug\ADC_DMA_VDAC01.a(ADC_DelSig_1_Ext_CP_Clk.o)
 .text.ADC_DelSig_1_Ext_CP_Clk_Stop
                0x00000000       0x34 .\ARM_GCC_493\Debug\ADC_DMA_VDAC01.a(ADC_DelSig_1_Ext_CP_Clk.o)
 .text.ADC_DelSig_1_Ext_CP_Clk_StopBlock
                0x00000000       0xb0 .\ARM_GCC_493\Debug\ADC_DMA_VDAC01.a(ADC_DelSig_1_Ext_CP_Clk.o)
 .text.ADC_DelSig_1_Ext_CP_Clk_StandbyPower
                0x00000000       0x40 .\ARM_GCC_493\Debug\ADC_DMA_VDAC01.a(ADC_DelSig_1_Ext_CP_Clk.o)
 .text.ADC_DelSig_1_Ext_CP_Clk_ClearModeRegister
                0x00000000       0x34 .\ARM_GCC_493\Debug\ADC_DMA_VDAC01.a(ADC_DelSig_1_Ext_CP_Clk.o)
 .text.ADC_DelSig_1_Ext_CP_Clk_GetModeRegister
                0x00000000       0x20 .\ARM_GCC_493\Debug\ADC_DMA_VDAC01.a(ADC_DelSig_1_Ext_CP_Clk.o)
 .text.ADC_DelSig_1_Ext_CP_Clk_SetSourceRegister
                0x00000000       0xbc .\ARM_GCC_493\Debug\ADC_DMA_VDAC01.a(ADC_DelSig_1_Ext_CP_Clk.o)
 .text          0x00000000        0x0 .\ARM_GCC_493\Debug\ADC_DMA_VDAC01.a(ADC_DelSig_1_theACLK.o)
 .data          0x00000000        0x0 .\ARM_GCC_493\Debug\ADC_DMA_VDAC01.a(ADC_DelSig_1_theACLK.o)
 .bss           0x00000000        0x0 .\ARM_GCC_493\Debug\ADC_DMA_VDAC01.a(ADC_DelSig_1_theACLK.o)
 .text.ADC_DelSig_1_theACLK_Start
                0x00000000       0x34 .\ARM_GCC_493\Debug\ADC_DMA_VDAC01.a(ADC_DelSig_1_theACLK.o)
 .text.ADC_DelSig_1_theACLK_Stop
                0x00000000       0x34 .\ARM_GCC_493\Debug\ADC_DMA_VDAC01.a(ADC_DelSig_1_theACLK.o)
 .text.ADC_DelSig_1_theACLK_StopBlock
                0x00000000       0xb0 .\ARM_GCC_493\Debug\ADC_DMA_VDAC01.a(ADC_DelSig_1_theACLK.o)
 .text.ADC_DelSig_1_theACLK_StandbyPower
                0x00000000       0x40 .\ARM_GCC_493\Debug\ADC_DMA_VDAC01.a(ADC_DelSig_1_theACLK.o)
 .text.ADC_DelSig_1_theACLK_ClearModeRegister
                0x00000000       0x34 .\ARM_GCC_493\Debug\ADC_DMA_VDAC01.a(ADC_DelSig_1_theACLK.o)
 .text.ADC_DelSig_1_theACLK_GetModeRegister
                0x00000000       0x20 .\ARM_GCC_493\Debug\ADC_DMA_VDAC01.a(ADC_DelSig_1_theACLK.o)
 .text.ADC_DelSig_1_theACLK_SetSourceRegister
                0x00000000       0xbc .\ARM_GCC_493\Debug\ADC_DMA_VDAC01.a(ADC_DelSig_1_theACLK.o)
 .text.ADC_DelSig_1_theACLK_SetPhaseRegister
                0x00000000       0x24 .\ARM_GCC_493\Debug\ADC_DMA_VDAC01.a(ADC_DelSig_1_theACLK.o)
 .text.ADC_DelSig_1_theACLK_GetPhaseRegister
                0x00000000       0x20 .\ARM_GCC_493\Debug\ADC_DMA_VDAC01.a(ADC_DelSig_1_theACLK.o)
 .text          0x00000000        0x0 .\ARM_GCC_493\Debug\ADC_DMA_VDAC01.a(CyLib.o)
 .bss           0x00000000       0x1c .\ARM_GCC_493\Debug\ADC_DMA_VDAC01.a(CyLib.o)
 .text.CyPLL_OUT_Start
                0x00000000       0xb0 .\ARM_GCC_493\Debug\ADC_DMA_VDAC01.a(CyLib.o)
 .text.CyPLL_OUT_Stop
                0x00000000       0x20 .\ARM_GCC_493\Debug\ADC_DMA_VDAC01.a(CyLib.o)
 .text.CyPLL_OUT_SetPQ
                0x00000000       0x90 .\ARM_GCC_493\Debug\ADC_DMA_VDAC01.a(CyLib.o)
 .text.CyPLL_OUT_SetSource
                0x00000000       0x54 .\ARM_GCC_493\Debug\ADC_DMA_VDAC01.a(CyLib.o)
 .text.CyIMO_Start
                0x00000000       0x94 .\ARM_GCC_493\Debug\ADC_DMA_VDAC01.a(CyLib.o)
 .text.CyIMO_Stop
                0x00000000       0x34 .\ARM_GCC_493\Debug\ADC_DMA_VDAC01.a(CyLib.o)
 .text.CyUSB_PowerOnCheck
                0x00000000       0x60 .\ARM_GCC_493\Debug\ADC_DMA_VDAC01.a(CyLib.o)
 .text.CyIMO_SetTrimValue
                0x00000000      0x108 .\ARM_GCC_493\Debug\ADC_DMA_VDAC01.a(CyLib.o)
 .text.CyIMO_SetFreq
                0x00000000      0x1ac .\ARM_GCC_493\Debug\ADC_DMA_VDAC01.a(CyLib.o)
 .text.CyIMO_SetSource
                0x00000000       0x8c .\ARM_GCC_493\Debug\ADC_DMA_VDAC01.a(CyLib.o)
 .text.CyIMO_EnableDoubler
                0x00000000       0x20 .\ARM_GCC_493\Debug\ADC_DMA_VDAC01.a(CyLib.o)
 .text.CyIMO_DisableDoubler
                0x00000000       0x20 .\ARM_GCC_493\Debug\ADC_DMA_VDAC01.a(CyLib.o)
 .text.CyMasterClk_SetSource
                0x00000000       0x34 .\ARM_GCC_493\Debug\ADC_DMA_VDAC01.a(CyLib.o)
 .text.CyMasterClk_SetDivider
                0x00000000       0x20 .\ARM_GCC_493\Debug\ADC_DMA_VDAC01.a(CyLib.o)
 .text.CyBusClk_Internal_SetDivider
                0x00000000       0x78 .\ARM_GCC_493\Debug\ADC_DMA_VDAC01.a(CyLib.o)
 .text.CyBusClk_SetDivider
                0x00000000       0xb4 .\ARM_GCC_493\Debug\ADC_DMA_VDAC01.a(CyLib.o)
 .text.CyUsbClk_SetSource
                0x00000000       0x34 .\ARM_GCC_493\Debug\ADC_DMA_VDAC01.a(CyLib.o)
 .text.CyILO_Start1K
                0x00000000       0x20 .\ARM_GCC_493\Debug\ADC_DMA_VDAC01.a(CyLib.o)
 .text.CyILO_Stop1K
                0x00000000       0x20 .\ARM_GCC_493\Debug\ADC_DMA_VDAC01.a(CyLib.o)
 .text.CyILO_Start100K
                0x00000000       0x20 .\ARM_GCC_493\Debug\ADC_DMA_VDAC01.a(CyLib.o)
 .text.CyILO_Stop100K
                0x00000000       0x20 .\ARM_GCC_493\Debug\ADC_DMA_VDAC01.a(CyLib.o)
 .text.CyILO_Enable33K
                0x00000000       0x20 .\ARM_GCC_493\Debug\ADC_DMA_VDAC01.a(CyLib.o)
 .text.CyILO_Disable33K
                0x00000000       0x20 .\ARM_GCC_493\Debug\ADC_DMA_VDAC01.a(CyLib.o)
 .text.CyILO_SetSource
                0x00000000       0x38 .\ARM_GCC_493\Debug\ADC_DMA_VDAC01.a(CyLib.o)
 .text.CyILO_SetPowerMode
                0x00000000       0x4c .\ARM_GCC_493\Debug\ADC_DMA_VDAC01.a(CyLib.o)
 .text.CyXTAL_32KHZ_Start
                0x00000000       0x84 .\ARM_GCC_493\Debug\ADC_DMA_VDAC01.a(CyLib.o)
 .text.CyXTAL_32KHZ_Stop
                0x00000000       0x50 .\ARM_GCC_493\Debug\ADC_DMA_VDAC01.a(CyLib.o)
 .text.CyXTAL_32KHZ_ReadStatus
                0x00000000       0x20 .\ARM_GCC_493\Debug\ADC_DMA_VDAC01.a(CyLib.o)
 .text.CyXTAL_32KHZ_SetPowerMode
                0x00000000       0xb4 .\ARM_GCC_493\Debug\ADC_DMA_VDAC01.a(CyLib.o)
 .text.CyXTAL_Start
                0x00000000       0xd0 .\ARM_GCC_493\Debug\ADC_DMA_VDAC01.a(CyLib.o)
 .text.CyXTAL_Stop
                0x00000000       0x20 .\ARM_GCC_493\Debug\ADC_DMA_VDAC01.a(CyLib.o)
 .text.CyXTAL_EnableErrStatus
                0x00000000       0x20 .\ARM_GCC_493\Debug\ADC_DMA_VDAC01.a(CyLib.o)
 .text.CyXTAL_DisableErrStatus
                0x00000000       0x20 .\ARM_GCC_493\Debug\ADC_DMA_VDAC01.a(CyLib.o)
 .text.CyXTAL_ReadStatus
                0x00000000       0x28 .\ARM_GCC_493\Debug\ADC_DMA_VDAC01.a(CyLib.o)
 .text.CyXTAL_EnableFaultRecovery
                0x00000000       0x20 .\ARM_GCC_493\Debug\ADC_DMA_VDAC01.a(CyLib.o)
 .text.CyXTAL_DisableFaultRecovery
                0x00000000       0x20 .\ARM_GCC_493\Debug\ADC_DMA_VDAC01.a(CyLib.o)
 .text.CyXTAL_SetStartup
                0x00000000       0x34 .\ARM_GCC_493\Debug\ADC_DMA_VDAC01.a(CyLib.o)
 .text.CyXTAL_SetFbVoltage
                0x00000000       0x34 .\ARM_GCC_493\Debug\ADC_DMA_VDAC01.a(CyLib.o)
 .text.CyXTAL_SetWdVoltage
                0x00000000       0x38 .\ARM_GCC_493\Debug\ADC_DMA_VDAC01.a(CyLib.o)
 .text.CySoftwareReset
                0x00000000       0x20 .\ARM_GCC_493\Debug\ADC_DMA_VDAC01.a(CyLib.o)
 .text.CyDelayFreq
                0x00000000       0x7c .\ARM_GCC_493\Debug\ADC_DMA_VDAC01.a(CyLib.o)
 .text.CyWdtStart
                0x00000000       0x8c .\ARM_GCC_493\Debug\ADC_DMA_VDAC01.a(CyLib.o)
 .text.CyWdtClear
                0x00000000       0x18 .\ARM_GCC_493\Debug\ADC_DMA_VDAC01.a(CyLib.o)
 .text.CyVdLvDigitEnable
                0x00000000       0xcc .\ARM_GCC_493\Debug\ADC_DMA_VDAC01.a(CyLib.o)
 .text.CyVdLvAnalogEnable
                0x00000000       0xc8 .\ARM_GCC_493\Debug\ADC_DMA_VDAC01.a(CyLib.o)
 .text.CyVdLvDigitDisable
                0x00000000       0x48 .\ARM_GCC_493\Debug\ADC_DMA_VDAC01.a(CyLib.o)
 .text.CyVdLvAnalogDisable
                0x00000000       0x40 .\ARM_GCC_493\Debug\ADC_DMA_VDAC01.a(CyLib.o)
 .text.CyVdHvAnalogEnable
                0x00000000       0x78 .\ARM_GCC_493\Debug\ADC_DMA_VDAC01.a(CyLib.o)
 .text.CyVdHvAnalogDisable
                0x00000000       0x2c .\ARM_GCC_493\Debug\ADC_DMA_VDAC01.a(CyLib.o)
 .text.CyVdStickyStatus
                0x00000000       0x5c .\ARM_GCC_493\Debug\ADC_DMA_VDAC01.a(CyLib.o)
 .text.CyVdRealTimeStatus
                0x00000000       0x30 .\ARM_GCC_493\Debug\ADC_DMA_VDAC01.a(CyLib.o)
 .text.CyDisableInts
                0x00000000       0x34 .\ARM_GCC_493\Debug\ADC_DMA_VDAC01.a(CyLib.o)
 .text.CyEnableInts
                0x00000000       0x28 .\ARM_GCC_493\Debug\ADC_DMA_VDAC01.a(CyLib.o)
 .text.CyFlushCache
                0x00000000       0x58 .\ARM_GCC_493\Debug\ADC_DMA_VDAC01.a(CyLib.o)
 .text.CyIntSetSysVector
                0x00000000       0x4c .\ARM_GCC_493\Debug\ADC_DMA_VDAC01.a(CyLib.o)
 .text.CyIntGetSysVector
                0x00000000       0x38 .\ARM_GCC_493\Debug\ADC_DMA_VDAC01.a(CyLib.o)
 .text.CyIntGetVector
                0x00000000       0x38 .\ARM_GCC_493\Debug\ADC_DMA_VDAC01.a(CyLib.o)
 .text.CyIntGetPriority
                0x00000000       0x38 .\ARM_GCC_493\Debug\ADC_DMA_VDAC01.a(CyLib.o)
 .text.CyIntGetState
                0x00000000       0x44 .\ARM_GCC_493\Debug\ADC_DMA_VDAC01.a(CyLib.o)
 .text.CySysTickStart
                0x00000000       0x20 .\ARM_GCC_493\Debug\ADC_DMA_VDAC01.a(CyLib.o)
 .text.CySysTickInit
                0x00000000       0x68 .\ARM_GCC_493\Debug\ADC_DMA_VDAC01.a(CyLib.o)
 .text.CySysTickEnable
                0x00000000       0x1c .\ARM_GCC_493\Debug\ADC_DMA_VDAC01.a(CyLib.o)
 .text.CySysTickStop
                0x00000000       0x1c .\ARM_GCC_493\Debug\ADC_DMA_VDAC01.a(CyLib.o)
 .text.CySysTickEnableInterrupt
                0x00000000       0x1c .\ARM_GCC_493\Debug\ADC_DMA_VDAC01.a(CyLib.o)
 .text.CySysTickDisableInterrupt
                0x00000000       0x1c .\ARM_GCC_493\Debug\ADC_DMA_VDAC01.a(CyLib.o)
 .text.CySysTickSetReload
                0x00000000       0x20 .\ARM_GCC_493\Debug\ADC_DMA_VDAC01.a(CyLib.o)
 .text.CySysTickGetReload
                0x00000000       0x1c .\ARM_GCC_493\Debug\ADC_DMA_VDAC01.a(CyLib.o)
 .text.CySysTickGetValue
                0x00000000       0x1c .\ARM_GCC_493\Debug\ADC_DMA_VDAC01.a(CyLib.o)
 .text.CySysTickSetClockSource
                0x00000000       0x38 .\ARM_GCC_493\Debug\ADC_DMA_VDAC01.a(CyLib.o)
 .text.CySysTickGetClockSource
                0x00000000       0x1c .\ARM_GCC_493\Debug\ADC_DMA_VDAC01.a(CyLib.o)
 .text.CySysTickGetCountFlag
                0x00000000       0x1c .\ARM_GCC_493\Debug\ADC_DMA_VDAC01.a(CyLib.o)
 .text.CySysTickClear
                0x00000000       0x18 .\ARM_GCC_493\Debug\ADC_DMA_VDAC01.a(CyLib.o)
 .text.CySysTickSetCallback
                0x00000000       0x30 .\ARM_GCC_493\Debug\ADC_DMA_VDAC01.a(CyLib.o)
 .text.CySysTickGetCallback
                0x00000000       0x20 .\ARM_GCC_493\Debug\ADC_DMA_VDAC01.a(CyLib.o)
 .text.CySysTickServiceCallbacks
                0x00000000       0x44 .\ARM_GCC_493\Debug\ADC_DMA_VDAC01.a(CyLib.o)
 .text.CyGetUniqueId
                0x00000000       0xc4 .\ARM_GCC_493\Debug\ADC_DMA_VDAC01.a(CyLib.o)
 .text          0x00000000        0x0 .\ARM_GCC_493\Debug\ADC_DMA_VDAC01.a(cyPm.o)
 .data          0x00000000        0x0 .\ARM_GCC_493\Debug\ADC_DMA_VDAC01.a(cyPm.o)
 .bss           0x00000000       0x44 .\ARM_GCC_493\Debug\ADC_DMA_VDAC01.a(cyPm.o)
 .rodata        0x00000000       0x10 .\ARM_GCC_493\Debug\ADC_DMA_VDAC01.a(cyPm.o)
 .text.CyPmSaveClocks
                0x00000000      0x284 .\ARM_GCC_493\Debug\ADC_DMA_VDAC01.a(cyPm.o)
 .text.CyPmRestoreClocks
                0x00000000      0x300 .\ARM_GCC_493\Debug\ADC_DMA_VDAC01.a(cyPm.o)
 .text.CyPmAltAct
                0x00000000       0xb8 .\ARM_GCC_493\Debug\ADC_DMA_VDAC01.a(cyPm.o)
 .text.CyPmSleep
                0x00000000      0x170 .\ARM_GCC_493\Debug\ADC_DMA_VDAC01.a(cyPm.o)
 .text.CyPmHibernate
                0x00000000        0xc .\ARM_GCC_493\Debug\ADC_DMA_VDAC01.a(cyPm.o)
 .text.CyPmHibernateEx
                0x00000000      0x158 .\ARM_GCC_493\Debug\ADC_DMA_VDAC01.a(cyPm.o)
 .text.CyPmReadStatus
                0x00000000       0x5c .\ARM_GCC_493\Debug\ADC_DMA_VDAC01.a(cyPm.o)
 .text.CyPmHibSaveSet
                0x00000000       0xd4 .\ARM_GCC_493\Debug\ADC_DMA_VDAC01.a(cyPm.o)
 .text.CyPmHibRestore
                0x00000000       0x68 .\ARM_GCC_493\Debug\ADC_DMA_VDAC01.a(cyPm.o)
 .text.CyPmCtwSetInterval
                0x00000000       0x90 .\ARM_GCC_493\Debug\ADC_DMA_VDAC01.a(cyPm.o)
 .text.CyPmOppsSet
                0x00000000       0x40 .\ARM_GCC_493\Debug\ADC_DMA_VDAC01.a(cyPm.o)
 .text.CyPmFtwSetInterval
                0x00000000       0x90 .\ARM_GCC_493\Debug\ADC_DMA_VDAC01.a(cyPm.o)
 .text.CyPmHibSlpSaveSet
                0x00000000      0x280 .\ARM_GCC_493\Debug\ADC_DMA_VDAC01.a(cyPm.o)
 .text.CyPmHibSlpRestore
                0x00000000      0x188 .\ARM_GCC_493\Debug\ADC_DMA_VDAC01.a(cyPm.o)
 .text.CyPmHviLviSaveDisable
                0x00000000       0xd4 .\ARM_GCC_493\Debug\ADC_DMA_VDAC01.a(cyPm.o)
 .text.CyPmHviLviRestore
                0x00000000       0x54 .\ARM_GCC_493\Debug\ADC_DMA_VDAC01.a(cyPm.o)
 .data          0x00000000        0x0 .\ARM_GCC_493\Debug\ADC_DMA_VDAC01.a(CyBootAsmGnu.o)
 .bss           0x00000000        0x0 .\ARM_GCC_493\Debug\ADC_DMA_VDAC01.a(CyBootAsmGnu.o)
 .text          0x00000000        0x0 .\ARM_GCC_493\Debug\ADC_DMA_VDAC01.a(CyFlash.o)
 .data          0x00000000        0x0 .\ARM_GCC_493\Debug\ADC_DMA_VDAC01.a(CyFlash.o)
 .bss           0x00000000        0x4 .\ARM_GCC_493\Debug\ADC_DMA_VDAC01.a(CyFlash.o)
 .text.CyFlash_Start
                0x00000000       0x8c .\ARM_GCC_493\Debug\ADC_DMA_VDAC01.a(CyFlash.o)
 .text.CyFlash_Stop
                0x00000000       0x44 .\ARM_GCC_493\Debug\ADC_DMA_VDAC01.a(CyFlash.o)
 .text.CySetTempInt
                0x00000000       0x7c .\ARM_GCC_493\Debug\ADC_DMA_VDAC01.a(CyFlash.o)
 .text.CyFlashGetSpcAlgorithm
                0x00000000       0x70 .\ARM_GCC_493\Debug\ADC_DMA_VDAC01.a(CyFlash.o)
 .text.CySetTemp
                0x00000000       0x24 .\ARM_GCC_493\Debug\ADC_DMA_VDAC01.a(CyFlash.o)
 .text.CySetFlashEEBuffer
                0x00000000       0x54 .\ARM_GCC_493\Debug\ADC_DMA_VDAC01.a(CyFlash.o)
 .text.CyWriteRowData
                0x00000000       0x3c .\ARM_GCC_493\Debug\ADC_DMA_VDAC01.a(CyFlash.o)
 .text.CyWriteRowFull
                0x00000000      0x158 .\ARM_GCC_493\Debug\ADC_DMA_VDAC01.a(CyFlash.o)
 .text.CyFlash_SetWaitCycles
                0x00000000       0xbc .\ARM_GCC_493\Debug\ADC_DMA_VDAC01.a(CyFlash.o)
 .text.CyEEPROM_Start
                0x00000000       0x8c .\ARM_GCC_493\Debug\ADC_DMA_VDAC01.a(CyFlash.o)
 .text.CyEEPROM_Stop
                0x00000000       0x44 .\ARM_GCC_493\Debug\ADC_DMA_VDAC01.a(CyFlash.o)
 .text.CyEEPROM_ReadReserve
                0x00000000       0x30 .\ARM_GCC_493\Debug\ADC_DMA_VDAC01.a(CyFlash.o)
 .text.CyEEPROM_ReadRelease
                0x00000000       0x20 .\ARM_GCC_493\Debug\ADC_DMA_VDAC01.a(CyFlash.o)
 COMMON         0x00000000        0x2 .\ARM_GCC_493\Debug\ADC_DMA_VDAC01.a(CyFlash.o)
 .text          0x00000000        0x0 .\ARM_GCC_493\Debug\ADC_DMA_VDAC01.a(CySpc.o)
 .data          0x00000000        0x0 .\ARM_GCC_493\Debug\ADC_DMA_VDAC01.a(CySpc.o)
 .bss           0x00000000        0x8 .\ARM_GCC_493\Debug\ADC_DMA_VDAC01.a(CySpc.o)
 .text.CySpcStart
                0x00000000       0x44 .\ARM_GCC_493\Debug\ADC_DMA_VDAC01.a(CySpc.o)
 .text.CySpcStop
                0x00000000       0x44 .\ARM_GCC_493\Debug\ADC_DMA_VDAC01.a(CySpc.o)
 .text.CySpcReadData
                0x00000000       0x58 .\ARM_GCC_493\Debug\ADC_DMA_VDAC01.a(CySpc.o)
 .text.CySpcLoadMultiByte
                0x00000000       0xd4 .\ARM_GCC_493\Debug\ADC_DMA_VDAC01.a(CySpc.o)
 .text.CySpcLoadRow
                0x00000000       0x8c .\ARM_GCC_493\Debug\ADC_DMA_VDAC01.a(CySpc.o)
 .text.CySpcLoadRowFull
                0x00000000       0xd0 .\ARM_GCC_493\Debug\ADC_DMA_VDAC01.a(CySpc.o)
 .text.CySpcWriteRow
                0x00000000       0x98 .\ARM_GCC_493\Debug\ADC_DMA_VDAC01.a(CySpc.o)
 .text.CySpcEraseSector
                0x00000000       0x70 .\ARM_GCC_493\Debug\ADC_DMA_VDAC01.a(CySpc.o)
 .text.CySpcGetTemp
                0x00000000       0x64 .\ARM_GCC_493\Debug\ADC_DMA_VDAC01.a(CySpc.o)
 .text.CySpcLock
                0x00000000       0x68 .\ARM_GCC_493\Debug\ADC_DMA_VDAC01.a(CySpc.o)
 .text.CySpcUnlock
                0x00000000       0x50 .\ARM_GCC_493\Debug\ADC_DMA_VDAC01.a(CySpc.o)
 .text.CySpcGetAlgorithm
                0x00000000       0x48 .\ARM_GCC_493\Debug\ADC_DMA_VDAC01.a(CySpc.o)
 .text          0x00000000      0x370 c:/program files (x86)/cypress/psoc creator/4.0/psoc creator/import/gnu/arm/4.9.3/bin/../lib/gcc/arm-none-eabi/4.9.3/armv7-m\libgcc.a(_arm_addsubdf3.o)
 .data          0x00000000        0x0 c:/program files (x86)/cypress/psoc creator/4.0/psoc creator/import/gnu/arm/4.9.3/bin/../lib/gcc/arm-none-eabi/4.9.3/armv7-m\libgcc.a(_arm_addsubdf3.o)
 .bss           0x00000000        0x0 c:/program files (x86)/cypress/psoc creator/4.0/psoc creator/import/gnu/arm/4.9.3/bin/../lib/gcc/arm-none-eabi/4.9.3/armv7-m\libgcc.a(_arm_addsubdf3.o)
 .text          0x00000000      0x110 c:/program files (x86)/cypress/psoc creator/4.0/psoc creator/import/gnu/arm/4.9.3/bin/../lib/gcc/arm-none-eabi/4.9.3/armv7-m\libgcc.a(_arm_cmpdf2.o)
 .data          0x00000000        0x0 c:/program files (x86)/cypress/psoc creator/4.0/psoc creator/import/gnu/arm/4.9.3/bin/../lib/gcc/arm-none-eabi/4.9.3/armv7-m\libgcc.a(_arm_cmpdf2.o)
 .bss           0x00000000        0x0 c:/program files (x86)/cypress/psoc creator/4.0/psoc creator/import/gnu/arm/4.9.3/bin/../lib/gcc/arm-none-eabi/4.9.3/armv7-m\libgcc.a(_arm_cmpdf2.o)
 .text          0x00000000      0x21c c:/program files (x86)/cypress/psoc creator/4.0/psoc creator/import/gnu/arm/4.9.3/bin/../lib/gcc/arm-none-eabi/4.9.3/armv7-m\libgcc.a(_arm_addsubsf3.o)
 .data          0x00000000        0x0 c:/program files (x86)/cypress/psoc creator/4.0/psoc creator/import/gnu/arm/4.9.3/bin/../lib/gcc/arm-none-eabi/4.9.3/armv7-m\libgcc.a(_arm_addsubsf3.o)
 .bss           0x00000000        0x0 c:/program files (x86)/cypress/psoc creator/4.0/psoc creator/import/gnu/arm/4.9.3/bin/../lib/gcc/arm-none-eabi/4.9.3/armv7-m\libgcc.a(_arm_addsubsf3.o)
 .text          0x00000000      0x2a0 c:/program files (x86)/cypress/psoc creator/4.0/psoc creator/import/gnu/arm/4.9.3/bin/../lib/gcc/arm-none-eabi/4.9.3/armv7-m\libgcc.a(_arm_muldivsf3.o)
 .data          0x00000000        0x0 c:/program files (x86)/cypress/psoc creator/4.0/psoc creator/import/gnu/arm/4.9.3/bin/../lib/gcc/arm-none-eabi/4.9.3/armv7-m\libgcc.a(_arm_muldivsf3.o)
 .bss           0x00000000        0x0 c:/program files (x86)/cypress/psoc creator/4.0/psoc creator/import/gnu/arm/4.9.3/bin/../lib/gcc/arm-none-eabi/4.9.3/armv7-m\libgcc.a(_arm_muldivsf3.o)
 .text          0x00000000       0x40 c:/program files (x86)/cypress/psoc creator/4.0/psoc creator/import/gnu/arm/4.9.3/bin/../lib/gcc/arm-none-eabi/4.9.3/armv7-m\libgcc.a(_arm_fixunssfsi.o)
 .data          0x00000000        0x0 c:/program files (x86)/cypress/psoc creator/4.0/psoc creator/import/gnu/arm/4.9.3/bin/../lib/gcc/arm-none-eabi/4.9.3/armv7-m\libgcc.a(_arm_fixunssfsi.o)
 .bss           0x00000000        0x0 c:/program files (x86)/cypress/psoc creator/4.0/psoc creator/import/gnu/arm/4.9.3/bin/../lib/gcc/arm-none-eabi/4.9.3/armv7-m\libgcc.a(_arm_fixunssfsi.o)
 .text          0x00000000        0x0 c:/program files (x86)/cypress/psoc creator/4.0/psoc creator/import/gnu/arm/4.9.3/bin/../lib/gcc/arm-none-eabi/4.9.3/../../../../arm-none-eabi/lib/armv7-m\libg_nano.a(lib_a-errno.o)
 .data          0x00000000        0x0 c:/program files (x86)/cypress/psoc creator/4.0/psoc creator/import/gnu/arm/4.9.3/bin/../lib/gcc/arm-none-eabi/4.9.3/../../../../arm-none-eabi/lib/armv7-m\libg_nano.a(lib_a-errno.o)
 .bss           0x00000000        0x0 c:/program files (x86)/cypress/psoc creator/4.0/psoc creator/import/gnu/arm/4.9.3/bin/../lib/gcc/arm-none-eabi/4.9.3/../../../../arm-none-eabi/lib/armv7-m\libg_nano.a(lib_a-errno.o)
 .text          0x00000000        0x0 c:/program files (x86)/cypress/psoc creator/4.0/psoc creator/import/gnu/arm/4.9.3/bin/../lib/gcc/arm-none-eabi/4.9.3/../../../../arm-none-eabi/lib/armv7-m\libg_nano.a(lib_a-exit.o)
 .data          0x00000000        0x0 c:/program files (x86)/cypress/psoc creator/4.0/psoc creator/import/gnu/arm/4.9.3/bin/../lib/gcc/arm-none-eabi/4.9.3/../../../../arm-none-eabi/lib/armv7-m\libg_nano.a(lib_a-exit.o)
 .bss           0x00000000        0x0 c:/program files (x86)/cypress/psoc creator/4.0/psoc creator/import/gnu/arm/4.9.3/bin/../lib/gcc/arm-none-eabi/4.9.3/../../../../arm-none-eabi/lib/armv7-m\libg_nano.a(lib_a-exit.o)
 .text.exit     0x00000000       0x28 c:/program files (x86)/cypress/psoc creator/4.0/psoc creator/import/gnu/arm/4.9.3/bin/../lib/gcc/arm-none-eabi/4.9.3/../../../../arm-none-eabi/lib/armv7-m\libg_nano.a(lib_a-exit.o)
 .text          0x00000000        0x0 c:/program files (x86)/cypress/psoc creator/4.0/psoc creator/import/gnu/arm/4.9.3/bin/../lib/gcc/arm-none-eabi/4.9.3/../../../../arm-none-eabi/lib/armv7-m\libg_nano.a(lib_a-impure.o)
 .data          0x00000000        0x0 c:/program files (x86)/cypress/psoc creator/4.0/psoc creator/import/gnu/arm/4.9.3/bin/../lib/gcc/arm-none-eabi/4.9.3/../../../../arm-none-eabi/lib/armv7-m\libg_nano.a(lib_a-impure.o)
 .bss           0x00000000        0x0 c:/program files (x86)/cypress/psoc creator/4.0/psoc creator/import/gnu/arm/4.9.3/bin/../lib/gcc/arm-none-eabi/4.9.3/../../../../arm-none-eabi/lib/armv7-m\libg_nano.a(lib_a-impure.o)
 .rodata._global_impure_ptr
                0x00000000        0x4 c:/program files (x86)/cypress/psoc creator/4.0/psoc creator/import/gnu/arm/4.9.3/bin/../lib/gcc/arm-none-eabi/4.9.3/../../../../arm-none-eabi/lib/armv7-m\libg_nano.a(lib_a-impure.o)
 .text          0x00000000        0x0 c:/program files (x86)/cypress/psoc creator/4.0/psoc creator/import/gnu/arm/4.9.3/bin/../lib/gcc/arm-none-eabi/4.9.3/../../../../arm-none-eabi/lib/armv7-m\libg_nano.a(lib_a-init.o)
 .data          0x00000000        0x0 c:/program files (x86)/cypress/psoc creator/4.0/psoc creator/import/gnu/arm/4.9.3/bin/../lib/gcc/arm-none-eabi/4.9.3/../../../../arm-none-eabi/lib/armv7-m\libg_nano.a(lib_a-init.o)
 .bss           0x00000000        0x0 c:/program files (x86)/cypress/psoc creator/4.0/psoc creator/import/gnu/arm/4.9.3/bin/../lib/gcc/arm-none-eabi/4.9.3/../../../../arm-none-eabi/lib/armv7-m\libg_nano.a(lib_a-init.o)
 .text          0x00000000        0x0 c:/program files (x86)/cypress/psoc creator/4.0/psoc creator/import/gnu/arm/4.9.3/bin/../lib/gcc/arm-none-eabi/4.9.3/../../../../arm-none-eabi/lib/armv7-m\libg_nano.a(lib_a-memcpy.o)
 .data          0x00000000        0x0 c:/program files (x86)/cypress/psoc creator/4.0/psoc creator/import/gnu/arm/4.9.3/bin/../lib/gcc/arm-none-eabi/4.9.3/../../../../arm-none-eabi/lib/armv7-m\libg_nano.a(lib_a-memcpy.o)
 .bss           0x00000000        0x0 c:/program files (x86)/cypress/psoc creator/4.0/psoc creator/import/gnu/arm/4.9.3/bin/../lib/gcc/arm-none-eabi/4.9.3/../../../../arm-none-eabi/lib/armv7-m\libg_nano.a(lib_a-memcpy.o)
 .text          0x00000000        0x0 c:/program files (x86)/cypress/psoc creator/4.0/psoc creator/import/gnu/arm/4.9.3/bin/../lib/gcc/arm-none-eabi/4.9.3/../../../../arm-none-eabi/lib/armv7-m\libg_nano.a(lib_a-memset.o)
 .data          0x00000000        0x0 c:/program files (x86)/cypress/psoc creator/4.0/psoc creator/import/gnu/arm/4.9.3/bin/../lib/gcc/arm-none-eabi/4.9.3/../../../../arm-none-eabi/lib/armv7-m\libg_nano.a(lib_a-memset.o)
 .bss           0x00000000        0x0 c:/program files (x86)/cypress/psoc creator/4.0/psoc creator/import/gnu/arm/4.9.3/bin/../lib/gcc/arm-none-eabi/4.9.3/../../../../arm-none-eabi/lib/armv7-m\libg_nano.a(lib_a-memset.o)
 .text.memset   0x00000000       0x10 c:/program files (x86)/cypress/psoc creator/4.0/psoc creator/import/gnu/arm/4.9.3/bin/../lib/gcc/arm-none-eabi/4.9.3/../../../../arm-none-eabi/lib/armv7-m\libg_nano.a(lib_a-memset.o)
 .text          0x00000000        0x0 c:/program files (x86)/cypress/psoc creator/4.0/psoc creator/import/gnu/arm/4.9.3/bin/../lib/gcc/arm-none-eabi/4.9.3/armv7-m/crtend.o
 .data          0x00000000        0x0 c:/program files (x86)/cypress/psoc creator/4.0/psoc creator/import/gnu/arm/4.9.3/bin/../lib/gcc/arm-none-eabi/4.9.3/armv7-m/crtend.o
 .bss           0x00000000        0x0 c:/program files (x86)/cypress/psoc creator/4.0/psoc creator/import/gnu/arm/4.9.3/bin/../lib/gcc/arm-none-eabi/4.9.3/armv7-m/crtend.o
 .text          0x00000000        0x0 c:/program files (x86)/cypress/psoc creator/4.0/psoc creator/import/gnu/arm/4.9.3/bin/../lib/gcc/arm-none-eabi/4.9.3/armv7-m/crtn.o
 .data          0x00000000        0x0 c:/program files (x86)/cypress/psoc creator/4.0/psoc creator/import/gnu/arm/4.9.3/bin/../lib/gcc/arm-none-eabi/4.9.3/armv7-m/crtn.o
 .bss           0x00000000        0x0 c:/program files (x86)/cypress/psoc creator/4.0/psoc creator/import/gnu/arm/4.9.3/bin/../lib/gcc/arm-none-eabi/4.9.3/armv7-m/crtn.o

Memory Configuration

Name             Origin             Length             Attributes
rom              0x00000000         0x00040000         xr
ram              0x1fff8000         0x00010000         xrw
*default*        0x00000000         0xffffffff

Linker script and memory map

LOAD c:/program files (x86)/cypress/psoc creator/4.0/psoc creator/import/gnu/arm/4.9.3/bin/../lib/gcc/arm-none-eabi/4.9.3/armv7-m/crti.o
LOAD c:/program files (x86)/cypress/psoc creator/4.0/psoc creator/import/gnu/arm/4.9.3/bin/../lib/gcc/arm-none-eabi/4.9.3/armv7-m/crtbegin.o
LOAD c:/program files (x86)/cypress/psoc creator/4.0/psoc creator/import/gnu/arm/4.9.3/bin/../lib/gcc/arm-none-eabi/4.9.3/../../../../arm-none-eabi/lib/armv7-m/crt0.o
START GROUP
LOAD .\ARM_GCC_493\Debug\main.o
LOAD .\ARM_GCC_493\Debug\cymetadata.o
LOAD .\ARM_GCC_493\Debug\Cm3Start.o
LOAD .\ARM_GCC_493\Debug\ADC_DMA_VDAC01.a
LOAD C:\Program Files (x86)\Cypress\PSoC Creator\4.0\PSoC Creator\psoc\content\cycomponentlibrary\CyComponentLibrary.cylib\CortexM3\ARM_GCC_493\Debug\CyComponentLibrary.a
END GROUP
START GROUP
LOAD c:/program files (x86)/cypress/psoc creator/4.0/psoc creator/import/gnu/arm/4.9.3/bin/../lib/gcc/arm-none-eabi/4.9.3/armv7-m\libgcc.a
LOAD c:/program files (x86)/cypress/psoc creator/4.0/psoc creator/import/gnu/arm/4.9.3/bin/../lib/gcc/arm-none-eabi/4.9.3/../../../../arm-none-eabi/lib/armv7-m\libg_nano.a
LOAD c:/program files (x86)/cypress/psoc creator/4.0/psoc creator/import/gnu/arm/4.9.3/bin/../lib/gcc/arm-none-eabi/4.9.3/../../../../arm-none-eabi/lib/armv7-m\libc_nano.a
END GROUP
START GROUP
LOAD c:/program files (x86)/cypress/psoc creator/4.0/psoc creator/import/gnu/arm/4.9.3/bin/../lib/gcc/arm-none-eabi/4.9.3/armv7-m\libgcc.a
LOAD c:/program files (x86)/cypress/psoc creator/4.0/psoc creator/import/gnu/arm/4.9.3/bin/../lib/gcc/arm-none-eabi/4.9.3/../../../../arm-none-eabi/lib/armv7-m\libc_nano.a
END GROUP
LOAD c:/program files (x86)/cypress/psoc creator/4.0/psoc creator/import/gnu/arm/4.9.3/bin/../lib/gcc/arm-none-eabi/4.9.3/armv7-m/crtend.o
LOAD c:/program files (x86)/cypress/psoc creator/4.0/psoc creator/import/gnu/arm/4.9.3/bin/../lib/gcc/arm-none-eabi/4.9.3/armv7-m/crtn.o
START GROUP
LOAD c:/program files (x86)/cypress/psoc creator/4.0/psoc creator/import/gnu/arm/4.9.3/bin/../lib/gcc/arm-none-eabi/4.9.3/armv7-m\libgcc.a
LOAD c:/program files (x86)/cypress/psoc creator/4.0/psoc creator/import/gnu/arm/4.9.3/bin/../lib/gcc/arm-none-eabi/4.9.3/../../../../arm-none-eabi/lib/armv7-m\libc.a
LOAD c:/program files (x86)/cypress/psoc creator/4.0/psoc creator/import/gnu/arm/4.9.3/bin/../lib/gcc/arm-none-eabi/4.9.3/../../../../arm-none-eabi/lib/armv7-m\libnosys.a
END GROUP
                0x00000000                CY_APPL_ORIGIN = 0x0
                0x00000100                CY_FLASH_ROW_SIZE = 0x100
                0x00000020                CY_ECC_ROW_SIZE = 0x20
                0x00000000                CY_EE_IN_BTLDR = 0x0
                0x00000000                CY_APPL_LOADABLE = 0x0
                0x00000800                CY_EE_SIZE = 0x800
                0x00000001                CY_APPL_NUM = 0x1
                0x00000001                CY_APPL_MAX = 0x1
                0x00000040                CY_METADATA_SIZE = 0x40
                0x00000000                CY_APPL_LOADABLE = 0x0
                0x00000000                CY_CHECKSUM_EXCLUDE_SIZE = ALIGN (0x0, CY_FLASH_ROW_SIZE)
                0x1fff81d0                PROVIDE (__cy_heap_start, _end)
                0x00000001                PROVIDE (__cy_region_num, ((__cy_regions_end - __cy_regions) / 0x10))
                0x20008000                PROVIDE (__cy_stack, (ORIGIN (ram) + 0x10000))
                0x20007800                PROVIDE (__cy_heap_end, (__cy_stack - 0x800))

.cybootloader   0x00000000        0x0
 *(.cybootloader)
                0x00000000                appl1_start = CY_APPL_ORIGIN?CY_APPL_ORIGIN:ALIGN (CY_FLASH_ROW_SIZE)
                0x0001ff00                appl2_start = (appl1_start + ALIGN ((((0x40000 - appl1_start) - (0x2 * CY_FLASH_ROW_SIZE)) / 0x2), CY_FLASH_ROW_SIZE))
                0x00000000                appl_start = (CY_APPL_NUM == 0x1)?appl1_start:appl2_start
                0x00000000                ecc_offset = ((appl_start / CY_FLASH_ROW_SIZE) * CY_ECC_ROW_SIZE)
                0x00000000                ee_offset = (CY_APPL_LOADABLE && ! (CY_EE_IN_BTLDR))?((CY_EE_SIZE / CY_APPL_MAX) * (CY_APPL_NUM - 0x1)):0x0
                0x00000800                ee_size = (CY_APPL_LOADABLE && ! (CY_EE_IN_BTLDR))?(CY_EE_SIZE / CY_APPL_MAX):CY_EE_SIZE
                0x00000000                PROVIDE (CY_ECC_OFFSET, ecc_offset)

.text           0x00000000     0x1d8e
 CREATE_OBJECT_SYMBOLS
                0x00000000                PROVIDE (__cy_interrupt_vector, RomVectors)
 *(.romvectors)
 .romvectors    0x00000000       0x10 .\ARM_GCC_493\Debug\Cm3Start.o
                0x00000000                RomVectors
                0x00000001                ASSERT ((. != __cy_interrupt_vector), No interrupt vector)
                0x00000001                ASSERT (CY_APPL_ORIGIN?(SIZEOF (.cybootloader) <= CY_APPL_ORIGIN):0x1, Wrong image location)
                0x00000010                PROVIDE (__cy_reset, Reset)
 *(.text.Reset)
 .text.Reset    0x00000010       0x18 .\ARM_GCC_493\Debug\Cm3Start.o
                0x00000010                Reset
                0x00000001                ASSERT ((. != __cy_reset), No reset code)
 *(.dma_init)
 .dma_init      0x00000028      0x178 .\ARM_GCC_493\Debug\ADC_DMA_VDAC01.a(cyfitter_cfg.o)
                0x00000001                ASSERT ((((appl_start + .) <= 0x10000) || 0x0), DMA Init must be within the first 64k of flash)
 *(.text .text.* .gnu.linkonce.t.*)
 .text          0x000001a0       0x5c c:/program files (x86)/cypress/psoc creator/4.0/psoc creator/import/gnu/arm/4.9.3/bin/../lib/gcc/arm-none-eabi/4.9.3/armv7-m/crtbegin.o
 .text.main     0x000001fc       0x78 .\ARM_GCC_493\Debug\main.o
                0x000001fc                main
 .text.IntDefaultHandler
                0x00000274       0x14 .\ARM_GCC_493\Debug\Cm3Start.o
                0x00000274                IntDefaultHandler
 .text.Start_c  0x00000288       0x98 .\ARM_GCC_493\Debug\Cm3Start.o
                0x00000288                Start_c
 .text.initialize_psoc
                0x00000320       0x8c .\ARM_GCC_493\Debug\Cm3Start.o
                0x00000320                initialize_psoc
 .text.CYCONFIGCPY
                0x000003ac       0x1c .\ARM_GCC_493\Debug\ADC_DMA_VDAC01.a(cyfitter_cfg.o)
 .text.CyClockStartupError
                0x000003c8        0xc .\ARM_GCC_493\Debug\ADC_DMA_VDAC01.a(cyfitter_cfg.o)
 .text.cfg_dma_init
                0x000003d4      0x174 .\ARM_GCC_493\Debug\ADC_DMA_VDAC01.a(cyfitter_cfg.o)
 .text.ClockSetup
                0x00000548      0x158 .\ARM_GCC_493\Debug\ADC_DMA_VDAC01.a(cyfitter_cfg.o)
 .text.AnalogSetDefault
                0x000006a0       0x60 .\ARM_GCC_493\Debug\ADC_DMA_VDAC01.a(cyfitter_cfg.o)
 .text.ADC_DelSig_1_AMux_Set
                0x00000700       0x40 .\ARM_GCC_493\Debug\ADC_DMA_VDAC01.a(cyfitter_cfg.o)
                0x00000700                ADC_DelSig_1_AMux_Set
 .text.ADC_DelSig_1_AMux_Unset
                0x00000740       0x44 .\ARM_GCC_493\Debug\ADC_DMA_VDAC01.a(cyfitter_cfg.o)
                0x00000740                ADC_DelSig_1_AMux_Unset
 .text.cyfitter_cfg
                0x00000784       0xf4 .\ARM_GCC_493\Debug\ADC_DMA_VDAC01.a(cyfitter_cfg.o)
                0x00000784                cyfitter_cfg
 .text.ADC_DelSig_1_Init
                0x00000878      0x158 .\ARM_GCC_493\Debug\ADC_DMA_VDAC01.a(ADC_DelSig_1.o)
                0x00000878                ADC_DelSig_1_Init
 .text.ADC_DelSig_1_Enable
                0x000009d0      0x158 .\ARM_GCC_493\Debug\ADC_DMA_VDAC01.a(ADC_DelSig_1.o)
                0x000009d0                ADC_DelSig_1_Enable
 .text.ADC_DelSig_1_Start
                0x00000b28       0x30 .\ARM_GCC_493\Debug\ADC_DMA_VDAC01.a(ADC_DelSig_1.o)
                0x00000b28                ADC_DelSig_1_Start
 .text.ADC_DelSig_1_StartConvert
                0x00000b58       0x20 .\ARM_GCC_493\Debug\ADC_DMA_VDAC01.a(ADC_DelSig_1.o)
                0x00000b58                ADC_DelSig_1_StartConvert
 .text.ADC_DelSig_1_GetResult8
                0x00000b78       0x68 .\ARM_GCC_493\Debug\ADC_DMA_VDAC01.a(ADC_DelSig_1.o)
                0x00000b78                ADC_DelSig_1_GetResult8
 .text.ADC_DelSig_1_InitConfig
                0x00000be0      0x408 .\ARM_GCC_493\Debug\ADC_DMA_VDAC01.a(ADC_DelSig_1.o)
 .text.ADC_DelSig_1_GainCompensation
                0x00000fe8      0x16c .\ARM_GCC_493\Debug\ADC_DMA_VDAC01.a(ADC_DelSig_1.o)
 .text.ADC_DelSig_1_SetDSMRef0Reg
                0x00001154       0x78 .\ARM_GCC_493\Debug\ADC_DMA_VDAC01.a(ADC_DelSig_1.o)
 .text.ADC_DelSig_1_ISR1
                0x000011cc        0xc .\ARM_GCC_493\Debug\ADC_DMA_VDAC01.a(ADC_DelSig_1_INT.o)
                0x000011cc                ADC_DelSig_1_ISR1
 .text.ADC_DelSig_1_ISR2
                0x000011d8        0xc .\ARM_GCC_493\Debug\ADC_DMA_VDAC01.a(ADC_DelSig_1_INT.o)
                0x000011d8                ADC_DelSig_1_ISR2
 .text.ADC_DelSig_1_ISR3
                0x000011e4        0xc .\ARM_GCC_493\Debug\ADC_DMA_VDAC01.a(ADC_DelSig_1_INT.o)
                0x000011e4                ADC_DelSig_1_ISR3
 .text.ADC_DelSig_1_ISR4
                0x000011f0        0xc .\ARM_GCC_493\Debug\ADC_DMA_VDAC01.a(ADC_DelSig_1_INT.o)
                0x000011f0                ADC_DelSig_1_ISR4
 .text.VDAC8_1_Init
                0x000011fc       0x3c .\ARM_GCC_493\Debug\ADC_DMA_VDAC01.a(VDAC8_1.o)
                0x000011fc                VDAC8_1_Init
 .text.VDAC8_1_Enable
                0x00001238       0x34 .\ARM_GCC_493\Debug\ADC_DMA_VDAC01.a(VDAC8_1.o)
                0x00001238                VDAC8_1_Enable
 .text.VDAC8_1_Start
                0x0000126c       0x28 .\ARM_GCC_493\Debug\ADC_DMA_VDAC01.a(VDAC8_1.o)
                0x0000126c                VDAC8_1_Start
 .text.VDAC8_1_SetSpeed
                0x00001294       0x40 .\ARM_GCC_493\Debug\ADC_DMA_VDAC01.a(VDAC8_1.o)
                0x00001294                VDAC8_1_SetSpeed
 .text.VDAC8_1_SetRange
                0x000012d4       0x40 .\ARM_GCC_493\Debug\ADC_DMA_VDAC01.a(VDAC8_1.o)
                0x000012d4                VDAC8_1_SetRange
 .text.VDAC8_1_SetValue
                0x00001314       0x20 .\ARM_GCC_493\Debug\ADC_DMA_VDAC01.a(VDAC8_1.o)
                0x00001314                VDAC8_1_SetValue
 .text.VDAC8_1_DacTrim
                0x00001334       0x3c .\ARM_GCC_493\Debug\ADC_DMA_VDAC01.a(VDAC8_1.o)
                0x00001334                VDAC8_1_DacTrim
 .text.LCD_Char_1_Init
                0x00001370       0x6c .\ARM_GCC_493\Debug\ADC_DMA_VDAC01.a(LCD_Char_1.o)
                0x00001370                LCD_Char_1_Init
 .text.LCD_Char_1_Enable
                0x000013dc       0x18 .\ARM_GCC_493\Debug\ADC_DMA_VDAC01.a(LCD_Char_1.o)
                0x000013dc                LCD_Char_1_Enable
 .text.LCD_Char_1_Start
                0x000013f4       0x20 .\ARM_GCC_493\Debug\ADC_DMA_VDAC01.a(LCD_Char_1.o)
                0x000013f4                LCD_Char_1_Start
 .text.LCD_Char_1_Position
                0x00001414       0x6c .\ARM_GCC_493\Debug\ADC_DMA_VDAC01.a(LCD_Char_1.o)
                0x00001414                LCD_Char_1_Position
 .text.LCD_Char_1_PrintString
                0x00001480       0x38 .\ARM_GCC_493\Debug\ADC_DMA_VDAC01.a(LCD_Char_1.o)
                0x00001480                LCD_Char_1_PrintString
 .text.LCD_Char_1_PutChar
                0x000014b8       0x18 .\ARM_GCC_493\Debug\ADC_DMA_VDAC01.a(LCD_Char_1.o)
                0x000014b8                LCD_Char_1_PutChar
 .text.LCD_Char_1_WriteData
                0x000014d0       0x34 .\ARM_GCC_493\Debug\ADC_DMA_VDAC01.a(LCD_Char_1.o)
                0x000014d0                LCD_Char_1_WriteData
 .text.LCD_Char_1_WriteControl
                0x00001504       0x34 .\ARM_GCC_493\Debug\ADC_DMA_VDAC01.a(LCD_Char_1.o)
                0x00001504                LCD_Char_1_WriteControl
 .text.LCD_Char_1_IsReady
                0x00001538      0x178 .\ARM_GCC_493\Debug\ADC_DMA_VDAC01.a(LCD_Char_1.o)
                0x00001538                LCD_Char_1_IsReady
 .text.LCD_Char_1_WrDatNib
                0x000016b0       0x78 .\ARM_GCC_493\Debug\ADC_DMA_VDAC01.a(LCD_Char_1.o)
 .text.LCD_Char_1_WrCntrlNib
                0x00001728       0x60 .\ARM_GCC_493\Debug\ADC_DMA_VDAC01.a(LCD_Char_1.o)
 .text.LCD_Char_1_PrintInt8
                0x00001788       0x38 .\ARM_GCC_493\Debug\ADC_DMA_VDAC01.a(LCD_Char_1.o)
                0x00001788                LCD_Char_1_PrintInt8
 .text.ADC_DelSig_1_AMux_Start
                0x000017c0       0x30 .\ARM_GCC_493\Debug\ADC_DMA_VDAC01.a(ADC_DelSig_1_AMux.o)
                0x000017c0                ADC_DelSig_1_AMux_Start
 .text.ADC_DelSig_1_AMux_Select
                0x000017f0       0x28 .\ARM_GCC_493\Debug\ADC_DMA_VDAC01.a(ADC_DelSig_1_AMux.o)
                0x000017f0                ADC_DelSig_1_AMux_Select
 .text.ADC_DelSig_1_Ext_CP_Clk_SetDividerRegister
                0x00001818      0x160 .\ARM_GCC_493\Debug\ADC_DMA_VDAC01.a(ADC_DelSig_1_Ext_CP_Clk.o)
                0x00001818                ADC_DelSig_1_Ext_CP_Clk_SetDividerRegister
 .text.ADC_DelSig_1_Ext_CP_Clk_GetDividerRegister
                0x00001978       0x18 .\ARM_GCC_493\Debug\ADC_DMA_VDAC01.a(ADC_DelSig_1_Ext_CP_Clk.o)
                0x00001978                ADC_DelSig_1_Ext_CP_Clk_GetDividerRegister
 .text.ADC_DelSig_1_Ext_CP_Clk_SetModeRegister
                0x00001990       0x34 .\ARM_GCC_493\Debug\ADC_DMA_VDAC01.a(ADC_DelSig_1_Ext_CP_Clk.o)
                0x00001990                ADC_DelSig_1_Ext_CP_Clk_SetModeRegister
 .text.ADC_DelSig_1_Ext_CP_Clk_GetSourceRegister
                0x000019c4       0x20 .\ARM_GCC_493\Debug\ADC_DMA_VDAC01.a(ADC_DelSig_1_Ext_CP_Clk.o)
                0x000019c4                ADC_DelSig_1_Ext_CP_Clk_GetSourceRegister
 .text.ADC_DelSig_1_theACLK_SetDividerRegister
                0x000019e4      0x160 .\ARM_GCC_493\Debug\ADC_DMA_VDAC01.a(ADC_DelSig_1_theACLK.o)
                0x000019e4                ADC_DelSig_1_theACLK_SetDividerRegister
 .text.ADC_DelSig_1_theACLK_GetDividerRegister
                0x00001b44       0x18 .\ARM_GCC_493\Debug\ADC_DMA_VDAC01.a(ADC_DelSig_1_theACLK.o)
                0x00001b44                ADC_DelSig_1_theACLK_GetDividerRegister
 .text.ADC_DelSig_1_theACLK_SetModeRegister
                0x00001b5c       0x34 .\ARM_GCC_493\Debug\ADC_DMA_VDAC01.a(ADC_DelSig_1_theACLK.o)
                0x00001b5c                ADC_DelSig_1_theACLK_SetModeRegister
 .text.ADC_DelSig_1_theACLK_GetSourceRegister
                0x00001b90       0x20 .\ARM_GCC_493\Debug\ADC_DMA_VDAC01.a(ADC_DelSig_1_theACLK.o)
                0x00001b90                ADC_DelSig_1_theACLK_GetSourceRegister
 .text.CyHalt   0x00001bb0       0x18 .\ARM_GCC_493\Debug\ADC_DMA_VDAC01.a(CyLib.o)
                0x00001bb0                CyHalt
 .text.CyDelay  0x00001bc8       0x44 .\ARM_GCC_493\Debug\ADC_DMA_VDAC01.a(CyLib.o)
                0x00001bc8                CyDelay
 .text.CyDelayUs
                0x00001c0c       0x24 .\ARM_GCC_493\Debug\ADC_DMA_VDAC01.a(CyLib.o)
                0x00001c0c                CyDelayUs
 .text.CyIntSetVector
                0x00001c30       0x50 .\ARM_GCC_493\Debug\ADC_DMA_VDAC01.a(CyLib.o)
                0x00001c30                CyIntSetVector
 .text.CyIntSetPriority
                0x00001c80       0x44 .\ARM_GCC_493\Debug\ADC_DMA_VDAC01.a(CyLib.o)
                0x00001c80                CyIntSetPriority
 *fill*         0x00001cc4        0x4 
 .text          0x00001cc8       0x58 .\ARM_GCC_493\Debug\ADC_DMA_VDAC01.a(CyBootAsmGnu.o)
                0x00001cc8                CyDelayCycles
                0x00001d06                CyEnterCriticalSection
                0x00001d0e                CyExitCriticalSection
 .text.__errno  0x00001d20        0xc c:/program files (x86)/cypress/psoc creator/4.0/psoc creator/import/gnu/arm/4.9.3/bin/../lib/gcc/arm-none-eabi/4.9.3/../../../../arm-none-eabi/lib/armv7-m\libg_nano.a(lib_a-errno.o)
                0x00001d20                __errno
 .text.__libc_init_array
                0x00001d2c       0x4c c:/program files (x86)/cypress/psoc creator/4.0/psoc creator/import/gnu/arm/4.9.3/bin/../lib/gcc/arm-none-eabi/4.9.3/../../../../arm-none-eabi/lib/armv7-m\libg_nano.a(lib_a-init.o)
                0x00001d2c                __libc_init_array
 .text.memcpy   0x00001d78       0x16 c:/program files (x86)/cypress/psoc creator/4.0/psoc creator/import/gnu/arm/4.9.3/bin/../lib/gcc/arm-none-eabi/4.9.3/../../../../arm-none-eabi/lib/armv7-m\libg_nano.a(lib_a-memcpy.o)
                0x00001d78                memcpy
 *(.plt)
 *(.gnu.warning)
 *(.glue_7t)
 .glue_7t       0x00000000        0x0 linker stubs
 *(.glue_7)
 .glue_7        0x00000000        0x0 linker stubs
 *(.vfp11_veneer)
 .vfp11_veneer  0x00000000        0x0 linker stubs
 *(.bootloader)
 *(.ARM.extab* .gnu.linkonce.armextab.*)
 *(.gcc_except_table)

.v4_bx          0x00001d90        0x0
 .v4_bx         0x00000000        0x0 linker stubs

.iplt           0x00001d90        0x0
 .iplt          0x00000000        0x0 c:/program files (x86)/cypress/psoc creator/4.0/psoc creator/import/gnu/arm/4.9.3/bin/../lib/gcc/arm-none-eabi/4.9.3/armv7-m/crtbegin.o

.eh_frame_hdr
 *(.eh_frame_hdr)

.eh_frame       0x00001d90        0x4
 *(.eh_frame)
 .eh_frame      0x00001d90        0x0 c:/program files (x86)/cypress/psoc creator/4.0/psoc creator/import/gnu/arm/4.9.3/bin/../lib/gcc/arm-none-eabi/4.9.3/armv7-m/crtbegin.o
 .eh_frame      0x00001d90        0x4 c:/program files (x86)/cypress/psoc creator/4.0/psoc creator/import/gnu/arm/4.9.3/bin/../lib/gcc/arm-none-eabi/4.9.3/armv7-m/crtend.o
                0x00001d94                PROVIDE (__exidx_start, .)

.ARM.exidx
 *(.ARM.exidx* .gnu.linkonce.armexidx.*)
                0x00001d94                __exidx_end = .

.rodata         0x00001d94      0x11c
 *(.rodata .rodata.* .gnu.linkonce.r.*)
 .rodata        0x00001d94       0x1c .\ARM_GCC_493\Debug\main.o
 .rodata        0x00001db0       0xb4 .\ARM_GCC_493\Debug\ADC_DMA_VDAC01.a(cyfitter_cfg.o)
                0x00001db0                ADC_DelSig_1_AMux__addrTable
                0x00001db8                ADC_DelSig_1_AMux__maskTable
 .rodata        0x00001e64       0x10 .\ARM_GCC_493\Debug\ADC_DMA_VDAC01.a(LCD_Char_1.o)
 .rodata.str1.1
                0x00001e74        0x2 c:/program files (x86)/cypress/psoc creator/4.0/psoc creator/import/gnu/arm/4.9.3/bin/../lib/gcc/arm-none-eabi/4.9.3/../../../../arm-none-eabi/lib/armv7-m\libg_nano.a(lib_a-impure.o)
                0x00001e78                . = ALIGN (0x4)
 *fill*         0x00001e76        0x2 
 *(.init)
 .init          0x00001e78        0x4 c:/program files (x86)/cypress/psoc creator/4.0/psoc creator/import/gnu/arm/4.9.3/bin/../lib/gcc/arm-none-eabi/4.9.3/armv7-m/crti.o
                0x00001e78                _init
 .init          0x00001e7c        0x8 c:/program files (x86)/cypress/psoc creator/4.0/psoc creator/import/gnu/arm/4.9.3/bin/../lib/gcc/arm-none-eabi/4.9.3/armv7-m/crtn.o
                0x00001e84                . = ALIGN (0x4)
                0x00001e84                __preinit_array_start = .
 *(.preinit_array)
                0x00001e84                __preinit_array_end = .
                0x00001e84                . = ALIGN (0x4)
                0x00001e84                __init_array_start = .
 *(SORT(.init_array.*))
 *(.init_array)
 .init_array    0x00001e84        0x4 c:/program files (x86)/cypress/psoc creator/4.0/psoc creator/import/gnu/arm/4.9.3/bin/../lib/gcc/arm-none-eabi/4.9.3/armv7-m/crtbegin.o
 .init_array    0x00001e88        0x4 .\ARM_GCC_493\Debug\Cm3Start.o
                0x00001e8c                __init_array_end = .
                0x00001e8c                . = ALIGN (0x4)
 *(.fini)
 .fini          0x00001e8c        0x4 c:/program files (x86)/cypress/psoc creator/4.0/psoc creator/import/gnu/arm/4.9.3/bin/../lib/gcc/arm-none-eabi/4.9.3/armv7-m/crti.o
                0x00001e8c                _fini
 .fini          0x00001e90        0x8 c:/program files (x86)/cypress/psoc creator/4.0/psoc creator/import/gnu/arm/4.9.3/bin/../lib/gcc/arm-none-eabi/4.9.3/armv7-m/crtn.o
                0x00001e98                . = ALIGN (0x4)
                0x00001e98                __fini_array_start = .
 *(.fini_array)
 .fini_array    0x00001e98        0x4 c:/program files (x86)/cypress/psoc creator/4.0/psoc creator/import/gnu/arm/4.9.3/bin/../lib/gcc/arm-none-eabi/4.9.3/armv7-m/crtbegin.o
 *(SORT(.fini_array.*))
                0x00001e9c                __fini_array_end = .
                0x00001e9c                . = ALIGN (0x4)
 *crtbegin.o(.ctors)
 *(EXCLUDE_FILE(*crtend.o) .ctors)
 *(SORT(.ctors.*))
 *crtend.o(.ctors)
                0x00001e9c                . = ALIGN (0x4)
 *crtbegin.o(.dtors)
 *(EXCLUDE_FILE(*crtend.o) .dtors)
 *(SORT(.dtors.*))
 *crtend.o(.dtors)
                0x00001e9c                . = ALIGN (0x4)
                0x00001e9c                __cy_regions = .
                0x00001e9c        0x4 LONG 0x1eb0 __cy_region_init_ram
                0x00001ea0        0x4 LONG 0x1fff8108 __cy_region_start_data
                0x00001ea4        0x4 LONG 0x80 __cy_region_init_size_ram
                0x00001ea8        0x4 LONG 0x48 __cy_region_zero_size_ram
                0x00001eac                __cy_regions_end = .
                0x00001eb0                . = ALIGN (0x8)
 *fill*         0x00001eac        0x4 
                0x00001eb0                _etext = .

.cy_checksum_exclude
                0x00001eb0        0x0
 *(.cy_checksum_exclude)

.ramvectors     0x1fff8000      0x100
                0x1fff8000                __cy_region_start_ram = .
 *(.ramvectors)
 .ramvectors    0x1fff8000      0x100 .\ARM_GCC_493\Debug\Cm3Start.o
                0x1fff8000                CyRamVectors

.noinit         0x1fff8100        0x5
 *(.noinit)
 .noinit        0x1fff8100        0x4 .\ARM_GCC_493\Debug\Cm3Start.o
 .noinit        0x1fff8104        0x1 .\ARM_GCC_493\Debug\ADC_DMA_VDAC01.a(CyLib.o)
                0x1fff8104                CyResetStatus

.data           0x1fff8108       0x80 load address 0x00001eb0
                0x1fff8108                __cy_region_start_data = .
 *(.jcr)
 .jcr           0x1fff8108        0x0 c:/program files (x86)/cypress/psoc creator/4.0/psoc creator/import/gnu/arm/4.9.3/bin/../lib/gcc/arm-none-eabi/4.9.3/armv7-m/crtbegin.o
 .jcr           0x1fff8108        0x4 c:/program files (x86)/cypress/psoc creator/4.0/psoc creator/import/gnu/arm/4.9.3/bin/../lib/gcc/arm-none-eabi/4.9.3/armv7-m/crtend.o
 *(.got.plt)
 *(.got)
 *(.shdata)
 *(.data .data.* .gnu.linkonce.d.*)
 .data          0x1fff810c        0x1 .\ARM_GCC_493\Debug\ADC_DMA_VDAC01.a(ADC_DelSig_1.o)
                0x1fff810c                ADC_DelSig_1_Config
 .data          0x1fff810d        0x1 .\ARM_GCC_493\Debug\ADC_DMA_VDAC01.a(ADC_DelSig_1_AMux.o)
 *fill*         0x1fff810e        0x2 
 .data          0x1fff8110       0x10 .\ARM_GCC_493\Debug\ADC_DMA_VDAC01.a(CyLib.o)
                0x1fff8110                cydelay_freq_hz
                0x1fff8114                cydelay_freq_khz
                0x1fff8118                cydelay_freq_mhz
                0x1fff811c                cydelay_32k_ms
 .data.impure_data
                0x1fff8120       0x60 c:/program files (x86)/cypress/psoc creator/4.0/psoc creator/import/gnu/arm/4.9.3/bin/../lib/gcc/arm-none-eabi/4.9.3/../../../../arm-none-eabi/lib/armv7-m\libg_nano.a(lib_a-impure.o)
 .data._impure_ptr
                0x1fff8180        0x4 c:/program files (x86)/cypress/psoc creator/4.0/psoc creator/import/gnu/arm/4.9.3/bin/../lib/gcc/arm-none-eabi/4.9.3/../../../../arm-none-eabi/lib/armv7-m\libg_nano.a(lib_a-impure.o)
                0x1fff8180                _impure_ptr
                0x1fff8188                . = ALIGN (0x8)
 *fill*         0x1fff8184        0x4 
 *(.ram)
                0x1fff8188                _edata = .

.igot.plt       0x1fff8188        0x0 load address 0x00001f30
 .igot.plt      0x00000000        0x0 c:/program files (x86)/cypress/psoc creator/4.0/psoc creator/import/gnu/arm/4.9.3/bin/../lib/gcc/arm-none-eabi/4.9.3/armv7-m/crtbegin.o

.bss            0x1fff8188       0x48 load address 0x00001f30
                0x1fff8188                PROVIDE (__bss_start__, .)
 *(.shbss)
 *(.bss .bss.* .gnu.linkonce.b.*)
 .bss           0x1fff8188       0x1c c:/program files (x86)/cypress/psoc creator/4.0/psoc creator/import/gnu/arm/4.9.3/bin/../lib/gcc/arm-none-eabi/4.9.3/armv7-m/crtbegin.o
 *fill*         0x1fff81a4        0x4 
 .bss           0x1fff81a8        0x8 .\ARM_GCC_493\Debug\ADC_DMA_VDAC01.a(cyfitter_cfg.o)
 .bss           0x1fff81b0       0x14 .\ARM_GCC_493\Debug\ADC_DMA_VDAC01.a(ADC_DelSig_1.o)
                0x1fff81b0                ADC_DelSig_1_convDone
                0x1fff81b1                ADC_DelSig_1_stopConversion
                0x1fff81b2                ADC_DelSig_1_initVar
                0x1fff81b3                ADC_DelSig_1_started
 .bss           0x1fff81c4        0x1 .\ARM_GCC_493\Debug\ADC_DMA_VDAC01.a(VDAC8_1.o)
                0x1fff81c4                VDAC8_1_initVar
 .bss           0x1fff81c5        0x2 .\ARM_GCC_493\Debug\ADC_DMA_VDAC01.a(LCD_Char_1.o)
                0x1fff81c5                LCD_Char_1_enableState
                0x1fff81c6                LCD_Char_1_initVar
 *(COMMON)
 *fill*         0x1fff81c7        0x1 
 COMMON         0x1fff81c8        0x8 .\ARM_GCC_493\Debug\ADC_DMA_VDAC01.a(ADC_DelSig_1.o)
                0x1fff81c8                ADC_DelSig_1_CountsPerVolt
                0x1fff81cc                ADC_DelSig_1_Offset
                0x1fff81d0                . = ALIGN (0x8)
 *(.ram.b)
                0x1fff81d0                _end = .
                0x1fff81d0                __end = .
                0x1fff81d0                PROVIDE (end, .)
                0x1fff81d0                PROVIDE (__bss_end__, .)
                0x00001eb0                __cy_region_init_ram = LOADADDR (.data)
                0x00000080                __cy_region_init_size_ram = (_edata - ADDR (.data))
                0x00000048                __cy_region_zero_size_ram = (_end - _edata)

.heap           0x1fff81d0       0x80 load address 0x00001f30
                0x1fff81d0                . = _end
                0x1fff8250                . = (. + 0x80)
 *fill*         0x1fff81d0       0x80 
                0x1fff8250                __cy_heap_limit = .

.stack          0x20007800      0x800
                0x20007800                __cy_stack_limit = .
                0x20008000                . = (. + 0x800)
 *fill*         0x20007800      0x800 
                0x00000001                ASSERT ((__cy_stack_limit >= __cy_heap_limit), region RAM overflowed with stack)
                0x00000000                cy_checksum_exclude_size = (CY_APPL_LOADABLE == 0x1)?SIZEOF (.cy_checksum_exclude):0x0
                0x00000001                ASSERT ((cy_checksum_exclude_size <= CY_CHECKSUM_EXCLUDE_SIZE), CY_BOOT: Section .cy_checksum_exclude size exceedes specified limit.)

.cyloadermeta
 *(.cyloadermeta)

.cyloadablemeta
 *(.cyloadablemeta)

.cyconfigecc    0x80000000      0x824
 *(.cyconfigecc)
 .cyconfigecc   0x80000000      0x824 .\ARM_GCC_493\Debug\cymetadata.o
                0x80000000                cy_meta_configecc

.cycustnvl      0x90000000        0x4
 *(.cycustnvl)
 .cycustnvl     0x90000000        0x4 .\ARM_GCC_493\Debug\cymetadata.o
                0x90000000                cy_meta_custnvl

.cywolatch      0x90100000        0x4
 *(.cywolatch)
 .cywolatch     0x90100000        0x4 .\ARM_GCC_493\Debug\cymetadata.o
                0x90100000                cy_meta_wonvl

.cyeeprom       0x90200000        0x0
 *(.cyeeprom)
                0x00000001                ASSERT ((. <= ((0x90200000 + ee_offset) + ee_size)), .cyeeprom data will not fit in EEPROM)

.cyflashprotect
                0x90400000      0x100
 *(.cyflashprotect)
 .cyflashprotect
                0x90400000      0x100 .\ARM_GCC_493\Debug\cymetadata.o
                0x90400000                cy_meta_flashprotect

.cymeta         0x90500000        0xc
 *(.cymeta)
 .cymeta        0x90500000        0xc .\ARM_GCC_493\Debug\cymetadata.o
                0x90500000                cy_metadata

.rel.dyn        0x00001f30        0x0 load address 0x9050000c
 .rel.iplt      0x00000000        0x0 c:/program files (x86)/cypress/psoc creator/4.0/psoc creator/import/gnu/arm/4.9.3/bin/../lib/gcc/arm-none-eabi/4.9.3/armv7-m/crtbegin.o

.stab
 *(.stab)

.stabstr
 *(.stabstr)

.debug
 *(.debug)

.line
 *(.line)

.debug_srcinfo
 *(.debug_srcinfo)

.debug_sfnames
 *(.debug_sfnames)

.debug_aranges  0x00000000      0x870
 *(.debug_aranges)
 .debug_aranges
                0x00000000       0x20 .\ARM_GCC_493\Debug\main.o
 .debug_aranges
                0x00000020       0x18 .\ARM_GCC_493\Debug\cymetadata.o
 .debug_aranges
                0x00000038       0x48 .\ARM_GCC_493\Debug\Cm3Start.o
 .debug_aranges
                0x00000080       0x70 .\ARM_GCC_493\Debug\ADC_DMA_VDAC01.a(cyfitter_cfg.o)
 .debug_aranges
                0x000000f0       0xe8 .\ARM_GCC_493\Debug\ADC_DMA_VDAC01.a(ADC_DelSig_1.o)
 .debug_aranges
                0x000001d8       0x38 .\ARM_GCC_493\Debug\ADC_DMA_VDAC01.a(ADC_DelSig_1_INT.o)
 .debug_aranges
                0x00000210       0x58 .\ARM_GCC_493\Debug\ADC_DMA_VDAC01.a(VDAC8_1.o)
 .debug_aranges
                0x00000268       0x98 .\ARM_GCC_493\Debug\ADC_DMA_VDAC01.a(LCD_Char_1.o)
 .debug_aranges
                0x00000300       0x30 .\ARM_GCC_493\Debug\ADC_DMA_VDAC01.a(ADC_DelSig_1_AMux.o)
 .debug_aranges
                0x00000330       0x70 .\ARM_GCC_493\Debug\ADC_DMA_VDAC01.a(ADC_DelSig_1_Ext_CP_Clk.o)
 .debug_aranges
                0x000003a0       0x80 .\ARM_GCC_493\Debug\ADC_DMA_VDAC01.a(ADC_DelSig_1_theACLK.o)
 .debug_aranges
                0x00000420      0x2a0 .\ARM_GCC_493\Debug\ADC_DMA_VDAC01.a(CyLib.o)
 .debug_aranges
                0x000006c0       0x98 .\ARM_GCC_493\Debug\ADC_DMA_VDAC01.a(cyPm.o)
 .debug_aranges
                0x00000758       0x20 .\ARM_GCC_493\Debug\ADC_DMA_VDAC01.a(CyBootAsmGnu.o)
 .debug_aranges
                0x00000778       0x80 .\ARM_GCC_493\Debug\ADC_DMA_VDAC01.a(CyFlash.o)
 .debug_aranges
                0x000007f8       0x78 .\ARM_GCC_493\Debug\ADC_DMA_VDAC01.a(CySpc.o)

.debug_pubnames
 *(.debug_pubnames)

.debug_info     0x00000000     0x38dc
 *(.debug_info .gnu.linkonce.wi.*)
 .debug_info    0x00000000       0xe1 .\ARM_GCC_493\Debug\main.o
 .debug_info    0x000000e1      0x13f .\ARM_GCC_493\Debug\cymetadata.o
 .debug_info    0x00000220      0x319 .\ARM_GCC_493\Debug\Cm3Start.o
 .debug_info    0x00000539      0x450 .\ARM_GCC_493\Debug\ADC_DMA_VDAC01.a(cyfitter_cfg.o)
 .debug_info    0x00000989      0x725 .\ARM_GCC_493\Debug\ADC_DMA_VDAC01.a(ADC_DelSig_1.o)
 .debug_info    0x000010ae       0xcc .\ARM_GCC_493\Debug\ADC_DMA_VDAC01.a(ADC_DelSig_1_INT.o)
 .debug_info    0x0000117a      0x185 .\ARM_GCC_493\Debug\ADC_DMA_VDAC01.a(VDAC8_1.o)
 .debug_info    0x000012ff      0x3c8 .\ARM_GCC_493\Debug\ADC_DMA_VDAC01.a(LCD_Char_1.o)
 .debug_info    0x000016c7      0x10a .\ARM_GCC_493\Debug\ADC_DMA_VDAC01.a(ADC_DelSig_1_AMux.o)
 .debug_info    0x000017d1      0x25d .\ARM_GCC_493\Debug\ADC_DMA_VDAC01.a(ADC_DelSig_1_Ext_CP_Clk.o)
 .debug_info    0x00001a2e      0x299 .\ARM_GCC_493\Debug\ADC_DMA_VDAC01.a(ADC_DelSig_1_theACLK.o)
 .debug_info    0x00001cc7      0xe4a .\ARM_GCC_493\Debug\ADC_DMA_VDAC01.a(CyLib.o)
 .debug_info    0x00002b11      0x561 .\ARM_GCC_493\Debug\ADC_DMA_VDAC01.a(cyPm.o)
 .debug_info    0x00003072       0xad .\ARM_GCC_493\Debug\ADC_DMA_VDAC01.a(CyBootAsmGnu.o)
 .debug_info    0x0000311f      0x36a .\ARM_GCC_493\Debug\ADC_DMA_VDAC01.a(CyFlash.o)
 .debug_info    0x00003489      0x453 .\ARM_GCC_493\Debug\ADC_DMA_VDAC01.a(CySpc.o)

.debug_abbrev   0x00000000     0x110b
 *(.debug_abbrev)
 .debug_abbrev  0x00000000       0x74 .\ARM_GCC_493\Debug\main.o
 .debug_abbrev  0x00000074       0x77 .\ARM_GCC_493\Debug\cymetadata.o
 .debug_abbrev  0x000000eb      0x1b6 .\ARM_GCC_493\Debug\Cm3Start.o
 .debug_abbrev  0x000002a1      0x1a3 .\ARM_GCC_493\Debug\ADC_DMA_VDAC01.a(cyfitter_cfg.o)
 .debug_abbrev  0x00000444      0x19d .\ARM_GCC_493\Debug\ADC_DMA_VDAC01.a(ADC_DelSig_1.o)
 .debug_abbrev  0x000005e1       0x42 .\ARM_GCC_493\Debug\ADC_DMA_VDAC01.a(ADC_DelSig_1_INT.o)
 .debug_abbrev  0x00000623       0xeb .\ARM_GCC_493\Debug\ADC_DMA_VDAC01.a(VDAC8_1.o)
 .debug_abbrev  0x0000070e      0x120 .\ARM_GCC_493\Debug\ADC_DMA_VDAC01.a(LCD_Char_1.o)
 .debug_abbrev  0x0000082e       0x6f .\ARM_GCC_493\Debug\ADC_DMA_VDAC01.a(ADC_DelSig_1_AMux.o)
 .debug_abbrev  0x0000089d      0x11d .\ARM_GCC_493\Debug\ADC_DMA_VDAC01.a(ADC_DelSig_1_Ext_CP_Clk.o)
 .debug_abbrev  0x000009ba      0x11d .\ARM_GCC_493\Debug\ADC_DMA_VDAC01.a(ADC_DelSig_1_theACLK.o)
 .debug_abbrev  0x00000ad7      0x217 .\ARM_GCC_493\Debug\ADC_DMA_VDAC01.a(CyLib.o)
 .debug_abbrev  0x00000cee      0x161 .\ARM_GCC_493\Debug\ADC_DMA_VDAC01.a(cyPm.o)
 .debug_abbrev  0x00000e4f       0x14 .\ARM_GCC_493\Debug\ADC_DMA_VDAC01.a(CyBootAsmGnu.o)
 .debug_abbrev  0x00000e63      0x13c .\ARM_GCC_493\Debug\ADC_DMA_VDAC01.a(CyFlash.o)
 .debug_abbrev  0x00000f9f      0x16c .\ARM_GCC_493\Debug\ADC_DMA_VDAC01.a(CySpc.o)

.debug_line     0x00000000     0x2203
 *(.debug_line)
 .debug_line    0x00000000      0x186 .\ARM_GCC_493\Debug\main.o
 .debug_line    0x00000186       0x51 .\ARM_GCC_493\Debug\cymetadata.o
 .debug_line    0x000001d7      0x1dc .\ARM_GCC_493\Debug\Cm3Start.o
 .debug_line    0x000003b3      0x24a .\ARM_GCC_493\Debug\ADC_DMA_VDAC01.a(cyfitter_cfg.o)
 .debug_line    0x000005fd      0x3d7 .\ARM_GCC_493\Debug\ADC_DMA_VDAC01.a(ADC_DelSig_1.o)
 .debug_line    0x000009d4       0x95 .\ARM_GCC_493\Debug\ADC_DMA_VDAC01.a(ADC_DelSig_1_INT.o)
 .debug_line    0x00000a69       0xef .\ARM_GCC_493\Debug\ADC_DMA_VDAC01.a(VDAC8_1.o)
 .debug_line    0x00000b58      0x1e8 .\ARM_GCC_493\Debug\ADC_DMA_VDAC01.a(LCD_Char_1.o)
 .debug_line    0x00000d40       0xa6 .\ARM_GCC_493\Debug\ADC_DMA_VDAC01.a(ADC_DelSig_1_AMux.o)
 .debug_line    0x00000de6      0x1b2 .\ARM_GCC_493\Debug\ADC_DMA_VDAC01.a(ADC_DelSig_1_Ext_CP_Clk.o)
 .debug_line    0x00000f98      0x1d3 .\ARM_GCC_493\Debug\ADC_DMA_VDAC01.a(ADC_DelSig_1_theACLK.o)
 .debug_line    0x0000116b      0x882 .\ARM_GCC_493\Debug\ADC_DMA_VDAC01.a(CyLib.o)
 .debug_line    0x000019ed      0x37f .\ARM_GCC_493\Debug\ADC_DMA_VDAC01.a(cyPm.o)
 .debug_line    0x00001d6c       0x7d .\ARM_GCC_493\Debug\ADC_DMA_VDAC01.a(CyBootAsmGnu.o)
 .debug_line    0x00001de9      0x205 .\ARM_GCC_493\Debug\ADC_DMA_VDAC01.a(CyFlash.o)
 .debug_line    0x00001fee      0x215 .\ARM_GCC_493\Debug\ADC_DMA_VDAC01.a(CySpc.o)

.debug_frame    0x00000000     0x2230
 *(.debug_frame)
 .debug_frame   0x00000000       0x2c .\ARM_GCC_493\Debug\main.o
 .debug_frame   0x0000002c       0xd8 .\ARM_GCC_493\Debug\Cm3Start.o
 .debug_frame   0x00000104      0x1b0 .\ARM_GCC_493\Debug\ADC_DMA_VDAC01.a(cyfitter_cfg.o)
 .debug_frame   0x000002b4      0x40c .\ARM_GCC_493\Debug\ADC_DMA_VDAC01.a(ADC_DelSig_1.o)
 .debug_frame   0x000006c0       0xa0 .\ARM_GCC_493\Debug\ADC_DMA_VDAC01.a(ADC_DelSig_1_INT.o)
 .debug_frame   0x00000760      0x130 .\ARM_GCC_493\Debug\ADC_DMA_VDAC01.a(VDAC8_1.o)
 .debug_frame   0x00000890      0x260 .\ARM_GCC_493\Debug\ADC_DMA_VDAC01.a(LCD_Char_1.o)
 .debug_frame   0x00000af0       0x88 .\ARM_GCC_493\Debug\ADC_DMA_VDAC01.a(ADC_DelSig_1_AMux.o)
 .debug_frame   0x00000b78      0x1b4 .\ARM_GCC_493\Debug\ADC_DMA_VDAC01.a(ADC_DelSig_1_Ext_CP_Clk.o)
 .debug_frame   0x00000d2c      0x200 .\ARM_GCC_493\Debug\ADC_DMA_VDAC01.a(ADC_DelSig_1_theACLK.o)
 .debug_frame   0x00000f2c      0xc0c .\ARM_GCC_493\Debug\ADC_DMA_VDAC01.a(CyLib.o)
 .debug_frame   0x00001b38      0x234 .\ARM_GCC_493\Debug\ADC_DMA_VDAC01.a(cyPm.o)
 .debug_frame   0x00001d6c      0x210 .\ARM_GCC_493\Debug\ADC_DMA_VDAC01.a(CyFlash.o)
 .debug_frame   0x00001f7c      0x1f8 .\ARM_GCC_493\Debug\ADC_DMA_VDAC01.a(CySpc.o)
 .debug_frame   0x00002174       0x20 c:/program files (x86)/cypress/psoc creator/4.0/psoc creator/import/gnu/arm/4.9.3/bin/../lib/gcc/arm-none-eabi/4.9.3/../../../../arm-none-eabi/lib/armv7-m\libg_nano.a(lib_a-errno.o)
 .debug_frame   0x00002194       0x28 c:/program files (x86)/cypress/psoc creator/4.0/psoc creator/import/gnu/arm/4.9.3/bin/../lib/gcc/arm-none-eabi/4.9.3/../../../../arm-none-eabi/lib/armv7-m\libg_nano.a(lib_a-exit.o)
 .debug_frame   0x000021bc       0x2c c:/program files (x86)/cypress/psoc creator/4.0/psoc creator/import/gnu/arm/4.9.3/bin/../lib/gcc/arm-none-eabi/4.9.3/../../../../arm-none-eabi/lib/armv7-m\libg_nano.a(lib_a-init.o)
 .debug_frame   0x000021e8       0x28 c:/program files (x86)/cypress/psoc creator/4.0/psoc creator/import/gnu/arm/4.9.3/bin/../lib/gcc/arm-none-eabi/4.9.3/../../../../arm-none-eabi/lib/armv7-m\libg_nano.a(lib_a-memcpy.o)
 .debug_frame   0x00002210       0x20 c:/program files (x86)/cypress/psoc creator/4.0/psoc creator/import/gnu/arm/4.9.3/bin/../lib/gcc/arm-none-eabi/4.9.3/../../../../arm-none-eabi/lib/armv7-m\libg_nano.a(lib_a-memset.o)

.debug_str      0x00000000     0x1f19
 *(.debug_str)
 .debug_str     0x00000000      0x181 .\ARM_GCC_493\Debug\main.o
                                0x1c2 (size before relaxing)
 .debug_str     0x00000181       0x75 .\ARM_GCC_493\Debug\cymetadata.o
                                0x207 (size before relaxing)
 .debug_str     0x000001f6      0x132 .\ARM_GCC_493\Debug\Cm3Start.o
                                0x2e8 (size before relaxing)
 .debug_str     0x00000328      0x1f6 .\ARM_GCC_493\Debug\ADC_DMA_VDAC01.a(cyfitter_cfg.o)
                                0x3a0 (size before relaxing)
 .debug_str     0x0000051e      0x44b .\ARM_GCC_493\Debug\ADC_DMA_VDAC01.a(ADC_DelSig_1.o)
                                0x634 (size before relaxing)
 .debug_str     0x00000969       0x72 .\ARM_GCC_493\Debug\ADC_DMA_VDAC01.a(ADC_DelSig_1_INT.o)
                                0x1fe (size before relaxing)
 .debug_str     0x000009db       0xbc .\ARM_GCC_493\Debug\ADC_DMA_VDAC01.a(VDAC8_1.o)
                                0x250 (size before relaxing)
 .debug_str     0x00000a97      0x203 .\ARM_GCC_493\Debug\ADC_DMA_VDAC01.a(LCD_Char_1.o)
                                0x3b6 (size before relaxing)
 .debug_str     0x00000c9a       0x9c .\ARM_GCC_493\Debug\ADC_DMA_VDAC01.a(ADC_DelSig_1_AMux.o)
                                0x22d (size before relaxing)
 .debug_str     0x00000d36      0x220 .\ARM_GCC_493\Debug\ADC_DMA_VDAC01.a(ADC_DelSig_1_Ext_CP_Clk.o)
                                0x3cb (size before relaxing)
 .debug_str     0x00000f56      0x208 .\ARM_GCC_493\Debug\ADC_DMA_VDAC01.a(ADC_DelSig_1_theACLK.o)
                                0x3fc (size before relaxing)
 .debug_str     0x0000115e      0x7f2 .\ARM_GCC_493\Debug\ADC_DMA_VDAC01.a(CyLib.o)
                                0x9fb (size before relaxing)
 .debug_str     0x00001950      0x365 .\ARM_GCC_493\Debug\ADC_DMA_VDAC01.a(cyPm.o)
                                0x548 (size before relaxing)
 .debug_str     0x00001cb5      0x145 .\ARM_GCC_493\Debug\ADC_DMA_VDAC01.a(CyFlash.o)
                                0x307 (size before relaxing)
 .debug_str     0x00001dfa      0x11f .\ARM_GCC_493\Debug\ADC_DMA_VDAC01.a(CySpc.o)
                                0x304 (size before relaxing)

.debug_loc
 *(.debug_loc)

.debug_macinfo
 *(.debug_macinfo)

.debug_ranges   0x00000000      0x758
 *(.debug_ranges)
 .debug_ranges  0x00000000       0x10 .\ARM_GCC_493\Debug\main.o
 .debug_ranges  0x00000010       0x38 .\ARM_GCC_493\Debug\Cm3Start.o
 .debug_ranges  0x00000048       0x60 .\ARM_GCC_493\Debug\ADC_DMA_VDAC01.a(cyfitter_cfg.o)
 .debug_ranges  0x000000a8       0xd8 .\ARM_GCC_493\Debug\ADC_DMA_VDAC01.a(ADC_DelSig_1.o)
 .debug_ranges  0x00000180       0x28 .\ARM_GCC_493\Debug\ADC_DMA_VDAC01.a(ADC_DelSig_1_INT.o)
 .debug_ranges  0x000001a8       0x48 .\ARM_GCC_493\Debug\ADC_DMA_VDAC01.a(VDAC8_1.o)
 .debug_ranges  0x000001f0       0x88 .\ARM_GCC_493\Debug\ADC_DMA_VDAC01.a(LCD_Char_1.o)
 .debug_ranges  0x00000278       0x20 .\ARM_GCC_493\Debug\ADC_DMA_VDAC01.a(ADC_DelSig_1_AMux.o)
 .debug_ranges  0x00000298       0x60 .\ARM_GCC_493\Debug\ADC_DMA_VDAC01.a(ADC_DelSig_1_Ext_CP_Clk.o)
 .debug_ranges  0x000002f8       0x70 .\ARM_GCC_493\Debug\ADC_DMA_VDAC01.a(ADC_DelSig_1_theACLK.o)
 .debug_ranges  0x00000368      0x290 .\ARM_GCC_493\Debug\ADC_DMA_VDAC01.a(CyLib.o)
 .debug_ranges  0x000005f8       0x88 .\ARM_GCC_493\Debug\ADC_DMA_VDAC01.a(cyPm.o)
 .debug_ranges  0x00000680       0x70 .\ARM_GCC_493\Debug\ADC_DMA_VDAC01.a(CyFlash.o)
 .debug_ranges  0x000006f0       0x68 .\ARM_GCC_493\Debug\ADC_DMA_VDAC01.a(CySpc.o)

.comment        0x00000000       0x70
 .comment       0x00000000       0x70 .\ARM_GCC_493\Debug\main.o
                                 0x71 (size before relaxing)
 .comment       0x00000000       0x71 .\ARM_GCC_493\Debug\cymetadata.o
 .comment       0x00000000       0x71 .\ARM_GCC_493\Debug\Cm3Start.o
 .comment       0x00000000       0x71 .\ARM_GCC_493\Debug\ADC_DMA_VDAC01.a(cyfitter_cfg.o)
 .comment       0x00000000       0x71 .\ARM_GCC_493\Debug\ADC_DMA_VDAC01.a(ADC_DelSig_1.o)
 .comment       0x00000000       0x71 .\ARM_GCC_493\Debug\ADC_DMA_VDAC01.a(ADC_DelSig_1_INT.o)
 .comment       0x00000000       0x71 .\ARM_GCC_493\Debug\ADC_DMA_VDAC01.a(VDAC8_1.o)
 .comment       0x00000000       0x71 .\ARM_GCC_493\Debug\ADC_DMA_VDAC01.a(LCD_Char_1.o)
 .comment       0x00000000       0x71 .\ARM_GCC_493\Debug\ADC_DMA_VDAC01.a(ADC_DelSig_1_AMux.o)
 .comment       0x00000000       0x71 .\ARM_GCC_493\Debug\ADC_DMA_VDAC01.a(ADC_DelSig_1_Ext_CP_Clk.o)
 .comment       0x00000000       0x71 .\ARM_GCC_493\Debug\ADC_DMA_VDAC01.a(ADC_DelSig_1_theACLK.o)
 .comment       0x00000000       0x71 .\ARM_GCC_493\Debug\ADC_DMA_VDAC01.a(CyLib.o)
 .comment       0x00000000       0x71 .\ARM_GCC_493\Debug\ADC_DMA_VDAC01.a(cyPm.o)
 .comment       0x00000000       0x71 .\ARM_GCC_493\Debug\ADC_DMA_VDAC01.a(CyFlash.o)
 .comment       0x00000000       0x71 .\ARM_GCC_493\Debug\ADC_DMA_VDAC01.a(CySpc.o)

.debug_weaknames
 *(.debug_weaknames)

.debug_funcnames
 *(.debug_funcnames)

.debug_typenames
 *(.debug_typenames)

.debug_varnames
 *(.debug_varnames)

.note.gnu.arm.ident
 *(.note.gnu.arm.ident)

.ARM.attributes
                0x00000000       0x29
 *(.ARM.attributes)
 .ARM.attributes
                0x00000000       0x1d c:/program files (x86)/cypress/psoc creator/4.0/psoc creator/import/gnu/arm/4.9.3/bin/../lib/gcc/arm-none-eabi/4.9.3/armv7-m/crti.o
 .ARM.attributes
                0x0000001d       0x2d c:/program files (x86)/cypress/psoc creator/4.0/psoc creator/import/gnu/arm/4.9.3/bin/../lib/gcc/arm-none-eabi/4.9.3/armv7-m/crtbegin.o
 .ARM.attributes
                0x0000004a       0x1b c:/program files (x86)/cypress/psoc creator/4.0/psoc creator/import/gnu/arm/4.9.3/bin/../lib/gcc/arm-none-eabi/4.9.3/../../../../arm-none-eabi/lib/armv7-m/crt0.o
 .ARM.attributes
                0x00000065       0x33 .\ARM_GCC_493\Debug\main.o
 .ARM.attributes
                0x00000098       0x33 .\ARM_GCC_493\Debug\cymetadata.o
 .ARM.attributes
                0x000000cb       0x33 .\ARM_GCC_493\Debug\Cm3Start.o
 .ARM.attributes
                0x000000fe       0x33 .\ARM_GCC_493\Debug\ADC_DMA_VDAC01.a(cyfitter_cfg.o)
 .ARM.attributes
                0x00000131       0x33 .\ARM_GCC_493\Debug\ADC_DMA_VDAC01.a(ADC_DelSig_1.o)
 .ARM.attributes
                0x00000164       0x33 .\ARM_GCC_493\Debug\ADC_DMA_VDAC01.a(ADC_DelSig_1_INT.o)
 .ARM.attributes
                0x00000197       0x33 .\ARM_GCC_493\Debug\ADC_DMA_VDAC01.a(VDAC8_1.o)
 .ARM.attributes
                0x000001ca       0x33 .\ARM_GCC_493\Debug\ADC_DMA_VDAC01.a(LCD_Char_1.o)
 .ARM.attributes
                0x000001fd       0x33 .\ARM_GCC_493\Debug\ADC_DMA_VDAC01.a(ADC_DelSig_1_AMux.o)
 .ARM.attributes
                0x00000230       0x33 .\ARM_GCC_493\Debug\ADC_DMA_VDAC01.a(ADC_DelSig_1_Ext_CP_Clk.o)
 .ARM.attributes
                0x00000263       0x33 .\ARM_GCC_493\Debug\ADC_DMA_VDAC01.a(ADC_DelSig_1_theACLK.o)
 .ARM.attributes
                0x00000296       0x33 .\ARM_GCC_493\Debug\ADC_DMA_VDAC01.a(CyLib.o)
 .ARM.attributes
                0x000002c9       0x33 .\ARM_GCC_493\Debug\ADC_DMA_VDAC01.a(cyPm.o)
 .ARM.attributes
                0x000002fc       0x21 .\ARM_GCC_493\Debug\ADC_DMA_VDAC01.a(CyBootAsmGnu.o)
 .ARM.attributes
                0x0000031d       0x33 .\ARM_GCC_493\Debug\ADC_DMA_VDAC01.a(CyFlash.o)
 .ARM.attributes
                0x00000350       0x33 .\ARM_GCC_493\Debug\ADC_DMA_VDAC01.a(CySpc.o)
 .ARM.attributes
                0x00000383       0x1d c:/program files (x86)/cypress/psoc creator/4.0/psoc creator/import/gnu/arm/4.9.3/bin/../lib/gcc/arm-none-eabi/4.9.3/armv7-m\libgcc.a(_arm_addsubdf3.o)
 .ARM.attributes
                0x000003a0       0x1d c:/program files (x86)/cypress/psoc creator/4.0/psoc creator/import/gnu/arm/4.9.3/bin/../lib/gcc/arm-none-eabi/4.9.3/armv7-m\libgcc.a(_arm_cmpdf2.o)
 .ARM.attributes
                0x000003bd       0x1d c:/program files (x86)/cypress/psoc creator/4.0/psoc creator/import/gnu/arm/4.9.3/bin/../lib/gcc/arm-none-eabi/4.9.3/armv7-m\libgcc.a(_arm_addsubsf3.o)
 .ARM.attributes
                0x000003da       0x1d c:/program files (x86)/cypress/psoc creator/4.0/psoc creator/import/gnu/arm/4.9.3/bin/../lib/gcc/arm-none-eabi/4.9.3/armv7-m\libgcc.a(_arm_muldivsf3.o)
 .ARM.attributes
                0x000003f7       0x1d c:/program files (x86)/cypress/psoc creator/4.0/psoc creator/import/gnu/arm/4.9.3/bin/../lib/gcc/arm-none-eabi/4.9.3/armv7-m\libgcc.a(_arm_fixunssfsi.o)
 .ARM.attributes
                0x00000414       0x2d c:/program files (x86)/cypress/psoc creator/4.0/psoc creator/import/gnu/arm/4.9.3/bin/../lib/gcc/arm-none-eabi/4.9.3/../../../../arm-none-eabi/lib/armv7-m\libg_nano.a(lib_a-errno.o)
 .ARM.attributes
                0x00000441       0x2d c:/program files (x86)/cypress/psoc creator/4.0/psoc creator/import/gnu/arm/4.9.3/bin/../lib/gcc/arm-none-eabi/4.9.3/../../../../arm-none-eabi/lib/armv7-m\libg_nano.a(lib_a-exit.o)
 .ARM.attributes
                0x0000046e       0x2d c:/program files (x86)/cypress/psoc creator/4.0/psoc creator/import/gnu/arm/4.9.3/bin/../lib/gcc/arm-none-eabi/4.9.3/../../../../arm-none-eabi/lib/armv7-m\libg_nano.a(lib_a-impure.o)
 .ARM.attributes
                0x0000049b       0x2d c:/program files (x86)/cypress/psoc creator/4.0/psoc creator/import/gnu/arm/4.9.3/bin/../lib/gcc/arm-none-eabi/4.9.3/../../../../arm-none-eabi/lib/armv7-m\libg_nano.a(lib_a-init.o)
 .ARM.attributes
                0x000004c8       0x2d c:/program files (x86)/cypress/psoc creator/4.0/psoc creator/import/gnu/arm/4.9.3/bin/../lib/gcc/arm-none-eabi/4.9.3/../../../../arm-none-eabi/lib/armv7-m\libg_nano.a(lib_a-memcpy.o)
 .ARM.attributes
                0x000004f5       0x2d c:/program files (x86)/cypress/psoc creator/4.0/psoc creator/import/gnu/arm/4.9.3/bin/../lib/gcc/arm-none-eabi/4.9.3/../../../../arm-none-eabi/lib/armv7-m\libg_nano.a(lib_a-memset.o)
 .ARM.attributes
                0x00000522       0x2d c:/program files (x86)/cypress/psoc creator/4.0/psoc creator/import/gnu/arm/4.9.3/bin/../lib/gcc/arm-none-eabi/4.9.3/armv7-m/crtend.o
 .ARM.attributes
                0x0000054f       0x1d c:/program files (x86)/cypress/psoc creator/4.0/psoc creator/import/gnu/arm/4.9.3/bin/../lib/gcc/arm-none-eabi/4.9.3/armv7-m/crtn.o

/DISCARD/
 *(.note.GNU-stack)
OUTPUT(.\ARM_GCC_493\Debug\ADC_DMA_VDAC01.elf elf32-littlearm)
