Archive member included because of file (symbol)

.\ARM_GCC_493\Debug\ADC_DAC.a(cyfitter_cfg.o)
                              .\ARM_GCC_493\Debug\Cm3Start.o (cyfitter_cfg)
.\ARM_GCC_493\Debug\ADC_DAC.a(LCD_Char_1.o)
                              .\ARM_GCC_493\Debug\main.o (LCD_Char_1_Start)
.\ARM_GCC_493\Debug\ADC_DAC.a(LCD_Char_1_CustChars.o)
                              .\ARM_GCC_493\Debug\ADC_DAC.a(LCD_Char_1.o) (LCD_Char_1_customFonts)
.\ARM_GCC_493\Debug\ADC_DAC.a(CyDmac.o)
                              .\ARM_GCC_493\Debug\Cm3Start.o (CyDmacConfigure)
.\ARM_GCC_493\Debug\ADC_DAC.a(CyLib.o)
                              .\ARM_GCC_493\Debug\Cm3Start.o (CyResetStatus)
.\ARM_GCC_493\Debug\ADC_DAC.a(cyPm.o)
                              .\ARM_GCC_493\Debug\ADC_DAC.a(CyLib.o) (CyPmReadStatus)
.\ARM_GCC_493\Debug\ADC_DAC.a(ADC_SAR_1.o)
                              .\ARM_GCC_493\Debug\main.o (ADC_SAR_1_Start)
.\ARM_GCC_493\Debug\ADC_DAC.a(ADC_SAR_1_INT.o)
                              .\ARM_GCC_493\Debug\ADC_DAC.a(ADC_SAR_1.o) (ADC_SAR_1_ISR)
.\ARM_GCC_493\Debug\ADC_DAC.a(Opamp_1.o)
                              .\ARM_GCC_493\Debug\main.o (Opamp_1_Start)
.\ARM_GCC_493\Debug\ADC_DAC.a(Opamp_2.o)
                              .\ARM_GCC_493\Debug\main.o (Opamp_2_Start)
.\ARM_GCC_493\Debug\ADC_DAC.a(ADC_SAR_1_theACLK.o)
                              .\ARM_GCC_493\Debug\ADC_DAC.a(ADC_SAR_1.o) (ADC_SAR_1_theACLK_SetModeRegister)
.\ARM_GCC_493\Debug\ADC_DAC.a(ADC_SAR_2.o)
                              .\ARM_GCC_493\Debug\main.o (ADC_SAR_2_Start)
.\ARM_GCC_493\Debug\ADC_DAC.a(ADC_SAR_2_INT.o)
                              .\ARM_GCC_493\Debug\ADC_DAC.a(ADC_SAR_2.o) (ADC_SAR_2_ISR)
.\ARM_GCC_493\Debug\ADC_DAC.a(ADC_SAR_2_theACLK.o)
                              .\ARM_GCC_493\Debug\ADC_DAC.a(ADC_SAR_2.o) (ADC_SAR_2_theACLK_SetModeRegister)
.\ARM_GCC_493\Debug\ADC_DAC.a(Filter.o)
                              .\ARM_GCC_493\Debug\main.o (Filter_Start)
.\ARM_GCC_493\Debug\ADC_DAC.a(Filter_PVT.o)
                              .\ARM_GCC_493\Debug\ADC_DAC.a(Filter.o) (Filter_SetInterruptMode)
.\ARM_GCC_493\Debug\ADC_DAC.a(Filter_RAM_Data.o)
                              .\ARM_GCC_493\Debug\ADC_DAC.a(Filter.o) (Filter_control)
.\ARM_GCC_493\Debug\ADC_DAC.a(Opamp_3.o)
                              .\ARM_GCC_493\Debug\main.o (Opamp_3_Start)
.\ARM_GCC_493\Debug\ADC_DAC.a(SPI_DAC.o)
                              .\ARM_GCC_493\Debug\main.o (SPI_DAC_Start)
.\ARM_GCC_493\Debug\ADC_DAC.a(SPI_DAC_IntClock.o)
                              .\ARM_GCC_493\Debug\ADC_DAC.a(SPI_DAC.o) (SPI_DAC_IntClock_Start)
.\ARM_GCC_493\Debug\ADC_DAC.a(CyBootAsmGnu.o)
                              .\ARM_GCC_493\Debug\ADC_DAC.a(cyfitter_cfg.o) (CyDelayCycles)
.\ARM_GCC_493\Debug\ADC_DAC.a(CyFlash.o)
                              .\ARM_GCC_493\Debug\ADC_DAC.a(cyPm.o) (CyFlash_SetWaitCycles)
.\ARM_GCC_493\Debug\ADC_DAC.a(CySpc.o)
                              .\ARM_GCC_493\Debug\ADC_DAC.a(CyFlash.o) (CySpcStart)
c:/program files (x86)/cypress/psoc creator/4.0/psoc creator/import/gnu/arm/4.9.3/bin/../lib/gcc/arm-none-eabi/4.9.3/armv7-m\libgcc.a(_arm_addsubsf3.o)
                              .\ARM_GCC_493\Debug\ADC_DAC.a(ADC_SAR_1.o) (__aeabi_i2f)
c:/program files (x86)/cypress/psoc creator/4.0/psoc creator/import/gnu/arm/4.9.3/bin/../lib/gcc/arm-none-eabi/4.9.3/armv7-m\libgcc.a(_arm_muldivsf3.o)
                              .\ARM_GCC_493\Debug\ADC_DAC.a(ADC_SAR_1.o) (__aeabi_fmul)
c:/program files (x86)/cypress/psoc creator/4.0/psoc creator/import/gnu/arm/4.9.3/bin/../lib/gcc/arm-none-eabi/4.9.3/armv7-m\libgcc.a(_aeabi_ldivmod.o)
                              .\ARM_GCC_493\Debug\ADC_DAC.a(ADC_SAR_1.o) (__aeabi_ldivmod)
c:/program files (x86)/cypress/psoc creator/4.0/psoc creator/import/gnu/arm/4.9.3/bin/../lib/gcc/arm-none-eabi/4.9.3/armv7-m\libgcc.a(bpabi.o)
                              c:/program files (x86)/cypress/psoc creator/4.0/psoc creator/import/gnu/arm/4.9.3/bin/../lib/gcc/arm-none-eabi/4.9.3/armv7-m\libgcc.a(_aeabi_ldivmod.o) (__gnu_ldivmod_helper)
c:/program files (x86)/cypress/psoc creator/4.0/psoc creator/import/gnu/arm/4.9.3/bin/../lib/gcc/arm-none-eabi/4.9.3/armv7-m\libgcc.a(_dvmd_tls.o)
                              c:/program files (x86)/cypress/psoc creator/4.0/psoc creator/import/gnu/arm/4.9.3/bin/../lib/gcc/arm-none-eabi/4.9.3/armv7-m\libgcc.a(_aeabi_ldivmod.o) (__aeabi_ldiv0)
c:/program files (x86)/cypress/psoc creator/4.0/psoc creator/import/gnu/arm/4.9.3/bin/../lib/gcc/arm-none-eabi/4.9.3/armv7-m\libgcc.a(_divdi3.o)
                              c:/program files (x86)/cypress/psoc creator/4.0/psoc creator/import/gnu/arm/4.9.3/bin/../lib/gcc/arm-none-eabi/4.9.3/armv7-m\libgcc.a(bpabi.o) (__divdi3)
c:/program files (x86)/cypress/psoc creator/4.0/psoc creator/import/gnu/arm/4.9.3/bin/../lib/gcc/arm-none-eabi/4.9.3/armv7-m\libgcc.a(_udivdi3.o)
[...]
Memory Configuration

Name             Origin             Length             Attributes
rom              0x00000000         0x00040000         xr
ram              0x1fff8000         0x00010000         xrw
*default*        0x00000000         0xffffffff

Linker script and memory map

LOAD c:/program files (x86)/cypress/psoc creator/4.0/psoc creator/import/gnu/arm/4.9.3/bin/../lib/gcc/arm-none-eabi/4.9.3/armv7-m/crti.o
LOAD c:/program files (x86)/cypress/psoc creator/4.0/psoc creator/import/gnu/arm/4.9.3/bin/../lib/gcc/arm-none-eabi/4.9.3/armv7-m/crtbegin.o
LOAD c:/program files (x86)/cypress/psoc creator/4.0/psoc creator/import/gnu/arm/4.9.3/bin/../lib/gcc/arm-none-eabi/4.9.3/../../../../arm-none-eabi/lib/armv7-m/crt0.o
START GROUP
LOAD .\ARM_GCC_493\Debug\main.o
LOAD .\ARM_GCC_493\Debug\cymetadata.o
LOAD .\ARM_GCC_493\Debug\Cm3Start.o
LOAD .\ARM_GCC_493\Debug\ADC_DAC.a
LOAD C:\Program Files (x86)\Cypress\PSoC Creator\4.0\PSoC Creator\psoc\content\cycomponentlibrary\CyComponentLibrary.cylib\CortexM3\ARM_GCC_493\Debug\CyComponentLibrary.a
END GROUP
START GROUP
LOAD c:/program files (x86)/cypress/psoc creator/4.0/psoc creator/import/gnu/arm/4.9.3/bin/../lib/gcc/arm-none-eabi/4.9.3/armv7-m\libgcc.a
LOAD c:/program files (x86)/cypress/psoc creator/4.0/psoc creator/import/gnu/arm/4.9.3/bin/../lib/gcc/arm-none-eabi/4.9.3/../../../../arm-none-eabi/lib/armv7-m\libg_nano.a
LOAD c:/program files (x86)/cypress/psoc creator/4.0/psoc creator/import/gnu/arm/4.9.3/bin/../lib/gcc/arm-none-eabi/4.9.3/../../../../arm-none-eabi/lib/armv7-m\libc_nano.a
END GROUP
START GROUP
LOAD c:/program files (x86)/cypress/psoc creator/4.0/psoc creator/import/gnu/arm/4.9.3/bin/../lib/gcc/arm-none-eabi/4.9.3/armv7-m\libgcc.a
LOAD c:/program files (x86)/cypress/psoc creator/4.0/psoc creator/import/gnu/arm/4.9.3/bin/../lib/gcc/arm-none-eabi/4.9.3/../../../../arm-none-eabi/lib/armv7-m\libc_nano.a
END GROUP
LOAD c:/program files (x86)/cypress/psoc creator/4.0/psoc creator/import/gnu/arm/4.9.3/bin/../lib/gcc/arm-none-eabi/4.9.3/armv7-m/crtend.o
LOAD c:/program files (x86)/cypress/psoc creator/4.0/psoc creator/import/gnu/arm/4.9.3/bin/../lib/gcc/arm-none-eabi/4.9.3/armv7-m/crtn.o
START GROUP
LOAD c:/program files (x86)/cypress/psoc creator/4.0/psoc creator/import/gnu/arm/4.9.3/bin/../lib/gcc/arm-none-eabi/4.9.3/armv7-m\libgcc.a
LOAD c:/program files (x86)/cypress/psoc creator/4.0/psoc creator/import/gnu/arm/4.9.3/bin/../lib/gcc/arm-none-eabi/4.9.3/../../../../arm-none-eabi/lib/armv7-m\libc.a
LOAD c:/program files (x86)/cypress/psoc creator/4.0/psoc creator/import/gnu/arm/4.9.3/bin/../lib/gcc/arm-none-eabi/4.9.3/../../../../arm-none-eabi/lib/armv7-m\libnosys.a
END GROUP
                0x00000000                CY_APPL_ORIGIN = 0x0
                0x00000100                CY_FLASH_ROW_SIZE = 0x100
                0x00000020                CY_ECC_ROW_SIZE = 0x20
                0x00000000                CY_EE_IN_BTLDR = 0x0
                0x00000000                CY_APPL_LOADABLE = 0x0
                0x00000800                CY_EE_SIZE = 0x800
                0x00000001                CY_APPL_NUM = 0x1
                0x00000001                CY_APPL_MAX = 0x1
                0x00000040                CY_METADATA_SIZE = 0x40
                0x00000000                CY_APPL_LOADABLE = 0x0
                0x00000000                CY_CHECKSUM_EXCLUDE_SIZE = ALIGN (0x0, CY_FLASH_ROW_SIZE)
                0x1fff81d0                PROVIDE (__cy_heap_start, _end)
                0x00000001                PROVIDE (__cy_region_num, ((__cy_regions_end - __cy_regions) / 0x10))
                0x20008000                PROVIDE (__cy_stack, (ORIGIN (ram) + 0x10000))
                0x20007800                PROVIDE (__cy_heap_end, (__cy_stack - 0x800))

.cybootloader   0x00000000        0x0
 *(.cybootloader)
                0x00000000                appl1_start = CY_APPL_ORIGIN?CY_APPL_ORIGIN:ALIGN (CY_FLASH_ROW_SIZE)
                0x0001ff00                appl2_start = (appl1_start + ALIGN ((((0x40000 - appl1_start) - (0x2 * CY_FLASH_ROW_SIZE)) / 0x2), CY_FLASH_ROW_SIZE))
                0x00000000                appl_start = (CY_APPL_NUM == 0x1)?appl1_start:appl2_start
                0x00000000                ecc_offset = ((appl_start / CY_FLASH_ROW_SIZE) * CY_ECC_ROW_SIZE)
                0x00000000                ee_offset = (CY_APPL_LOADABLE && ! (CY_EE_IN_BTLDR))?((CY_EE_SIZE / CY_APPL_MAX) * (CY_APPL_NUM - 0x1)):0x0
                0x00000800                ee_size = (CY_APPL_LOADABLE && ! (CY_EE_IN_BTLDR))?(CY_EE_SIZE / CY_APPL_MAX):CY_EE_SIZE
                0x00000000                PROVIDE (CY_ECC_OFFSET, ecc_offset)

.text           0x00000000     0x19de
 CREATE_OBJECT_SYMBOLS
                0x00000000                PROVIDE (__cy_interrupt_vector, RomVectors)
 *(.romvectors)
 .romvectors    0x00000000       0x10 .\ARM_GCC_493\Debug\Cm3Start.o
                0x00000000                RomVectors
                0x00000001                ASSERT ((. != __cy_interrupt_vector), No interrupt vector)
                0x00000001                ASSERT (CY_APPL_ORIGIN?(SIZEOF (.cybootloader) <= CY_APPL_ORIGIN):0x1, Wrong image location)
                0x00000010                PROVIDE (__cy_reset, Reset)
 *(.text.Reset)
 .text.Reset    0x00000010       0x18 .\ARM_GCC_493\Debug\Cm3Start.o
                0x00000010                Reset
                0x00000001                ASSERT ((. != __cy_reset), No reset code)
 *(.dma_init)
                0x00000001                ASSERT ((((appl_start + .) <= 0x10000) || 0x1), DMA Init must be within the first 64k of flash)
 *(.text .text.* .gnu.linkonce.t.*)
 .text          0x00000028       0x5c c:/program files (x86)/cypress/psoc creator/4.0/psoc creator/import/gnu/arm/4.9.3/bin/../lib/gcc/arm-none-eabi/4.9.3/armv7-m/crtbegin.o
 .text.main     0x00000084       0xa0 .\ARM_GCC_493\Debug\main.o
                0x00000084                main
 .text.Effect   0x00000124      0x104 .\ARM_GCC_493\Debug\main.o
                0x00000124                Effect
 .text.IntDefaultHandler
                0x00000228       0x14 .\ARM_GCC_493\Debug\Cm3Start.o
                0x00000228                IntDefaultHandler
 .text.Start_c  0x0000023c       0x98 .\ARM_GCC_493\Debug\Cm3Start.o
                0x0000023c                Start_c
 .text.initialize_psoc
                0x000002d4       0x90 .\ARM_GCC_493\Debug\Cm3Start.o
                0x000002d4                initialize_psoc
 .text.CYMEMZERO
                0x00000364       0x1c .\ARM_GCC_493\Debug\ADC_DAC.a(cyfitter_cfg.o)
 .text.CYCONFIGCPY
                0x00000380       0x1c .\ARM_GCC_493\Debug\ADC_DAC.a(cyfitter_cfg.o)
 .text.CyClockStartupError
                0x0000039c        0xc .\ARM_GCC_493\Debug\ADC_DAC.a(cyfitter_cfg.o)
 .text.cfg_write_bytes32
                0x000003a8       0x74 .\ARM_GCC_493\Debug\ADC_DAC.a(cyfitter_cfg.o)
 .text.ClockSetup
                0x0000041c      0x13c .\ARM_GCC_493\Debug\ADC_DAC.a(cyfitter_cfg.o)
 .text.AnalogSetDefault
                0x00000558      0x118 .\ARM_GCC_493\Debug\ADC_DAC.a(cyfitter_cfg.o)
 .text.cyfitter_cfg
                0x00000670      0x1a4 .\ARM_GCC_493\Debug\ADC_DAC.a(cyfitter_cfg.o)
                0x00000670                cyfitter_cfg
 .text.LCD_Char_1_Init
                0x00000814       0x78 .\ARM_GCC_493\Debug\ADC_DAC.a(LCD_Char_1.o)
                0x00000814                LCD_Char_1_Init
 .text.LCD_Char_1_Enable
                0x0000088c       0x18 .\ARM_GCC_493\Debug\ADC_DAC.a(LCD_Char_1.o)
                0x0000088c                LCD_Char_1_Enable
 .text.LCD_Char_1_Start
                0x000008a4       0x20 .\ARM_GCC_493\Debug\ADC_DAC.a(LCD_Char_1.o)
                0x000008a4                LCD_Char_1_Start
 .text.LCD_Char_1_Position
                0x000008c4       0x6c .\ARM_GCC_493\Debug\ADC_DAC.a(LCD_Char_1.o)
                0x000008c4                LCD_Char_1_Position
 .text.LCD_Char_1_PrintString
                0x00000930       0x38 .\ARM_GCC_493\Debug\ADC_DAC.a(LCD_Char_1.o)
                0x00000930                LCD_Char_1_PrintString
 .text.LCD_Char_1_WriteData
                0x00000968       0x34 .\ARM_GCC_493\Debug\ADC_DAC.a(LCD_Char_1.o)
                0x00000968                LCD_Char_1_WriteData
 .text.LCD_Char_1_WriteControl
                0x0000099c       0x34 .\ARM_GCC_493\Debug\ADC_DAC.a(LCD_Char_1.o)
                0x0000099c                LCD_Char_1_WriteControl
 .text.LCD_Char_1_IsReady
                0x000009d0      0x178 .\ARM_GCC_493\Debug\ADC_DAC.a(LCD_Char_1.o)
                0x000009d0                LCD_Char_1_IsReady
 .text.LCD_Char_1_WrDatNib
                0x00000b48       0x78 .\ARM_GCC_493\Debug\ADC_DAC.a(LCD_Char_1.o)
 .text.LCD_Char_1_WrCntrlNib
                0x00000bc0       0x60 .\ARM_GCC_493\Debug\ADC_DAC.a(LCD_Char_1.o)
 .text.LCD_Char_1_LoadCustomFonts
                0x00000c20       0x44 .\ARM_GCC_493\Debug\ADC_DAC.a(LCD_Char_1_CustChars.o)
                0x00000c20                LCD_Char_1_LoadCustomFonts
 .text.CyDmacConfigure
                0x00000c64       0x5c .\ARM_GCC_493\Debug\ADC_DAC.a(CyDmac.o)
                0x00000c64                CyDmacConfigure
 .text.CyHalt   0x00000cc0       0x18 .\ARM_GCC_493\Debug\ADC_DAC.a(CyLib.o)
                0x00000cc0                CyHalt
 .text.CyDelay  0x00000cd8       0x44 .\ARM_GCC_493\Debug\ADC_DAC.a(CyLib.o)
                0x00000cd8                CyDelay
 .text.CyDelayUs
                0x00000d1c       0x24 .\ARM_GCC_493\Debug\ADC_DAC.a(CyLib.o)
                0x00000d1c                CyDelayUs
 .text.CyIntSetVector
                0x00000d40       0x50 .\ARM_GCC_493\Debug\ADC_DAC.a(CyLib.o)
                0x00000d40                CyIntSetVector
 .text.CyIntSetPriority
                0x00000d90       0x44 .\ARM_GCC_493\Debug\ADC_DAC.a(CyLib.o)
                0x00000d90                CyIntSetPriority
 .text.ADC_SAR_1_Start
                0x00000dd4       0x20 .\ARM_GCC_493\Debug\ADC_DAC.a(ADC_SAR_1.o)
                0x00000dd4                ADC_SAR_1_Start
 .text.ADC_SAR_1_Init
                0x00000df4       0x44 .\ARM_GCC_493\Debug\ADC_DAC.a(ADC_SAR_1.o)
                0x00000df4                ADC_SAR_1_Init
 .text.ADC_SAR_1_Enable
                0x00000e38       0xf4 .\ARM_GCC_493\Debug\ADC_DAC.a(ADC_SAR_1.o)
                0x00000e38                ADC_SAR_1_Enable
 .text.ADC_SAR_1_SetResolution
                0x00000f2c       0x50 .\ARM_GCC_493\Debug\ADC_DAC.a(ADC_SAR_1.o)
                0x00000f2c                ADC_SAR_1_SetResolution
 .text.ADC_SAR_1_StartConvert
                0x00000f7c       0x20 .\ARM_GCC_493\Debug\ADC_DAC.a(ADC_SAR_1.o)
                0x00000f7c                ADC_SAR_1_StartConvert
 .text.ADC_SAR_1_IsEndConversion
                0x00000f9c       0x40 .\ARM_GCC_493\Debug\ADC_DAC.a(ADC_SAR_1.o)
                0x00000f9c                ADC_SAR_1_IsEndConversion
 .text.ADC_SAR_1_GetResult16
                0x00000fdc       0x34 .\ARM_GCC_493\Debug\ADC_DAC.a(ADC_SAR_1.o)
                0x00000fdc                ADC_SAR_1_GetResult16
 .text.ADC_SAR_1_CalcGain
                0x00001010       0x80 .\ARM_GCC_493\Debug\ADC_DAC.a(ADC_SAR_1.o)
 .text.ADC_SAR_1_ISR
                0x00001090        0xc .\ARM_GCC_493\Debug\ADC_DAC.a(ADC_SAR_1_INT.o)
                0x00001090                ADC_SAR_1_ISR
 .text.Opamp_1_Init
                0x0000109c        0xc .\ARM_GCC_493\Debug\ADC_DAC.a(Opamp_1.o)
                0x0000109c                Opamp_1_Init
 .text.Opamp_1_Enable
                0x000010a8       0x48 .\ARM_GCC_493\Debug\ADC_DAC.a(Opamp_1.o)
                0x000010a8                Opamp_1_Enable
 .text.Opamp_1_Start
                0x000010f0       0x20 .\ARM_GCC_493\Debug\ADC_DAC.a(Opamp_1.o)
                0x000010f0                Opamp_1_Start
 .text.Opamp_1_SetPower
                0x00001110       0x40 .\ARM_GCC_493\Debug\ADC_DAC.a(Opamp_1.o)
                0x00001110                Opamp_1_SetPower
 .text.Opamp_2_Init
                0x00001150        0xc .\ARM_GCC_493\Debug\ADC_DAC.a(Opamp_2.o)
                0x00001150                Opamp_2_Init
 .text.Opamp_2_Enable
                0x0000115c       0x48 .\ARM_GCC_493\Debug\ADC_DAC.a(Opamp_2.o)
                0x0000115c                Opamp_2_Enable
 .text.Opamp_2_Start
                0x000011a4       0x20 .\ARM_GCC_493\Debug\ADC_DAC.a(Opamp_2.o)
                0x000011a4                Opamp_2_Start
 .text.Opamp_2_SetPower
                0x000011c4       0x40 .\ARM_GCC_493\Debug\ADC_DAC.a(Opamp_2.o)
                0x000011c4                Opamp_2_SetPower
 .text.ADC_SAR_1_theACLK_SetModeRegister
                0x00001204       0x34 .\ARM_GCC_493\Debug\ADC_DAC.a(ADC_SAR_1_theACLK.o)
                0x00001204                ADC_SAR_1_theACLK_SetModeRegister
 .text.ADC_SAR_2_Start
                0x00001238       0x20 .\ARM_GCC_493\Debug\ADC_DAC.a(ADC_SAR_2.o)
                0x00001238                ADC_SAR_2_Start
 .text.ADC_SAR_2_Init
                0x00001258       0x44 .\ARM_GCC_493\Debug\ADC_DAC.a(ADC_SAR_2.o)
                0x00001258                ADC_SAR_2_Init
 .text.ADC_SAR_2_Enable
                0x0000129c       0xf4 .\ARM_GCC_493\Debug\ADC_DAC.a(ADC_SAR_2.o)
                0x0000129c                ADC_SAR_2_Enable
 .text.ADC_SAR_2_SetResolution
                0x00001390       0x50 .\ARM_GCC_493\Debug\ADC_DAC.a(ADC_SAR_2.o)
                0x00001390                ADC_SAR_2_SetResolution
 .text.ADC_SAR_2_StartConvert
                0x000013e0       0x20 .\ARM_GCC_493\Debug\ADC_DAC.a(ADC_SAR_2.o)
                0x000013e0                ADC_SAR_2_StartConvert
 .text.ADC_SAR_2_CalcGain
                0x00001400       0x80 .\ARM_GCC_493\Debug\ADC_DAC.a(ADC_SAR_2.o)
 .text.ADC_SAR_2_ISR
                0x00001480        0xc .\ARM_GCC_493\Debug\ADC_DAC.a(ADC_SAR_2_INT.o)
                0x00001480                ADC_SAR_2_ISR
 .text.ADC_SAR_2_theACLK_SetModeRegister
                0x0000148c       0x34 .\ARM_GCC_493\Debug\ADC_DAC.a(ADC_SAR_2_theACLK.o)
                0x0000148c                ADC_SAR_2_theACLK_SetModeRegister
 .text.Filter_Init
                0x000014c0      0x11c .\ARM_GCC_493\Debug\ADC_DAC.a(Filter.o)
                0x000014c0                Filter_Init
 .text.Filter_Enable
                0x000015dc       0x48 .\ARM_GCC_493\Debug\ADC_DAC.a(Filter.o)
                0x000015dc                Filter_Enable
 .text.Filter_Start
                0x00001624       0x20 .\ARM_GCC_493\Debug\ADC_DAC.a(Filter.o)
                0x00001624                Filter_Start
 .text.Filter_SetInterruptMode
                0x00001644       0x28 .\ARM_GCC_493\Debug\ADC_DAC.a(Filter_PVT.o)
                0x00001644                Filter_SetInterruptMode
 .text.Filter_SetDMAMode
                0x0000166c       0x28 .\ARM_GCC_493\Debug\ADC_DAC.a(Filter_PVT.o)
                0x0000166c                Filter_SetDMAMode
 .text.Opamp_3_Init
                0x00001694        0xc .\ARM_GCC_493\Debug\ADC_DAC.a(Opamp_3.o)
                0x00001694                Opamp_3_Init
 .text.Opamp_3_Enable
                0x000016a0       0x48 .\ARM_GCC_493\Debug\ADC_DAC.a(Opamp_3.o)
                0x000016a0                Opamp_3_Enable
 .text.Opamp_3_Start
                0x000016e8       0x20 .\ARM_GCC_493\Debug\ADC_DAC.a(Opamp_3.o)
                0x000016e8                Opamp_3_Start
 .text.Opamp_3_SetPower
                0x00001708       0x40 .\ARM_GCC_493\Debug\ADC_DAC.a(Opamp_3.o)
                0x00001708                Opamp_3_SetPower
 .text.SPI_DAC_Init
                0x00001748       0x30 .\ARM_GCC_493\Debug\ADC_DAC.a(SPI_DAC.o)
                0x00001748                SPI_DAC_Init
 .text.SPI_DAC_Enable
                0x00001778       0x64 .\ARM_GCC_493\Debug\ADC_DAC.a(SPI_DAC.o)
                0x00001778                SPI_DAC_Enable
 .text.SPI_DAC_Start
                0x000017dc       0x20 .\ARM_GCC_493\Debug\ADC_DAC.a(SPI_DAC.o)
                0x000017dc                SPI_DAC_Start
 .text.SPI_DAC_EnableTxInt
                0x000017fc        0xc .\ARM_GCC_493\Debug\ADC_DAC.a(SPI_DAC.o)
                0x000017fc                SPI_DAC_EnableTxInt
 .text.SPI_DAC_EnableRxInt
                0x00001808        0xc .\ARM_GCC_493\Debug\ADC_DAC.a(SPI_DAC.o)
                0x00001808                SPI_DAC_EnableRxInt
 .text.SPI_DAC_ReadTxStatus
                0x00001814       0x20 .\ARM_GCC_493\Debug\ADC_DAC.a(SPI_DAC.o)
                0x00001814                SPI_DAC_ReadTxStatus
 .text.SPI_DAC_ReadRxStatus
                0x00001834       0x20 .\ARM_GCC_493\Debug\ADC_DAC.a(SPI_DAC.o)
                0x00001834                SPI_DAC_ReadRxStatus
 .text.SPI_DAC_WriteTxData
                0x00001854       0x34 .\ARM_GCC_493\Debug\ADC_DAC.a(SPI_DAC.o)
                0x00001854                SPI_DAC_WriteTxData
 .text.SPI_DAC_ClearFIFO
                0x00001888       0x80 .\ARM_GCC_493\Debug\ADC_DAC.a(SPI_DAC.o)
                0x00001888                SPI_DAC_ClearFIFO
 .text.SPI_DAC_IntClock_Start
                0x00001908       0x34 .\ARM_GCC_493\Debug\ADC_DAC.a(SPI_DAC_IntClock.o)
                0x00001908                SPI_DAC_IntClock_Start
 *fill*         0x0000193c        0x4 
 .text          0x00001940       0x20 .\ARM_GCC_493\Debug\ADC_DAC.a(CyBootAsmGnu.o)
                0x00001940                CyDelayCycles
                0x00001950                CyEnterCriticalSection
                0x00001958                CyExitCriticalSection
 .text.__errno  0x00001960        0xc c:/program files (x86)/cypress/psoc creator/4.0/psoc creator/import/gnu/arm/4.9.3/bin/../lib/gcc/arm-none-eabi/4.9.3/../../../../arm-none-eabi/lib/armv7-m\libg_nano.a(lib_a-errno.o)
                0x00001960                __errno
 .text.__libc_init_array
                0x0000196c       0x4c c:/program files (x86)/cypress/psoc creator/4.0/psoc creator/import/gnu/arm/4.9.3/bin/../lib/gcc/arm-none-eabi/4.9.3/../../../../arm-none-eabi/lib/armv7-m\libg_nano.a(lib_a-init.o)
                0x0000196c                __libc_init_array
 .text.memcpy   0x000019b8       0x16 c:/program files (x86)/cypress/psoc creator/4.0/psoc creator/import/gnu/arm/4.9.3/bin/../lib/gcc/arm-none-eabi/4.9.3/../../../../arm-none-eabi/lib/armv7-m\libg_nano.a(lib_a-memcpy.o)
                0x000019b8                memcpy
 .text.memset   0x000019ce       0x10 c:/program files (x86)/cypress/psoc creator/4.0/psoc creator/import/gnu/arm/4.9.3/bin/../lib/gcc/arm-none-eabi/4.9.3/../../../../arm-none-eabi/lib/armv7-m\libg_nano.a(lib_a-memset.o)
                0x000019ce                memset
 *(.plt)
 *(.gnu.warning)
 *(.glue_7t)
 .glue_7t       0x00000000        0x0 linker stubs
 *(.glue_7)
 .glue_7        0x00000000        0x0 linker stubs
 *(.vfp11_veneer)
 .vfp11_veneer  0x00000000        0x0 linker stubs
 *(.bootloader)
 *(.ARM.extab* .gnu.linkonce.armextab.*)
 *(.gcc_except_table)

.v4_bx          0x000019e0        0x0
 .v4_bx         0x00000000        0x0 linker stubs

.iplt           0x000019e0        0x0
 .iplt          0x00000000        0x0 c:/program files (x86)/cypress/psoc creator/4.0/psoc creator/import/gnu/arm/4.9.3/bin/../lib/gcc/arm-none-eabi/4.9.3/armv7-m/crtbegin.o

.eh_frame_hdr
 *(.eh_frame_hdr)

.eh_frame       0x000019e0        0x4
 *(.eh_frame)
 .eh_frame      0x000019e0        0x0 c:/program files (x86)/cypress/psoc creator/4.0/psoc creator/import/gnu/arm/4.9.3/bin/../lib/gcc/arm-none-eabi/4.9.3/armv7-m/crtbegin.o
 .eh_frame      0x000019e0        0x4 c:/program files (x86)/cypress/psoc creator/4.0/psoc creator/import/gnu/arm/4.9.3/bin/../lib/gcc/arm-none-eabi/4.9.3/armv7-m/crtend.o
                0x000019e4                PROVIDE (__exidx_start, .)

.ARM.exidx
 *(.ARM.exidx* .gnu.linkonce.armexidx.*)
                0x000019e4                __exidx_end = .

.rodata         0x000019e4      0x704
 *(.rodata .rodata.* .gnu.linkonce.r.*)
 .rodata        0x000019e4       0x10 .\ARM_GCC_493\Debug\main.o
 .rodata        0x000019f4       0x3c .\ARM_GCC_493\Debug\ADC_DAC.a(cyfitter_cfg.o)
 .rodata        0x00001a30       0x40 .\ARM_GCC_493\Debug\ADC_DAC.a(LCD_Char_1_CustChars.o)
                0x00001a30                LCD_Char_1_customFonts
 .rodata        0x00001a70      0x640 .\ARM_GCC_493\Debug\ADC_DAC.a(Filter_RAM_Data.o)
                0x00001a70                Filter_control
                0x00001b70                Filter_data_a
                0x00001d70                Filter_data_b
                0x00001f70                Filter_acu
                0x00001fb0                Filter_cfsm
 .rodata.str1.1
                0x000020b0        0x2 c:/program files (x86)/cypress/psoc creator/4.0/psoc creator/import/gnu/arm/4.9.3/bin/../lib/gcc/arm-none-eabi/4.9.3/../../../../arm-none-eabi/lib/armv7-m\libg_nano.a(lib_a-impure.o)
                0x000020b4                . = ALIGN (0x4)
 *fill*         0x000020b2        0x2 
 *(.init)
 .init          0x000020b4        0x4 c:/program files (x86)/cypress/psoc creator/4.0/psoc creator/import/gnu/arm/4.9.3/bin/../lib/gcc/arm-none-eabi/4.9.3/armv7-m/crti.o
                0x000020b4                _init
 .init          0x000020b8        0x8 c:/program files (x86)/cypress/psoc creator/4.0/psoc creator/import/gnu/arm/4.9.3/bin/../lib/gcc/arm-none-eabi/4.9.3/armv7-m/crtn.o
                0x000020c0                . = ALIGN (0x4)
                0x000020c0                __preinit_array_start = .
 *(.preinit_array)
                0x000020c0                __preinit_array_end = .
                0x000020c0                . = ALIGN (0x4)
                0x000020c0                __init_array_start = .
 *(SORT(.init_array.*))
 *(.init_array)
 .init_array    0x000020c0        0x4 c:/program files (x86)/cypress/psoc creator/4.0/psoc creator/import/gnu/arm/4.9.3/bin/../lib/gcc/arm-none-eabi/4.9.3/armv7-m/crtbegin.o
 .init_array    0x000020c4        0x4 .\ARM_GCC_493\Debug\Cm3Start.o
                0x000020c8                __init_array_end = .
                0x000020c8                . = ALIGN (0x4)
 *(.fini)
 .fini          0x000020c8        0x4 c:/program files (x86)/cypress/psoc creator/4.0/psoc creator/import/gnu/arm/4.9.3/bin/../lib/gcc/arm-none-eabi/4.9.3/armv7-m/crti.o
                0x000020c8                _fini
 .fini          0x000020cc        0x8 c:/program files (x86)/cypress/psoc creator/4.0/psoc creator/import/gnu/arm/4.9.3/bin/../lib/gcc/arm-none-eabi/4.9.3/armv7-m/crtn.o
                0x000020d4                . = ALIGN (0x4)
                0x000020d4                __fini_array_start = .
 *(.fini_array)
 .fini_array    0x000020d4        0x4 c:/program files (x86)/cypress/psoc creator/4.0/psoc creator/import/gnu/arm/4.9.3/bin/../lib/gcc/arm-none-eabi/4.9.3/armv7-m/crtbegin.o
 *(SORT(.fini_array.*))
                0x000020d8                __fini_array_end = .
                0x000020d8                . = ALIGN (0x4)
 *crtbegin.o(.ctors)
 *(EXCLUDE_FILE(*crtend.o) .ctors)
 *(SORT(.ctors.*))
 *crtend.o(.ctors)
                0x000020d8                . = ALIGN (0x4)
 *crtbegin.o(.dtors)
 *(EXCLUDE_FILE(*crtend.o) .dtors)
 *(SORT(.dtors.*))
 *crtend.o(.dtors)
                0x000020d8                . = ALIGN (0x4)
                0x000020d8                __cy_regions = .
                0x000020d8        0x4 LONG 0x20e8 __cy_region_init_ram
                0x000020dc        0x4 LONG 0x1fff8108 __cy_region_start_data
                0x000020e0        0x4 LONG 0x80 __cy_region_init_size_ram
                0x000020e4        0x4 LONG 0x48 __cy_region_zero_size_ram
                0x000020e8                __cy_regions_end = .
                0x000020e8                . = ALIGN (0x8)
                0x000020e8                _etext = .

.cy_checksum_exclude
                0x000020e8        0x0
 *(.cy_checksum_exclude)

.ramvectors     0x1fff8000      0x100
                0x1fff8000                __cy_region_start_ram = .
 *(.ramvectors)
 .ramvectors    0x1fff8000      0x100 .\ARM_GCC_493\Debug\Cm3Start.o
                0x1fff8000                CyRamVectors

.noinit         0x1fff8100        0x5
 *(.noinit)
 .noinit        0x1fff8100        0x4 .\ARM_GCC_493\Debug\Cm3Start.o
 .noinit        0x1fff8104        0x1 .\ARM_GCC_493\Debug\ADC_DAC.a(CyLib.o)
                0x1fff8104                CyResetStatus

.data           0x1fff8108       0x80 load address 0x000020e8
                0x1fff8108                __cy_region_start_data = .
 *(.jcr)
 .jcr           0x1fff8108        0x0 c:/program files (x86)/cypress/psoc creator/4.0/psoc creator/import/gnu/arm/4.9.3/bin/../lib/gcc/arm-none-eabi/4.9.3/armv7-m/crtbegin.o
 .jcr           0x1fff8108        0x4 c:/program files (x86)/cypress/psoc creator/4.0/psoc creator/import/gnu/arm/4.9.3/bin/../lib/gcc/arm-none-eabi/4.9.3/armv7-m/crtend.o
 *(.got.plt)
 *(.got)
 *(.shdata)
 *(.data .data.* .gnu.linkonce.d.*)
 .data          0x1fff810c        0x8 .\ARM_GCC_493\Debug\ADC_DAC.a(CyDmac.o)
 .data          0x1fff8114       0x10 .\ARM_GCC_493\Debug\ADC_DAC.a(CyLib.o)
                0x1fff8114                cydelay_freq_hz
                0x1fff8118                cydelay_freq_khz
                0x1fff811c                cydelay_freq_mhz
                0x1fff8120                cydelay_32k_ms
 .data.impure_data
                0x1fff8124       0x60 c:/program files (x86)/cypress/psoc creator/4.0/psoc creator/import/gnu/arm/4.9.3/bin/../lib/gcc/arm-none-eabi/4.9.3/../../../../arm-none-eabi/lib/armv7-m\libg_nano.a(lib_a-impure.o)
 .data._impure_ptr
                0x1fff8184        0x4 c:/program files (x86)/cypress/psoc creator/4.0/psoc creator/import/gnu/arm/4.9.3/bin/../lib/gcc/arm-none-eabi/4.9.3/../../../../arm-none-eabi/lib/armv7-m\libg_nano.a(lib_a-impure.o)
                0x1fff8184                _impure_ptr
                0x1fff8188                . = ALIGN (0x8)
 *(.ram)
                0x1fff8188                _edata = .

.igot.plt       0x1fff8188        0x0 load address 0x00002168
 .igot.plt      0x00000000        0x0 c:/program files (x86)/cypress/psoc creator/4.0/psoc creator/import/gnu/arm/4.9.3/bin/../lib/gcc/arm-none-eabi/4.9.3/armv7-m/crtbegin.o

.bss            0x1fff8188       0x48 load address 0x00002168
                0x1fff8188                PROVIDE (__bss_start__, .)
 *(.shbss)
 *(.bss .bss.* .gnu.linkonce.b.*)
 .bss           0x1fff8188       0x1c c:/program files (x86)/cypress/psoc creator/4.0/psoc creator/import/gnu/arm/4.9.3/bin/../lib/gcc/arm-none-eabi/4.9.3/armv7-m/crtbegin.o
 .bss           0x1fff81a4        0x2 .\ARM_GCC_493\Debug\main.o
                0x1fff81a4                val
                0x1fff81a5                dataready
 .bss           0x1fff81a6        0x2 .\ARM_GCC_493\Debug\ADC_DAC.a(LCD_Char_1.o)
                0x1fff81a6                LCD_Char_1_enableState
                0x1fff81a7                LCD_Char_1_initVar
 .bss           0x1fff81a8        0x1 .\ARM_GCC_493\Debug\ADC_DAC.a(ADC_SAR_1.o)
                0x1fff81a8                ADC_SAR_1_initVar
 .bss           0x1fff81a9        0x1 .\ARM_GCC_493\Debug\ADC_DAC.a(Opamp_1.o)
                0x1fff81a9                Opamp_1_initVar
 .bss           0x1fff81aa        0x1 .\ARM_GCC_493\Debug\ADC_DAC.a(Opamp_2.o)
                0x1fff81aa                Opamp_2_initVar
 .bss           0x1fff81ab        0x1 .\ARM_GCC_493\Debug\ADC_DAC.a(ADC_SAR_2.o)
                0x1fff81ab                ADC_SAR_2_initVar
 .bss           0x1fff81ac        0x1 .\ARM_GCC_493\Debug\ADC_DAC.a(Filter.o)
                0x1fff81ac                Filter_initVar
 .bss           0x1fff81ad        0x1 .\ARM_GCC_493\Debug\ADC_DAC.a(Opamp_3.o)
                0x1fff81ad                Opamp_3_initVar
 .bss           0x1fff81ae        0x1 .\ARM_GCC_493\Debug\ADC_DAC.a(SPI_DAC.o)
                0x1fff81ae                SPI_DAC_initVar
 *(COMMON)
 *fill*         0x1fff81af        0x1 
 COMMON         0x1fff81b0        0x4 .\ARM_GCC_493\Debug\main.o
                0x1fff81b0                POT_READ_SCALED
                0x1fff81b2                EFFECT_ADC
 COMMON         0x1fff81b4        0xa .\ARM_GCC_493\Debug\ADC_DAC.a(ADC_SAR_1.o)
                0x1fff81b4                ADC_SAR_1_countsPerVolt
                0x1fff81b6                ADC_SAR_1_shift
                0x1fff81b8                ADC_SAR_1_countsPer10Volt
                0x1fff81bc                ADC_SAR_1_offset
 *fill*         0x1fff81be        0x2 
 COMMON         0x1fff81c0        0xa .\ARM_GCC_493\Debug\ADC_DAC.a(ADC_SAR_2.o)
                0x1fff81c0                ADC_SAR_2_countsPer10Volt
                0x1fff81c4                ADC_SAR_2_shift
                0x1fff81c6                ADC_SAR_2_offset
                0x1fff81c8                ADC_SAR_2_countsPerVolt
                0x1fff81d0                . = ALIGN (0x8)
 *fill*         0x1fff81ca        0x6 
 *(.ram.b)
                0x1fff81d0                _end = .
                0x1fff81d0                __end = .
                0x1fff81d0                PROVIDE (end, .)
                0x1fff81d0                PROVIDE (__bss_end__, .)
                0x000020e8                __cy_region_init_ram = LOADADDR (.data)
                0x00000080                __cy_region_init_size_ram = (_edata - ADDR (.data))
                0x00000048                __cy_region_zero_size_ram = (_end - _edata)

.heap           0x1fff81d0       0x80 load address 0x00002168
                0x1fff81d0                . = _end
                0x1fff8250                . = (. + 0x80)
 *fill*         0x1fff81d0       0x80 
                0x1fff8250                __cy_heap_limit = .

.stack          0x20007800      0x800
                0x20007800                __cy_stack_limit = .
                0x20008000                . = (. + 0x800)
 *fill*         0x20007800      0x800 
                0x00000001                ASSERT ((__cy_stack_limit >= __cy_heap_limit), region RAM overflowed with stack)
                0x00000000                cy_checksum_exclude_size = (CY_APPL_LOADABLE == 0x1)?SIZEOF (.cy_checksum_exclude):0x0
                0x00000001                ASSERT ((cy_checksum_exclude_size <= CY_CHECKSUM_EXCLUDE_SIZE), CY_BOOT: Section .cy_checksum_exclude size exceedes specified limit.)

.cyloadermeta
 *(.cyloadermeta)

.cyloadablemeta
 *(.cyloadablemeta)

.cyconfigecc    0x80000000      0x5d8
 *(.cyconfigecc)
 .cyconfigecc   0x80000000      0x5d8 .\ARM_GCC_493\Debug\cymetadata.o
                0x80000000                cy_meta_configecc

.cycustnvl      0x90000000        0x4
 *(.cycustnvl)
 .cycustnvl     0x90000000        0x4 .\ARM_GCC_493\Debug\cymetadata.o
                0x90000000                cy_meta_custnvl

.cywolatch      0x90100000        0x4
 *(.cywolatch)
 .cywolatch     0x90100000        0x4 .\ARM_GCC_493\Debug\cymetadata.o
                0x90100000                cy_meta_wonvl

.cyeeprom       0x90200000        0x0
 *(.cyeeprom)
                0x00000001                ASSERT ((. <= ((0x90200000 + ee_offset) + ee_size)), .cyeeprom data will not fit in EEPROM)

.cyflashprotect
                0x90400000      0x100
 *(.cyflashprotect)
 .cyflashprotect
                0x90400000      0x100 .\ARM_GCC_493\Debug\cymetadata.o
                0x90400000                cy_meta_flashprotect

.cymeta         0x90500000        0xc
 *(.cymeta)
 .cymeta        0x90500000        0xc .\ARM_GCC_493\Debug\cymetadata.o
                0x90500000                cy_metadata

.rel.dyn        0x00002168        0x0 load address 0x9050000c
 .rel.iplt      0x00000000        0x0 c:/program files (x86)/cypress/psoc creator/4.0/psoc creator/import/gnu/arm/4.9.3/bin/../lib/gcc/arm-none-eabi/4.9.3/armv7-m/crtbegin.o

.stab
 *(.stab)

.stabstr
 *(.stabstr)

.debug
 *(.debug)

.line
 *(.line)

.debug_srcinfo
 *(.debug_srcinfo)

.debug_sfnames
 *(.debug_sfnames)

.debug_aranges  0x00000000      0xc00
 *(.debug_aranges)
 .debug_aranges
                0x00000000       0x28 .\ARM_GCC_493\Debug\main.o
 .debug_aranges
                0x00000028       0x18 .\ARM_GCC_493\Debug\cymetadata.o
 .debug_aranges
                0x00000040       0x48 .\ARM_GCC_493\Debug\Cm3Start.o
 .debug_aranges
                0x00000088       0x60 .\ARM_GCC_493\Debug\ADC_DAC.a(cyfitter_cfg.o)
 .debug_aranges
                0x000000e8       0x98 .\ARM_GCC_493\Debug\ADC_DAC.a(LCD_Char_1.o)
 .debug_aranges
                0x00000180       0x20 .\ARM_GCC_493\Debug\ADC_DAC.a(LCD_Char_1_CustChars.o)
 .debug_aranges
                0x000001a0       0xd8 .\ARM_GCC_493\Debug\ADC_DAC.a(CyDmac.o)
 .debug_aranges
                0x00000278      0x2a0 .\ARM_GCC_493\Debug\ADC_DAC.a(CyLib.o)
 .debug_aranges
                0x00000518       0x98 .\ARM_GCC_493\Debug\ADC_DAC.a(cyPm.o)
 .debug_aranges
                0x000005b0       0xa8 .\ARM_GCC_493\Debug\ADC_DAC.a(ADC_SAR_1.o)
 .debug_aranges
                0x00000658       0x20 .\ARM_GCC_493\Debug\ADC_DAC.a(ADC_SAR_1_INT.o)
 .debug_aranges
                0x00000678       0x40 .\ARM_GCC_493\Debug\ADC_DAC.a(Opamp_1.o)
 .debug_aranges
                0x000006b8       0x40 .\ARM_GCC_493\Debug\ADC_DAC.a(Opamp_2.o)
 .debug_aranges
                0x000006f8       0x70 .\ARM_GCC_493\Debug\ADC_DAC.a(ADC_SAR_1_theACLK.o)
 .debug_aranges
                0x00000768       0xa8 .\ARM_GCC_493\Debug\ADC_DAC.a(ADC_SAR_2.o)
 .debug_aranges
                0x00000810       0x20 .\ARM_GCC_493\Debug\ADC_DAC.a(ADC_SAR_2_INT.o)
 .debug_aranges
                0x00000830       0x70 .\ARM_GCC_493\Debug\ADC_DAC.a(ADC_SAR_2_theACLK.o)
 .debug_aranges
                0x000008a0       0x80 .\ARM_GCC_493\Debug\ADC_DAC.a(Filter.o)
 .debug_aranges
                0x00000920       0x28 .\ARM_GCC_493\Debug\ADC_DAC.a(Filter_PVT.o)
 .debug_aranges
                0x00000948       0x18 .\ARM_GCC_493\Debug\ADC_DAC.a(Filter_RAM_Data.o)
 .debug_aranges
                0x00000960       0x40 .\ARM_GCC_493\Debug\ADC_DAC.a(Opamp_3.o)
 .debug_aranges
                0x000009a0       0xd8 .\ARM_GCC_493\Debug\ADC_DAC.a(SPI_DAC.o)
 .debug_aranges
                0x00000a78       0x70 .\ARM_GCC_493\Debug\ADC_DAC.a(SPI_DAC_IntClock.o)
 .debug_aranges
                0x00000ae8       0x20 .\ARM_GCC_493\Debug\ADC_DAC.a(CyBootAsmGnu.o)
 .debug_aranges
                0x00000b08       0x80 .\ARM_GCC_493\Debug\ADC_DAC.a(CyFlash.o)
 .debug_aranges
                0x00000b88       0x78 .\ARM_GCC_493\Debug\ADC_DAC.a(CySpc.o)

.debug_pubnames
 *(.debug_pubnames)

.debug_info     0x00000000     0x5238
 *(.debug_info .gnu.linkonce.wi.*)
 .debug_info    0x00000000      0x198 .\ARM_GCC_493\Debug\main.o
 .debug_info    0x00000198      0x13d .\ARM_GCC_493\Debug\cymetadata.o
 .debug_info    0x000002d5      0x319 .\ARM_GCC_493\Debug\Cm3Start.o
 .debug_info    0x000005ee      0x47a .\ARM_GCC_493\Debug\ADC_DAC.a(cyfitter_cfg.o)
 .debug_info    0x00000a68      0x3e8 .\ARM_GCC_493\Debug\ADC_DAC.a(LCD_Char_1.o)
 .debug_info    0x00000e50       0xf7 .\ARM_GCC_493\Debug\ADC_DAC.a(LCD_Char_1_CustChars.o)
 .debug_info    0x00000f47      0x8b4 .\ARM_GCC_493\Debug\ADC_DAC.a(CyDmac.o)
 .debug_info    0x000017fb      0xe4a .\ARM_GCC_493\Debug\ADC_DAC.a(CyLib.o)
 .debug_info    0x00002645      0x561 .\ARM_GCC_493\Debug\ADC_DAC.a(cyPm.o)
 .debug_info    0x00002ba6      0x478 .\ARM_GCC_493\Debug\ADC_DAC.a(ADC_SAR_1.o)
 .debug_info    0x0000301e       0x92 .\ARM_GCC_493\Debug\ADC_DAC.a(ADC_SAR_1_INT.o)
 .debug_info    0x000030b0      0x11e .\ARM_GCC_493\Debug\ADC_DAC.a(Opamp_1.o)
 .debug_info    0x000031ce      0x11e .\ARM_GCC_493\Debug\ADC_DAC.a(Opamp_2.o)
 .debug_info    0x000032ec      0x25d .\ARM_GCC_493\Debug\ADC_DAC.a(ADC_SAR_1_theACLK.o)
 .debug_info    0x00003549      0x478 .\ARM_GCC_493\Debug\ADC_DAC.a(ADC_SAR_2.o)
 .debug_info    0x000039c1       0x92 .\ARM_GCC_493\Debug\ADC_DAC.a(ADC_SAR_2_INT.o)
 .debug_info    0x00003a53      0x25d .\ARM_GCC_493\Debug\ADC_DAC.a(ADC_SAR_2_theACLK.o)
 .debug_info    0x00003cb0      0x3aa .\ARM_GCC_493\Debug\ADC_DAC.a(Filter.o)
 .debug_info    0x0000405a       0xe9 .\ARM_GCC_493\Debug\ADC_DAC.a(Filter_PVT.o)
 .debug_info    0x00004143      0x12b .\ARM_GCC_493\Debug\ADC_DAC.a(Filter_RAM_Data.o)
 .debug_info    0x0000426e      0x11e .\ARM_GCC_493\Debug\ADC_DAC.a(Opamp_3.o)
 .debug_info    0x0000438c      0x40a .\ARM_GCC_493\Debug\ADC_DAC.a(SPI_DAC.o)
 .debug_info    0x00004796      0x25d .\ARM_GCC_493\Debug\ADC_DAC.a(SPI_DAC_IntClock.o)
 .debug_info    0x000049f3       0x88 .\ARM_GCC_493\Debug\ADC_DAC.a(CyBootAsmGnu.o)
 .debug_info    0x00004a7b      0x36a .\ARM_GCC_493\Debug\ADC_DAC.a(CyFlash.o)
 .debug_info    0x00004de5      0x453 .\ARM_GCC_493\Debug\ADC_DAC.a(CySpc.o)

.debug_abbrev   0x00000000     0x1aa3
 *(.debug_abbrev)
 .debug_abbrev  0x00000000       0xd2 .\ARM_GCC_493\Debug\main.o
 .debug_abbrev  0x000000d2       0x77 .\ARM_GCC_493\Debug\cymetadata.o
 .debug_abbrev  0x00000149      0x1b6 .\ARM_GCC_493\Debug\Cm3Start.o
 .debug_abbrev  0x000002ff      0x1b7 .\ARM_GCC_493\Debug\ADC_DAC.a(cyfitter_cfg.o)
 .debug_abbrev  0x000004b6      0x131 .\ARM_GCC_493\Debug\ADC_DAC.a(LCD_Char_1.o)
 .debug_abbrev  0x000005e7       0xa2 .\ARM_GCC_493\Debug\ADC_DAC.a(LCD_Char_1_CustChars.o)
 .debug_abbrev  0x00000689      0x194 .\ARM_GCC_493\Debug\ADC_DAC.a(CyDmac.o)
 .debug_abbrev  0x0000081d      0x217 .\ARM_GCC_493\Debug\ADC_DAC.a(CyLib.o)
 .debug_abbrev  0x00000a34      0x161 .\ARM_GCC_493\Debug\ADC_DAC.a(cyPm.o)
 .debug_abbrev  0x00000b95      0x173 .\ARM_GCC_493\Debug\ADC_DAC.a(ADC_SAR_1.o)
 .debug_abbrev  0x00000d08       0x42 .\ARM_GCC_493\Debug\ADC_DAC.a(ADC_SAR_1_INT.o)
 .debug_abbrev  0x00000d4a       0xa8 .\ARM_GCC_493\Debug\ADC_DAC.a(Opamp_1.o)
 .debug_abbrev  0x00000df2       0xa8 .\ARM_GCC_493\Debug\ADC_DAC.a(Opamp_2.o)
 .debug_abbrev  0x00000e9a      0x11d .\ARM_GCC_493\Debug\ADC_DAC.a(ADC_SAR_1_theACLK.o)
 .debug_abbrev  0x00000fb7      0x173 .\ARM_GCC_493\Debug\ADC_DAC.a(ADC_SAR_2.o)
 .debug_abbrev  0x0000112a       0x42 .\ARM_GCC_493\Debug\ADC_DAC.a(ADC_SAR_2_INT.o)
 .debug_abbrev  0x0000116c      0x11d .\ARM_GCC_493\Debug\ADC_DAC.a(ADC_SAR_2_theACLK.o)
 .debug_abbrev  0x00001289      0x15e .\ARM_GCC_493\Debug\ADC_DAC.a(Filter.o)
 .debug_abbrev  0x000013e7       0x7f .\ARM_GCC_493\Debug\ADC_DAC.a(Filter_PVT.o)
 .debug_abbrev  0x00001466       0x66 .\ARM_GCC_493\Debug\ADC_DAC.a(Filter_RAM_Data.o)
 .debug_abbrev  0x000014cc       0xa8 .\ARM_GCC_493\Debug\ADC_DAC.a(Opamp_3.o)
 .debug_abbrev  0x00001574      0x156 .\ARM_GCC_493\Debug\ADC_DAC.a(SPI_DAC.o)
 .debug_abbrev  0x000016ca      0x11d .\ARM_GCC_493\Debug\ADC_DAC.a(SPI_DAC_IntClock.o)
 .debug_abbrev  0x000017e7       0x14 .\ARM_GCC_493\Debug\ADC_DAC.a(CyBootAsmGnu.o)
 .debug_abbrev  0x000017fb      0x13c .\ARM_GCC_493\Debug\ADC_DAC.a(CyFlash.o)
 .debug_abbrev  0x00001937      0x16c .\ARM_GCC_493\Debug\ADC_DAC.a(CySpc.o)

.debug_line     0x00000000     0x2c58
 *(.debug_line)
 .debug_line    0x00000000      0x1b2 .\ARM_GCC_493\Debug\main.o
 .debug_line    0x000001b2       0x51 .\ARM_GCC_493\Debug\cymetadata.o
 .debug_line    0x00000203      0x1db .\ARM_GCC_493\Debug\Cm3Start.o
 .debug_line    0x000003de      0x238 .\ARM_GCC_493\Debug\ADC_DAC.a(cyfitter_cfg.o)
 .debug_line    0x00000616      0x1f9 .\ARM_GCC_493\Debug\ADC_DAC.a(LCD_Char_1.o)
 .debug_line    0x0000080f       0x82 .\ARM_GCC_493\Debug\ADC_DAC.a(LCD_Char_1_CustChars.o)
 .debug_line    0x00000891      0x2b5 .\ARM_GCC_493\Debug\ADC_DAC.a(CyDmac.o)
 .debug_line    0x00000b46      0x882 .\ARM_GCC_493\Debug\ADC_DAC.a(CyLib.o)
 .debug_line    0x000013c8      0x37f .\ARM_GCC_493\Debug\ADC_DAC.a(cyPm.o)
 .debug_line    0x00001747      0x20d .\ARM_GCC_493\Debug\ADC_DAC.a(ADC_SAR_1.o)
 .debug_line    0x00001954       0x59 .\ARM_GCC_493\Debug\ADC_DAC.a(ADC_SAR_1_INT.o)
 .debug_line    0x000019ad       0xaf .\ARM_GCC_493\Debug\ADC_DAC.a(Opamp_1.o)
 .debug_line    0x00001a5c       0xaf .\ARM_GCC_493\Debug\ADC_DAC.a(Opamp_2.o)
 .debug_line    0x00001b0b      0x1ac .\ARM_GCC_493\Debug\ADC_DAC.a(ADC_SAR_1_theACLK.o)
 .debug_line    0x00001cb7      0x20d .\ARM_GCC_493\Debug\ADC_DAC.a(ADC_SAR_2.o)
 .debug_line    0x00001ec4       0x59 .\ARM_GCC_493\Debug\ADC_DAC.a(ADC_SAR_2_INT.o)
 .debug_line    0x00001f1d      0x1ac .\ARM_GCC_493\Debug\ADC_DAC.a(ADC_SAR_2_theACLK.o)
 .debug_line    0x000020c9      0x180 .\ARM_GCC_493\Debug\ADC_DAC.a(Filter.o)
 .debug_line    0x00002249       0x76 .\ARM_GCC_493\Debug\ADC_DAC.a(Filter_PVT.o)
 .debug_line    0x000022bf       0x56 .\ARM_GCC_493\Debug\ADC_DAC.a(Filter_RAM_Data.o)
 .debug_line    0x00002315       0xaf .\ARM_GCC_493\Debug\ADC_DAC.a(Opamp_3.o)
 .debug_line    0x000023c4      0x269 .\ARM_GCC_493\Debug\ADC_DAC.a(SPI_DAC.o)
 .debug_line    0x0000262d      0x1ab .\ARM_GCC_493\Debug\ADC_DAC.a(SPI_DAC_IntClock.o)
 .debug_line    0x000027d8       0x66 .\ARM_GCC_493\Debug\ADC_DAC.a(CyBootAsmGnu.o)
 .debug_line    0x0000283e      0x205 .\ARM_GCC_493\Debug\ADC_DAC.a(CyFlash.o)
 .debug_line    0x00002a43      0x215 .\ARM_GCC_493\Debug\ADC_DAC.a(CySpc.o)

.debug_frame    0x00000000     0x3008
 *(.debug_frame)
 .debug_frame   0x00000000       0x58 .\ARM_GCC_493\Debug\main.o
 .debug_frame   0x00000058       0xd8 .\ARM_GCC_493\Debug\Cm3Start.o
 .debug_frame   0x00000130      0x16c .\ARM_GCC_493\Debug\ADC_DAC.a(cyfitter_cfg.o)
 .debug_frame   0x0000029c      0x260 .\ARM_GCC_493\Debug\ADC_DAC.a(LCD_Char_1.o)
 .debug_frame   0x000004fc       0x38 .\ARM_GCC_493\Debug\ADC_DAC.a(LCD_Char_1_CustChars.o)
 .debug_frame   0x00000534      0x3d0 .\ARM_GCC_493\Debug\ADC_DAC.a(CyDmac.o)
 .debug_frame   0x00000904      0xc0c .\ARM_GCC_493\Debug\ADC_DAC.a(CyLib.o)
 .debug_frame   0x00001510      0x234 .\ARM_GCC_493\Debug\ADC_DAC.a(cyPm.o)
 .debug_frame   0x00001744      0x2c0 .\ARM_GCC_493\Debug\ADC_DAC.a(ADC_SAR_1.o)
 .debug_frame   0x00001a04       0x34 .\ARM_GCC_493\Debug\ADC_DAC.a(ADC_SAR_1_INT.o)
 .debug_frame   0x00001a38       0xb8 .\ARM_GCC_493\Debug\ADC_DAC.a(Opamp_1.o)
 .debug_frame   0x00001af0       0xb8 .\ARM_GCC_493\Debug\ADC_DAC.a(Opamp_2.o)
 .debug_frame   0x00001ba8      0x1b4 .\ARM_GCC_493\Debug\ADC_DAC.a(ADC_SAR_1_theACLK.o)
 .debug_frame   0x00001d5c      0x2c0 .\ARM_GCC_493\Debug\ADC_DAC.a(ADC_SAR_2.o)
 .debug_frame   0x0000201c       0x34 .\ARM_GCC_493\Debug\ADC_DAC.a(ADC_SAR_2_INT.o)
 .debug_frame   0x00002050      0x1b4 .\ARM_GCC_493\Debug\ADC_DAC.a(ADC_SAR_2_theACLK.o)
 .debug_frame   0x00002204      0x204 .\ARM_GCC_493\Debug\ADC_DAC.a(Filter.o)
 .debug_frame   0x00002408       0x60 .\ARM_GCC_493\Debug\ADC_DAC.a(Filter_PVT.o)
 .debug_frame   0x00002468       0xb8 .\ARM_GCC_493\Debug\ADC_DAC.a(Opamp_3.o)
 .debug_frame   0x00002520      0x38c .\ARM_GCC_493\Debug\ADC_DAC.a(SPI_DAC.o)
 .debug_frame   0x000028ac      0x1b4 .\ARM_GCC_493\Debug\ADC_DAC.a(SPI_DAC_IntClock.o)
 .debug_frame   0x00002a60      0x210 .\ARM_GCC_493\Debug\ADC_DAC.a(CyFlash.o)
 .debug_frame   0x00002c70      0x1f8 .\ARM_GCC_493\Debug\ADC_DAC.a(CySpc.o)
 .debug_frame   0x00002e68       0x28 c:/program files (x86)/cypress/psoc creator/4.0/psoc creator/import/gnu/arm/4.9.3/bin/../lib/gcc/arm-none-eabi/4.9.3/armv7-m\libgcc.a(_aeabi_ldivmod.o)
 .debug_frame   0x00002e90       0x54 c:/program files (x86)/cypress/psoc creator/4.0/psoc creator/import/gnu/arm/4.9.3/bin/../lib/gcc/arm-none-eabi/4.9.3/armv7-m\libgcc.a(bpabi.o)
 .debug_frame   0x00002ee4       0x34 c:/program files (x86)/cypress/psoc creator/4.0/psoc creator/import/gnu/arm/4.9.3/bin/../lib/gcc/arm-none-eabi/4.9.3/armv7-m\libgcc.a(_divdi3.o)
 .debug_frame   0x00002f18       0x34 c:/program files (x86)/cypress/psoc creator/4.0/psoc creator/import/gnu/arm/4.9.3/bin/../lib/gcc/arm-none-eabi/4.9.3/armv7-m\libgcc.a(_udivdi3.o)
 .debug_frame   0x00002f4c       0x20 c:/program files (x86)/cypress/psoc creator/4.0/psoc creator/import/gnu/arm/4.9.3/bin/../lib/gcc/arm-none-eabi/4.9.3/../../../../arm-none-eabi/lib/armv7-m\libg_nano.a(lib_a-errno.o)
 .debug_frame   0x00002f6c       0x28 c:/program files (x86)/cypress/psoc creator/4.0/psoc creator/import/gnu/arm/4.9.3/bin/../lib/gcc/arm-none-eabi/4.9.3/../../../../arm-none-eabi/lib/armv7-m\libg_nano.a(lib_a-exit.o)
 .debug_frame   0x00002f94       0x2c c:/program files (x86)/cypress/psoc creator/4.0/psoc creator/import/gnu/arm/4.9.3/bin/../lib/gcc/arm-none-eabi/4.9.3/../../../../arm-none-eabi/lib/armv7-m\libg_nano.a(lib_a-init.o)
 .debug_frame   0x00002fc0       0x28 c:/program files (x86)/cypress/psoc creator/4.0/psoc creator/import/gnu/arm/4.9.3/bin/../lib/gcc/arm-none-eabi/4.9.3/../../../../arm-none-eabi/lib/armv7-m\libg_nano.a(lib_a-memcpy.o)
 .debug_frame   0x00002fe8       0x20 c:/program files (x86)/cypress/psoc creator/4.0/psoc creator/import/gnu/arm/4.9.3/bin/../lib/gcc/arm-none-eabi/4.9.3/../../../../arm-none-eabi/lib/armv7-m\libg_nano.a(lib_a-memset.o)

.debug_str      0x00000000     0x27b8
 *(.debug_str)
 .debug_str     0x00000000      0x1bd .\ARM_GCC_493\Debug\main.o
                                0x1fe (size before relaxing)
 .debug_str     0x000001bd       0x75 .\ARM_GCC_493\Debug\cymetadata.o
                                0x1e2 (size before relaxing)
 .debug_str     0x00000232      0x13c .\ARM_GCC_493\Debug\Cm3Start.o
                                0x2c3 (size before relaxing)
 .debug_str     0x0000036e      0x183 .\ARM_GCC_493\Debug\ADC_DAC.a(cyfitter_cfg.o)
                                0x32a (size before relaxing)
 .debug_str     0x000004f1      0x214 .\ARM_GCC_493\Debug\ADC_DAC.a(LCD_Char_1.o)
                                0x3a8 (size before relaxing)
 .debug_str     0x00000705       0x54 .\ARM_GCC_493\Debug\ADC_DAC.a(LCD_Char_1_CustChars.o)
                                0x1e0 (size before relaxing)
 .debug_str     0x00000759      0x375 .\ARM_GCC_493\Debug\ADC_DAC.a(CyDmac.o)
                                0x509 (size before relaxing)
 .debug_str     0x00000ace      0x7ca .\ARM_GCC_493\Debug\ADC_DAC.a(CyLib.o)
                                0x9d6 (size before relaxing)
 .debug_str     0x00001298      0x365 .\ARM_GCC_493\Debug\ADC_DAC.a(cyPm.o)
                                0x523 (size before relaxing)
 .debug_str     0x000015fd      0x260 .\ARM_GCC_493\Debug\ADC_DAC.a(ADC_SAR_1.o)
                                0x429 (size before relaxing)
 .debug_str     0x0000185d       0x35 .\ARM_GCC_493\Debug\ADC_DAC.a(ADC_SAR_1_INT.o)
                                0x193 (size before relaxing)
 .debug_str     0x00001892       0x79 .\ARM_GCC_493\Debug\ADC_DAC.a(Opamp_1.o)
                                0x1f1 (size before relaxing)
 .debug_str     0x0000190b       0x79 .\ARM_GCC_493\Debug\ADC_DAC.a(Opamp_2.o)
                                0x1f1 (size before relaxing)
 .debug_str     0x00001984      0x1da .\ARM_GCC_493\Debug\ADC_DAC.a(ADC_SAR_1_theACLK.o)
                                0x35e (size before relaxing)
 .debug_str     0x00001b5e      0x202 .\ARM_GCC_493\Debug\ADC_DAC.a(ADC_SAR_2.o)
                                0x429 (size before relaxing)
 .debug_str     0x00001d60       0x35 .\ARM_GCC_493\Debug\ADC_DAC.a(ADC_SAR_2_INT.o)
                                0x193 (size before relaxing)
 .debug_str     0x00001d95      0x18f .\ARM_GCC_493\Debug\ADC_DAC.a(ADC_SAR_2_theACLK.o)
                                0x35e (size before relaxing)
 .debug_str     0x00001f24      0x157 .\ARM_GCC_493\Debug\ADC_DAC.a(Filter.o)
                                0x2f7 (size before relaxing)
 .debug_str     0x0000207b       0x55 .\ARM_GCC_493\Debug\ADC_DAC.a(Filter_PVT.o)
                                0x1c7 (size before relaxing)
 .debug_str     0x000020d0       0x29 .\ARM_GCC_493\Debug\ADC_DAC.a(Filter_RAM_Data.o)
                                0x1d8 (size before relaxing)
 .debug_str     0x000020f9       0x79 .\ARM_GCC_493\Debug\ADC_DAC.a(Opamp_3.o)
                                0x1f1 (size before relaxing)
 .debug_str     0x00002172      0x266 .\ARM_GCC_493\Debug\ADC_DAC.a(SPI_DAC.o)
                                0x405 (size before relaxing)
 .debug_str     0x000023d8      0x183 .\ARM_GCC_493\Debug\ADC_DAC.a(SPI_DAC_IntClock.o)
                                0x352 (size before relaxing)
 .debug_str     0x0000255b      0x13e .\ARM_GCC_493\Debug\ADC_DAC.a(CyFlash.o)
                                0x2e2 (size before relaxing)
 .debug_str     0x00002699      0x11f .\ARM_GCC_493\Debug\ADC_DAC.a(CySpc.o)
                                0x2df (size before relaxing)

.debug_loc
 *(.debug_loc)

.debug_macinfo
 *(.debug_macinfo)

.debug_ranges   0x00000000      0xa40
 *(.debug_ranges)
 .debug_ranges  0x00000000       0x18 .\ARM_GCC_493\Debug\main.o
 .debug_ranges  0x00000018       0x38 .\ARM_GCC_493\Debug\Cm3Start.o
 .debug_ranges  0x00000050       0x50 .\ARM_GCC_493\Debug\ADC_DAC.a(cyfitter_cfg.o)
 .debug_ranges  0x000000a0       0x88 .\ARM_GCC_493\Debug\ADC_DAC.a(LCD_Char_1.o)
 .debug_ranges  0x00000128       0x10 .\ARM_GCC_493\Debug\ADC_DAC.a(LCD_Char_1_CustChars.o)
 .debug_ranges  0x00000138       0xc8 .\ARM_GCC_493\Debug\ADC_DAC.a(CyDmac.o)
 .debug_ranges  0x00000200      0x290 .\ARM_GCC_493\Debug\ADC_DAC.a(CyLib.o)
 .debug_ranges  0x00000490       0x88 .\ARM_GCC_493\Debug\ADC_DAC.a(cyPm.o)
 .debug_ranges  0x00000518       0x98 .\ARM_GCC_493\Debug\ADC_DAC.a(ADC_SAR_1.o)
 .debug_ranges  0x000005b0       0x10 .\ARM_GCC_493\Debug\ADC_DAC.a(ADC_SAR_1_INT.o)
 .debug_ranges  0x000005c0       0x30 .\ARM_GCC_493\Debug\ADC_DAC.a(Opamp_1.o)
 .debug_ranges  0x000005f0       0x30 .\ARM_GCC_493\Debug\ADC_DAC.a(Opamp_2.o)
 .debug_ranges  0x00000620       0x60 .\ARM_GCC_493\Debug\ADC_DAC.a(ADC_SAR_1_theACLK.o)
 .debug_ranges  0x00000680       0x98 .\ARM_GCC_493\Debug\ADC_DAC.a(ADC_SAR_2.o)
 .debug_ranges  0x00000718       0x10 .\ARM_GCC_493\Debug\ADC_DAC.a(ADC_SAR_2_INT.o)
 .debug_ranges  0x00000728       0x60 .\ARM_GCC_493\Debug\ADC_DAC.a(ADC_SAR_2_theACLK.o)
 .debug_ranges  0x00000788       0x70 .\ARM_GCC_493\Debug\ADC_DAC.a(Filter.o)
 .debug_ranges  0x000007f8       0x18 .\ARM_GCC_493\Debug\ADC_DAC.a(Filter_PVT.o)
 .debug_ranges  0x00000810       0x30 .\ARM_GCC_493\Debug\ADC_DAC.a(Opamp_3.o)
 .debug_ranges  0x00000840       0xc8 .\ARM_GCC_493\Debug\ADC_DAC.a(SPI_DAC.o)
 .debug_ranges  0x00000908       0x60 .\ARM_GCC_493\Debug\ADC_DAC.a(SPI_DAC_IntClock.o)
 .debug_ranges  0x00000968       0x70 .\ARM_GCC_493\Debug\ADC_DAC.a(CyFlash.o)
 .debug_ranges  0x000009d8       0x68 .\ARM_GCC_493\Debug\ADC_DAC.a(CySpc.o)

.comment        0x00000000       0x70
 .comment       0x00000000       0x70 .\ARM_GCC_493\Debug\main.o
                                 0x71 (size before relaxing)
 .comment       0x00000000       0x71 .\ARM_GCC_493\Debug\cymetadata.o
 .comment       0x00000000       0x71 .\ARM_GCC_493\Debug\Cm3Start.o
 .comment       0x00000000       0x71 .\ARM_GCC_493\Debug\ADC_DAC.a(cyfitter_cfg.o)
 .comment       0x00000000       0x71 .\ARM_GCC_493\Debug\ADC_DAC.a(LCD_Char_1.o)
 .comment       0x00000000       0x71 .\ARM_GCC_493\Debug\ADC_DAC.a(LCD_Char_1_CustChars.o)
 .comment       0x00000000       0x71 .\ARM_GCC_493\Debug\ADC_DAC.a(CyDmac.o)
 .comment       0x00000000       0x71 .\ARM_GCC_493\Debug\ADC_DAC.a(CyLib.o)
 .comment       0x00000000       0x71 .\ARM_GCC_493\Debug\ADC_DAC.a(cyPm.o)
 .comment       0x00000000       0x71 .\ARM_GCC_493\Debug\ADC_DAC.a(ADC_SAR_1.o)
 .comment       0x00000000       0x71 .\ARM_GCC_493\Debug\ADC_DAC.a(ADC_SAR_1_INT.o)
 .comment       0x00000000       0x71 .\ARM_GCC_493\Debug\ADC_DAC.a(Opamp_1.o)
 .comment       0x00000000       0x71 .\ARM_GCC_493\Debug\ADC_DAC.a(Opamp_2.o)
 .comment       0x00000000       0x71 .\ARM_GCC_493\Debug\ADC_DAC.a(ADC_SAR_1_theACLK.o)
 .comment       0x00000000       0x71 .\ARM_GCC_493\Debug\ADC_DAC.a(ADC_SAR_2.o)
 .comment       0x00000000       0x71 .\ARM_GCC_493\Debug\ADC_DAC.a(ADC_SAR_2_INT.o)
 .comment       0x00000000       0x71 .\ARM_GCC_493\Debug\ADC_DAC.a(ADC_SAR_2_theACLK.o)
 .comment       0x00000000       0x71 .\ARM_GCC_493\Debug\ADC_DAC.a(Filter.o)
 .comment       0x00000000       0x71 .\ARM_GCC_493\Debug\ADC_DAC.a(Filter_PVT.o)
 .comment       0x00000000       0x71 .\ARM_GCC_493\Debug\ADC_DAC.a(Filter_RAM_Data.o)
 .comment       0x00000000       0x71 .\ARM_GCC_493\Debug\ADC_DAC.a(Opamp_3.o)
 .comment       0x00000000       0x71 .\ARM_GCC_493\Debug\ADC_DAC.a(SPI_DAC.o)
 .comment       0x00000000       0x71 .\ARM_GCC_493\Debug\ADC_DAC.a(SPI_DAC_IntClock.o)
 .comment       0x00000000       0x71 .\ARM_GCC_493\Debug\ADC_DAC.a(CyFlash.o)
 .comment       0x00000000       0x71 .\ARM_GCC_493\Debug\ADC_DAC.a(CySpc.o)

.debug_weaknames
 *(.debug_weaknames)

.debug_funcnames
 *(.debug_funcnames)

.debug_typenames
 *(.debug_typenames)

.debug_varnames
 *(.debug_varnames)

.note.gnu.arm.ident
 *(.note.gnu.arm.ident)

.ARM.attributes
                0x00000000       0x29
 *(.ARM.attributes)
 .ARM.attributes
                0x00000000       0x1d c:/program files (x86)/cypress/psoc creator/4.0/psoc creator/import/gnu/arm/4.9.3/bin/../lib/gcc/arm-none-eabi/4.9.3/armv7-m/crti.o
 .ARM.attributes
                0x0000001d       0x2d c:/program files (x86)/cypress/psoc creator/4.0/psoc creator/import/gnu/arm/4.9.3/bin/../lib/gcc/arm-none-eabi/4.9.3/armv7-m/crtbegin.o
 .ARM.attributes
                0x0000004a       0x1b c:/program files (x86)/cypress/psoc creator/4.0/psoc creator/import/gnu/arm/4.9.3/bin/../lib/gcc/arm-none-eabi/4.9.3/../../../../arm-none-eabi/lib/armv7-m/crt0.o
 .ARM.attributes
                0x00000065       0x33 .\ARM_GCC_493\Debug\main.o
 .ARM.attributes
                0x00000098       0x33 .\ARM_GCC_493\Debug\cymetadata.o
 .ARM.attributes
                0x000000cb       0x33 .\ARM_GCC_493\Debug\Cm3Start.o
 .ARM.attributes
                0x000000fe       0x33 .\ARM_GCC_493\Debug\ADC_DAC.a(cyfitter_cfg.o)
 .ARM.attributes
                0x00000131       0x33 .\ARM_GCC_493\Debug\ADC_DAC.a(LCD_Char_1.o)
 .ARM.attributes
                0x00000164       0x33 .\ARM_GCC_493\Debug\ADC_DAC.a(LCD_Char_1_CustChars.o)
 .ARM.attributes
                0x00000197       0x33 .\ARM_GCC_493\Debug\ADC_DAC.a(CyDmac.o)
 .ARM.attributes
                0x000001ca       0x33 .\ARM_GCC_493\Debug\ADC_DAC.a(CyLib.o)
 .ARM.attributes
                0x000001fd       0x33 .\ARM_GCC_493\Debug\ADC_DAC.a(cyPm.o)
 .ARM.attributes
                0x00000230       0x33 .\ARM_GCC_493\Debug\ADC_DAC.a(ADC_SAR_1.o)
 .ARM.attributes
                0x00000263       0x33 .\ARM_GCC_493\Debug\ADC_DAC.a(ADC_SAR_1_INT.o)
 .ARM.attributes
                0x00000296       0x33 .\ARM_GCC_493\Debug\ADC_DAC.a(Opamp_1.o)
 .ARM.attributes
                0x000002c9       0x33 .\ARM_GCC_493\Debug\ADC_DAC.a(Opamp_2.o)
 .ARM.attributes
                0x000002fc       0x33 .\ARM_GCC_493\Debug\ADC_DAC.a(ADC_SAR_1_theACLK.o)
 .ARM.attributes
                0x0000032f       0x33 .\ARM_GCC_493\Debug\ADC_DAC.a(ADC_SAR_2.o)
 .ARM.attributes
                0x00000362       0x33 .\ARM_GCC_493\Debug\ADC_DAC.a(ADC_SAR_2_INT.o)
 .ARM.attributes
                0x00000395       0x33 .\ARM_GCC_493\Debug\ADC_DAC.a(ADC_SAR_2_theACLK.o)
 .ARM.attributes
                0x000003c8       0x33 .\ARM_GCC_493\Debug\ADC_DAC.a(Filter.o)
 .ARM.attributes
                0x000003fb       0x33 .\ARM_GCC_493\Debug\ADC_DAC.a(Filter_PVT.o)
 .ARM.attributes
                0x0000042e       0x33 .\ARM_GCC_493\Debug\ADC_DAC.a(Filter_RAM_Data.o)
 .ARM.attributes
                0x00000461       0x33 .\ARM_GCC_493\Debug\ADC_DAC.a(Opamp_3.o)
 .ARM.attributes
                0x00000494       0x33 .\ARM_GCC_493\Debug\ADC_DAC.a(SPI_DAC.o)
 .ARM.attributes
                0x000004c7       0x33 .\ARM_GCC_493\Debug\ADC_DAC.a(SPI_DAC_IntClock.o)
 .ARM.attributes
                0x000004fa       0x21 .\ARM_GCC_493\Debug\ADC_DAC.a(CyBootAsmGnu.o)
 .ARM.attributes
                0x0000051b       0x33 .\ARM_GCC_493\Debug\ADC_DAC.a(CyFlash.o)
 .ARM.attributes
                0x0000054e       0x33 .\ARM_GCC_493\Debug\ADC_DAC.a(CySpc.o)
 .ARM.attributes
                0x00000581       0x1d c:/program files (x86)/cypress/psoc creator/4.0/psoc creator/import/gnu/arm/4.9.3/bin/../lib/gcc/arm-none-eabi/4.9.3/armv7-m\libgcc.a(_arm_addsubsf3.o)
 .ARM.attributes
                0x0000059e       0x1d c:/program files (x86)/cypress/psoc creator/4.0/psoc creator/import/gnu/arm/4.9.3/bin/../lib/gcc/arm-none-eabi/4.9.3/armv7-m\libgcc.a(_arm_muldivsf3.o)
 .ARM.attributes
                0x000005bb       0x1d c:/program files (x86)/cypress/psoc creator/4.0/psoc creator/import/gnu/arm/4.9.3/bin/../lib/gcc/arm-none-eabi/4.9.3/armv7-m\libgcc.a(_aeabi_ldivmod.o)
 .ARM.attributes
                0x000005d8       0x2d c:/program files (x86)/cypress/psoc creator/4.0/psoc creator/import/gnu/arm/4.9.3/bin/../lib/gcc/arm-none-eabi/4.9.3/armv7-m\libgcc.a(bpabi.o)
 .ARM.attributes
                0x00000605       0x1d c:/program files (x86)/cypress/psoc creator/4.0/psoc creator/import/gnu/arm/4.9.3/bin/../lib/gcc/arm-none-eabi/4.9.3/armv7-m\libgcc.a(_dvmd_tls.o)
 .ARM.attributes
                0x00000622       0x2d c:/program files (x86)/cypress/psoc creator/4.0/psoc creator/import/gnu/arm/4.9.3/bin/../lib/gcc/arm-none-eabi/4.9.3/armv7-m\libgcc.a(_divdi3.o)
 .ARM.attributes
                0x0000064f       0x2d c:/program files (x86)/cypress/psoc creator/4.0/psoc creator/import/gnu/arm/4.9.3/bin/../lib/gcc/arm-none-eabi/4.9.3/armv7-m\libgcc.a(_udivdi3.o)
 .ARM.attributes
                0x0000067c       0x2d c:/program files (x86)/cypress/psoc creator/4.0/psoc creator/import/gnu/arm/4.9.3/bin/../lib/gcc/arm-none-eabi/4.9.3/../../../../arm-none-eabi/lib/armv7-m\libg_nano.a(lib_a-errno.o)
 .ARM.attributes
                0x000006a9       0x2d c:/program files (x86)/cypress/psoc creator/4.0/psoc creator/import/gnu/arm/4.9.3/bin/../lib/gcc/arm-none-eabi/4.9.3/../../../../arm-none-eabi/lib/armv7-m\libg_nano.a(lib_a-exit.o)
 .ARM.attributes
                0x000006d6       0x2d c:/program files (x86)/cypress/psoc creator/4.0/psoc creator/import/gnu/arm/4.9.3/bin/../lib/gcc/arm-none-eabi/4.9.3/../../../../arm-none-eabi/lib/armv7-m\libg_nano.a(lib_a-impure.o)
 .ARM.attributes
                0x00000703       0x2d c:/program files (x86)/cypress/psoc creator/4.0/psoc creator/import/gnu/arm/4.9.3/bin/../lib/gcc/arm-none-eabi/4.9.3/../../../../arm-none-eabi/lib/armv7-m\libg_nano.a(lib_a-init.o)
 .ARM.attributes
                0x00000730       0x2d c:/program files (x86)/cypress/psoc creator/4.0/psoc creator/import/gnu/arm/4.9.3/bin/../lib/gcc/arm-none-eabi/4.9.3/../../../../arm-none-eabi/lib/armv7-m\libg_nano.a(lib_a-memcpy.o)
 .ARM.attributes
                0x0000075d       0x2d c:/program files (x86)/cypress/psoc creator/4.0/psoc creator/import/gnu/arm/4.9.3/bin/../lib/gcc/arm-none-eabi/4.9.3/../../../../arm-none-eabi/lib/armv7-m\libg_nano.a(lib_a-memset.o)
 .ARM.attributes
                0x0000078a       0x2d c:/program files (x86)/cypress/psoc creator/4.0/psoc creator/import/gnu/arm/4.9.3/bin/../lib/gcc/arm-none-eabi/4.9.3/armv7-m/crtend.o
 .ARM.attributes
                0x000007b7       0x1d c:/program files (x86)/cypress/psoc creator/4.0/psoc creator/import/gnu/arm/4.9.3/bin/../lib/gcc/arm-none-eabi/4.9.3/armv7-m/crtn.o

/DISCARD/
 *(.note.GNU-stack)
OUTPUT(.\ARM_GCC_493\Debug\ADC_DAC.elf elf32-littlearm)
